Archive member included to satisfy reference by file (symbol)

c:/nxp/s32ds.3.6.4/s32ds/build_tools/gcc_v11.4/gcc-11.4-arm32-eabi/bin/../lib/gcc/arm-none-eabi/11.4.0/../../../../arm-none-eabi/lib/thumb/v7e-m/nofp\libc_nano.a(lib_a-exit.o)
                              c:/nxp/s32ds.3.6.4/s32ds/build_tools/gcc_v11.4/gcc-11.4-arm32-eabi/bin/../lib/gcc/arm-none-eabi/11.4.0/../../../../arm-none-eabi/lib/thumb/v7e-m/nofp/rdimon-crt0.o (exit)
c:/nxp/s32ds.3.6.4/s32ds/build_tools/gcc_v11.4/gcc-11.4-arm32-eabi/bin/../lib/gcc/arm-none-eabi/11.4.0/../../../../arm-none-eabi/lib/thumb/v7e-m/nofp\libc_nano.a(lib_a-impure.o)
                              c:/nxp/s32ds.3.6.4/s32ds/build_tools/gcc_v11.4/gcc-11.4-arm32-eabi/bin/../lib/gcc/arm-none-eabi/11.4.0/../../../../arm-none-eabi/lib/thumb/v7e-m/nofp\libc_nano.a(lib_a-exit.o) (_global_impure_ptr)
c:/nxp/s32ds.3.6.4/s32ds/build_tools/gcc_v11.4/gcc-11.4-arm32-eabi/bin/../lib/gcc/arm-none-eabi/11.4.0/../../../../arm-none-eabi/lib/thumb/v7e-m/nofp\libc_nano.a(lib_a-init.o)
                              c:/nxp/s32ds.3.6.4/s32ds/build_tools/gcc_v11.4/gcc-11.4-arm32-eabi/bin/../lib/gcc/arm-none-eabi/11.4.0/../../../../arm-none-eabi/lib/thumb/v7e-m/nofp/rdimon-crt0.o (__libc_init_array)
c:/nxp/s32ds.3.6.4/s32ds/build_tools/gcc_v11.4/gcc-11.4-arm32-eabi/bin/../lib/gcc/arm-none-eabi/11.4.0/../../../../arm-none-eabi/lib/thumb/v7e-m/nofp\libc_nano.a(lib_a-memcpy-stub.o)
                              ./src/src/Queue.o (memcpy)
c:/nxp/s32ds.3.6.4/s32ds/build_tools/gcc_v11.4/gcc-11.4-arm32-eabi/bin/../lib/gcc/arm-none-eabi/11.4.0/../../../../arm-none-eabi/lib/thumb/v7e-m/nofp\libc_nano.a(lib_a-memset.o)
                              c:/nxp/s32ds.3.6.4/s32ds/build_tools/gcc_v11.4/gcc-11.4-arm32-eabi/bin/../lib/gcc/arm-none-eabi/11.4.0/../../../../arm-none-eabi/lib/thumb/v7e-m/nofp/rdimon-crt0.o (memset)
c:/nxp/s32ds.3.6.4/s32ds/build_tools/gcc_v11.4/gcc-11.4-arm32-eabi/bin/../lib/gcc/arm-none-eabi/11.4.0/../../../../arm-none-eabi/lib/thumb/v7e-m/nofp\libc_nano.a(lib_a-strlen.o)
                              ./src/src/app.o (strlen)
c:/nxp/s32ds.3.6.4/s32ds/build_tools/gcc_v11.4/gcc-11.4-arm32-eabi/bin/../lib/gcc/arm-none-eabi/11.4.0/../../../../arm-none-eabi/lib/thumb/v7e-m/nofp\librdimon_nano.a(rdimon-syscalls.o)
                              c:/nxp/s32ds.3.6.4/s32ds/build_tools/gcc_v11.4/gcc-11.4-arm32-eabi/bin/../lib/gcc/arm-none-eabi/11.4.0/../../../../arm-none-eabi/lib/thumb/v7e-m/nofp/rdimon-crt0.o (initialise_monitor_handles)
c:/nxp/s32ds.3.6.4/s32ds/build_tools/gcc_v11.4/gcc-11.4-arm32-eabi/bin/../lib/gcc/arm-none-eabi/11.4.0/../../../../arm-none-eabi/lib/thumb/v7e-m/nofp\librdimon_nano.a(rdimon-_exit.o)
                              c:/nxp/s32ds.3.6.4/s32ds/build_tools/gcc_v11.4/gcc-11.4-arm32-eabi/bin/../lib/gcc/arm-none-eabi/11.4.0/../../../../arm-none-eabi/lib/thumb/v7e-m/nofp\libc_nano.a(lib_a-exit.o) (_exit)
c:/nxp/s32ds.3.6.4/s32ds/build_tools/gcc_v11.4/gcc-11.4-arm32-eabi/bin/../lib/gcc/arm-none-eabi/11.4.0/../../../../arm-none-eabi/lib/thumb/v7e-m/nofp\librdimon_nano.a(rdimon-_kill.o)
                              c:/nxp/s32ds.3.6.4/s32ds/build_tools/gcc_v11.4/gcc-11.4-arm32-eabi/bin/../lib/gcc/arm-none-eabi/11.4.0/../../../../arm-none-eabi/lib/thumb/v7e-m/nofp\librdimon_nano.a(rdimon-_exit.o) (_kill_shared)
c:/nxp/s32ds.3.6.4/s32ds/build_tools/gcc_v11.4/gcc-11.4-arm32-eabi/bin/../lib/gcc/arm-none-eabi/11.4.0/../../../../arm-none-eabi/lib/thumb/v7e-m/nofp\libc_nano.a(lib_a-errno.o)
                              c:/nxp/s32ds.3.6.4/s32ds/build_tools/gcc_v11.4/gcc-11.4-arm32-eabi/bin/../lib/gcc/arm-none-eabi/11.4.0/../../../../arm-none-eabi/lib/thumb/v7e-m/nofp\librdimon_nano.a(rdimon-syscalls.o) (__errno)
c:/nxp/s32ds.3.6.4/s32ds/build_tools/gcc_v11.4/gcc-11.4-arm32-eabi/bin/../lib/gcc/arm-none-eabi/11.4.0/../../../../arm-none-eabi/lib/thumb/v7e-m/nofp\libc_nano.a(lib_a-findfp.o)
                              c:/nxp/s32ds.3.6.4/s32ds/build_tools/gcc_v11.4/gcc-11.4-arm32-eabi/bin/../lib/gcc/arm-none-eabi/11.4.0/../../../../arm-none-eabi/lib/thumb/v7e-m/nofp\librdimon_nano.a(rdimon-syscalls.o) (__sinit)
c:/nxp/s32ds.3.6.4/s32ds/build_tools/gcc_v11.4/gcc-11.4-arm32-eabi/bin/../lib/gcc/arm-none-eabi/11.4.0/../../../../arm-none-eabi/lib/thumb/v7e-m/nofp\libc_nano.a(lib_a-fwalk.o)
                              c:/nxp/s32ds.3.6.4/s32ds/build_tools/gcc_v11.4/gcc-11.4-arm32-eabi/bin/../lib/gcc/arm-none-eabi/11.4.0/../../../../arm-none-eabi/lib/thumb/v7e-m/nofp\libc_nano.a(lib_a-findfp.o) (_fwalk_reent)
c:/nxp/s32ds.3.6.4/s32ds/build_tools/gcc_v11.4/gcc-11.4-arm32-eabi/bin/../lib/gcc/arm-none-eabi/11.4.0/../../../../arm-none-eabi/lib/thumb/v7e-m/nofp\libc_nano.a(lib_a-nano-mallocr.o)
                              c:/nxp/s32ds.3.6.4/s32ds/build_tools/gcc_v11.4/gcc-11.4-arm32-eabi/bin/../lib/gcc/arm-none-eabi/11.4.0/../../../../arm-none-eabi/lib/thumb/v7e-m/nofp\libc_nano.a(lib_a-findfp.o) (_malloc_r)
[...]
Memory Configuration

Name             Origin             Length             Attributes
m_interrupts     0x00000000         0x00000400         xr
m_flash_config   0x00000400         0x00000010         xr
m_text           0x00000410         0x0007fbf0         xr
m_data           0x1fff8000         0x00008000         rw
m_data_2         0x20000000         0x00007000         rw
*default*        0x00000000         0xffffffff

Linker script and memory map

LOAD c:/nxp/s32ds.3.6.4/s32ds/build_tools/gcc_v11.4/gcc-11.4-arm32-eabi/bin/../lib/gcc/arm-none-eabi/11.4.0/thumb/v7e-m/nofp/crti.o
LOAD c:/nxp/s32ds.3.6.4/s32ds/build_tools/gcc_v11.4/gcc-11.4-arm32-eabi/bin/../lib/gcc/arm-none-eabi/11.4.0/thumb/v7e-m/nofp/crtbegin.o
LOAD c:/nxp/s32ds.3.6.4/s32ds/build_tools/gcc_v11.4/gcc-11.4-arm32-eabi/bin/../lib/gcc/arm-none-eabi/11.4.0/../../../../arm-none-eabi/lib/thumb/v7e-m/nofp/rdimon-crt0.o
LOAD ./Project_Settings/Startup_Code/startup.o
LOAD ./Project_Settings/Startup_Code/startup_S32K144.o
LOAD ./Project_Settings/Startup_Code/system_S32K144.o
LOAD ./src/main.o
LOAD ./src/src/Bootloader.o
LOAD ./src/src/Driver_GPIO.o
LOAD ./src/src/Driver_USART.o
LOAD ./src/src/FLASH.o
LOAD ./src/src/HAL_GPIO.o
LOAD ./src/src/HAL_USART.o
LOAD ./src/src/Queue.o
LOAD ./src/src/app.o
LOAD ./src/src/clocks_and_modes.o
LOAD ./src/src/srec.o
START GROUP
LOAD c:/nxp/s32ds.3.6.4/s32ds/build_tools/gcc_v11.4/gcc-11.4-arm32-eabi/bin/../lib/gcc/arm-none-eabi/11.4.0/thumb/v7e-m/nofp\libgcc.a
LOAD c:/nxp/s32ds.3.6.4/s32ds/build_tools/gcc_v11.4/gcc-11.4-arm32-eabi/bin/../lib/gcc/arm-none-eabi/11.4.0/../../../../arm-none-eabi/lib/thumb/v7e-m/nofp\libc_nano.a
END GROUP
START GROUP
LOAD c:/nxp/s32ds.3.6.4/s32ds/build_tools/gcc_v11.4/gcc-11.4-arm32-eabi/bin/../lib/gcc/arm-none-eabi/11.4.0/thumb/v7e-m/nofp\libgcc.a
LOAD c:/nxp/s32ds.3.6.4/s32ds/build_tools/gcc_v11.4/gcc-11.4-arm32-eabi/bin/../lib/gcc/arm-none-eabi/11.4.0/../../../../arm-none-eabi/lib/thumb/v7e-m/nofp\libc_nano.a
LOAD c:/nxp/s32ds.3.6.4/s32ds/build_tools/gcc_v11.4/gcc-11.4-arm32-eabi/bin/../lib/gcc/arm-none-eabi/11.4.0/../../../../arm-none-eabi/lib/thumb/v7e-m/nofp\librdimon_nano.a
END GROUP
START GROUP
LOAD c:/nxp/s32ds.3.6.4/s32ds/build_tools/gcc_v11.4/gcc-11.4-arm32-eabi/bin/../lib/gcc/arm-none-eabi/11.4.0/thumb/v7e-m/nofp\libgcc.a
LOAD c:/nxp/s32ds.3.6.4/s32ds/build_tools/gcc_v11.4/gcc-11.4-arm32-eabi/bin/../lib/gcc/arm-none-eabi/11.4.0/../../../../arm-none-eabi/lib/thumb/v7e-m/nofp\libc_nano.a
LOAD c:/nxp/s32ds.3.6.4/s32ds/build_tools/gcc_v11.4/gcc-11.4-arm32-eabi/bin/../lib/gcc/arm-none-eabi/11.4.0/../../../../arm-none-eabi/lib/thumb/v7e-m/nofp\librdimon_nano.a
END GROUP
LOAD c:/nxp/s32ds.3.6.4/s32ds/build_tools/gcc_v11.4/gcc-11.4-arm32-eabi/bin/../lib/gcc/arm-none-eabi/11.4.0/thumb/v7e-m/nofp/crtend.o
LOAD c:/nxp/s32ds.3.6.4/s32ds/build_tools/gcc_v11.4/gcc-11.4-arm32-eabi/bin/../lib/gcc/arm-none-eabi/11.4.0/thumb/v7e-m/nofp/crtn.o
                0x00000400                HEAP_SIZE = DEFINED (__heap_size__)?__heap_size__:0x400
                0x00000400                STACK_SIZE = DEFINED (__stack_size__)?__stack_size__:0x400
                0x00000400                M_VECTOR_RAM_SIZE = DEFINED (__flash_vector_table__)?0x0:0x400

.interrupts     0x00000000      0x400
                0x00000000                __VECTOR_TABLE = .
                0x00000000                __interrupts_start__ = .
                0x00000000                . = ALIGN (0x4)
 *(.isr_vector)
 .isr_vector    0x00000000      0x400 ./Project_Settings/Startup_Code/startup_S32K144.o
                0x00000000                __isr_vector
                0x00000400                __interrupts_end__ = .
                0x00000400                . = ALIGN (0x4)

.flash_config   0x00000400       0x10
                0x00000400                . = ALIGN (0x4)
 *(.FlashConfig)
 .FlashConfig   0x00000400       0x10 ./Project_Settings/Startup_Code/startup_S32K144.o
                0x00000410                . = ALIGN (0x4)

.text           0x00000410     0x34b8
                0x00000410                . = ALIGN (0x4)
 *(.text)
 .text          0x00000410       0x88 c:/nxp/s32ds.3.6.4/s32ds/build_tools/gcc_v11.4/gcc-11.4-arm32-eabi/bin/../lib/gcc/arm-none-eabi/11.4.0/thumb/v7e-m/nofp/crtbegin.o
 .text          0x00000498       0xf8 c:/nxp/s32ds.3.6.4/s32ds/build_tools/gcc_v11.4/gcc-11.4-arm32-eabi/bin/../lib/gcc/arm-none-eabi/11.4.0/../../../../arm-none-eabi/lib/thumb/v7e-m/nofp/rdimon-crt0.o
                0x00000498                _stack_init
                0x000004a4                _start
                0x000004a4                _mainCRTStartup
 .text          0x00000590       0x6c ./Project_Settings/Startup_Code/startup_S32K144.o
                0x00000590                Reset_Handler
                0x000005f8                DebugMon_Handler
                0x000005f8                Reserved88_IRQHandler
                0x000005f8                CAN0_ORed_IRQHandler
                0x000005f8                HardFault_Handler
                0x000005f8                Reserved86_IRQHandler
                0x000005f8                Reserved103_IRQHandler
                0x000005f8                SysTick_Handler
                0x000005f8                FTM2_Ovf_Reload_IRQHandler
                0x000005f8                Reserved50_IRQHandler
                0x000005f8                FTFC_Fault_IRQHandler
                0x000005f8                FTM0_Ch6_Ch7_IRQHandler
                0x000005f8                Reserved114_IRQHandler
                0x000005f8                PendSV_Handler
                0x000005f8                NMI_Handler
                0x000005f8                Reserved89_IRQHandler
                0x000005f8                ERM_double_fault_IRQHandler
                0x000005f8                DMA2_IRQHandler
                0x000005f8                Reserved59_IRQHandler
                0x000005f8                LPIT0_Ch0_IRQHandler
                0x000005f8                Reserved99_IRQHandler
                0x000005f8                FTM3_Ch6_Ch7_IRQHandler
                0x000005f8                CAN2_ORed_0_15_MB_IRQHandler
                0x000005f8                LPIT0_Ch3_IRQHandler
                0x000005f8                Reserved92_IRQHandler
                0x000005f8                FTM0_Ch4_Ch5_IRQHandler
                0x000005f8                CAN1_Error_IRQHandler
                0x000005f8                FTM3_Ch0_Ch1_IRQHandler
                0x000005f8                SWI_IRQHandler
                0x000005f8                ADC0_IRQHandler
                0x000005f8                FTM2_Ch4_Ch5_IRQHandler
                0x000005f8                UsageFault_Handler
                0x000005f8                FTM0_Ovf_Reload_IRQHandler
                0x000005f8                DefaultISR
                0x000005f8                DMA9_IRQHandler
                0x000005f8                Reserved58_IRQHandler
                0x000005f8                CAN1_ORed_0_15_MB_IRQHandler
                0x000005f8                FTM1_Ch2_Ch3_IRQHandler
                0x000005f8                DMA14_IRQHandler
                0x000005f8                Reserved82_IRQHandler
                0x000005f8                CAN0_ORed_16_31_MB_IRQHandler
                0x000005f8                LPI2C0_Slave_IRQHandler
                0x000005f8                Reserved71_IRQHandler
                0x000005f8                PORTD_IRQHandler
                0x000005f8                Reserved69_IRQHandler
                0x000005f8                PORTB_IRQHandler
                0x000005f8                Reserved70_IRQHandler
                0x000005f8                ADC1_IRQHandler
                0x000005f8                FTM2_Ch2_Ch3_IRQHandler
                0x000005f8                Reserved53_IRQHandler
                0x000005f8                DMA5_IRQHandler
                0x000005f8                RTC_IRQHandler
                0x000005f8                PDB0_IRQHandler
                0x000005f8                Reserved54_IRQHandler
                0x000005f8                FTM2_Ch6_Ch7_IRQHandler
                0x000005f8                FTM3_Ch2_Ch3_IRQHandler
                0x000005f8                FTM2_Ch0_Ch1_IRQHandler
                0x000005f8                LPSPI1_IRQHandler
                0x000005f8                RTC_Seconds_IRQHandler
                0x000005f8                CAN2_ORed_IRQHandler
                0x000005f8                Reserved72_IRQHandler
                0x000005f8                Reserved110_IRQHandler
                0x000005f8                DMA11_IRQHandler
                0x000005f8                Reserved107_IRQHandler
                0x000005f8                Read_Collision_IRQHandler
                0x000005f8                CAN2_Error_IRQHandler
                0x000005f8                DMA7_IRQHandler
                0x000005f8                FTM1_Ch6_Ch7_IRQHandler
                0x000005f8                Reserved105_IRQHandler
                0x000005f8                LPIT0_Ch1_IRQHandler
                0x000005f8                FTM1_Ch4_Ch5_IRQHandler
                0x000005f8                FTM3_Ovf_Reload_IRQHandler
                0x000005f8                LPUART2_RxTx_IRQHandler
                0x000005f8                LPSPI0_IRQHandler
                0x000005f8                WDOG_EWM_IRQHandler
                0x000005f8                MemManage_Handler
                0x000005f8                Reserved90_IRQHandler
                0x000005f8                Reserved83_IRQHandler
                0x000005f8                FTM0_Fault_IRQHandler
                0x000005f8                Reserved48_IRQHandler
                0x000005f8                SVC_Handler
                0x000005f8                ERM_single_fault_IRQHandler
                0x000005f8                FTM2_Fault_IRQHandler
                0x000005f8                FTM0_Ch2_Ch3_IRQHandler
                0x000005f8                DMA13_IRQHandler
                0x000005f8                FTM0_Ch0_Ch1_IRQHandler
                0x000005f8                FTM3_Fault_IRQHandler
                0x000005f8                RCM_IRQHandler
                0x000005f8                DMA3_IRQHandler
                0x000005f8                Reserved100_IRQHandler
                0x000005f8                DMA0_IRQHandler
                0x000005f8                Reserved91_IRQHandler
                0x000005f8                CAN1_ORed_IRQHandler
                0x000005f8                DMA15_IRQHandler
                0x000005f8                SCG_IRQHandler
                0x000005f8                PDB1_IRQHandler
                0x000005f8                Reserved81_IRQHandler
                0x000005f8                Reserved46_IRQHandler
                0x000005f8                Reserved45_IRQHandler
                0x000005f8                CAN0_Error_IRQHandler
                0x000005f8                Reserved112_IRQHandler
                0x000005f8                LPI2C0_Master_IRQHandler
                0x000005f8                DMA4_IRQHandler
                0x000005f8                FTM1_Fault_IRQHandler
                0x000005f8                Reserved106_IRQHandler
                0x000005f8                DMA_Error_IRQHandler
                0x000005f8                LVD_LVW_IRQHandler
                0x000005f8                LPIT0_Ch2_IRQHandler
                0x000005f8                PORTA_IRQHandler
                0x000005f8                MCM_IRQHandler
                0x000005f8                LPSPI2_IRQHandler
                0x000005f8                DMA12_IRQHandler
                0x000005f8                FTM3_Ch4_Ch5_IRQHandler
                0x000005f8                CAN0_ORed_0_15_MB_IRQHandler
                0x000005f8                PORTE_IRQHandler
                0x000005f8                LPUART0_RxTx_IRQHandler
                0x000005f8                LPTMR0_IRQHandler
                0x000005f8                BusFault_Handler
                0x000005f8                Reserved87_IRQHandler
                0x000005f8                FTM1_Ovf_Reload_IRQHandler
                0x000005f8                DMA8_IRQHandler
                0x000005f8                Reserved93_IRQHandler
                0x000005f8                DMA10_IRQHandler
                0x000005f8                CAN0_Wake_Up_IRQHandler
                0x000005f8                CMP0_IRQHandler
                0x000005f8                Reserved52_IRQHandler
                0x000005f8                PORTC_IRQHandler
                0x000005f8                DMA6_IRQHandler
                0x000005f8                FTM1_Ch0_Ch1_IRQHandler
                0x000005f8                FLEXIO_IRQHandler
                0x000005f8                DMA1_IRQHandler
                0x000005f8                Reserved113_IRQHandler
 .text          0x000005fc       0x10 c:/nxp/s32ds.3.6.4/s32ds/build_tools/gcc_v11.4/gcc-11.4-arm32-eabi/bin/../lib/gcc/arm-none-eabi/11.4.0/../../../../arm-none-eabi/lib/thumb/v7e-m/nofp\libc_nano.a(lib_a-strlen.o)
                0x000005fc                strlen
                0x0000060c                acmem_43_infls_code_rom_start = .
                0x0000060c                acfls_code_rom_start = .
                0x0000060c                . = ALIGN (0x4)
 *(.acfls_code_rom)
                0x0000060c                . = ALIGN (0x4)
                0x0000060c                acfls_code_rom_end = .
 *(.acmem_43_infls_code_rom)
 .acmem_43_infls_code_rom
                0x0000060c       0x24 ./src/src/FLASH.o
                0x0000060c                Ftfc_AccessCode
                0x00000630                . = ALIGN (0x4)
                0x00000630                acmem_43_infls_code_rom_end = .
 *(.text*)
 .text.init_data_bss
                0x00000630      0x128 ./Project_Settings/Startup_Code/startup.o
                0x00000630                init_data_bss
 .text.SystemInit
                0x00000758       0x30 ./Project_Settings/Startup_Code/system_S32K144.o
                0x00000758                SystemInit
 .text.WDOG_disable
                0x00000788       0x2c ./src/main.o
                0x00000788                WDOG_disable
 .text.App_InitClock
                0x000007b4       0x14 ./src/main.o
                0x000007b4                App_InitClock
 .text.Boot_PinInit
                0x000007c8       0x2c ./src/main.o
                0x000007c8                Boot_PinInit
 .text.Bootloader_IsBootModeByPin
                0x000007f4       0x18 ./src/main.o
                0x000007f4                Bootloader_IsBootModeByPin
 .text.Boot_ProcessOneQueuedLine
                0x0000080c       0xb4 ./src/main.o
 .text.main     0x000008c0      0x270 ./src/main.o
                0x000008c0                main
 .text.PhraseCache_Reset
                0x00000b30       0x36 ./src/src/Bootloader.o
 .text.Bootloader_IsAddressInRange
                0x00000b66       0x30 ./src/src/Bootloader.o
 .text.PhraseCache_IsAlreadyProgrammedSame
                0x00000b96       0xa2 ./src/src/Bootloader.o
 .text.PhraseCache_Flush
                0x00000c38       0x70 ./src/src/Bootloader.o
 .text.Bootloader_StreamBegin
                0x00000ca8       0x1c ./src/src/Bootloader.o
 .text.Bootloader_StreamEnd
                0x00000cc4       0x20 ./src/src/Bootloader.o
 .text.Bootloader_StreamWrite
                0x00000ce4       0xfc ./src/src/Bootloader.o
 .text.Bootloader_IsUserAppValid
                0x00000de0       0x88 ./src/src/Bootloader.o
                0x00000de0                Bootloader_IsUserAppValid
 .text.Bootloader_JumpToUserApp
                0x00000e68       0x44 ./src/src/Bootloader.o
                0x00000e68                Bootloader_JumpToUserApp
 .text.Bootloader_HandleRecord
                0x00000eac       0x7c ./src/src/Bootloader.o
                0x00000eac                Bootloader_HandleRecord
 .text.GPIO_Setup
                0x00000f28       0x3a ./src/src/Driver_GPIO.o
 .text.GPIO_SetDirection
                0x00000f62       0x3e ./src/src/Driver_GPIO.o
 .text.GPIO_SetOutputMode
                0x00000fa0       0x3e ./src/src/Driver_GPIO.o
 .text.GPIO_SetPullResistor
                0x00000fde       0x3e ./src/src/Driver_GPIO.o
 .text.GPIO_SetEventTrigger
                0x0000101c       0x3e ./src/src/Driver_GPIO.o
 .text.GPIO_SetOutput
                0x0000105a       0x2a ./src/src/Driver_GPIO.o
 .text.GPIO_GetInput
                0x00001084       0x2e ./src/src/Driver_GPIO.o
 *fill*         0x000010b2        0x2 
 .text.ARM_USART_GetVersion
                0x000010b4       0x28 ./src/src/Driver_USART.o
 .text.ARM_USART_GetCapabilities
                0x000010dc       0x12 ./src/src/Driver_USART.o
 .text.ARM_USART_Initialize
                0x000010ee       0x1a ./src/src/Driver_USART.o
 .text.ARM_USART_Uninitialize
                0x00001108       0x16 ./src/src/Driver_USART.o
 .text.ARM_USART_PowerControl
                0x0000111e       0x4e ./src/src/Driver_USART.o
 .text.ARM_USART_Send
                0x0000116c       0x1e ./src/src/Driver_USART.o
 .text.ARM_USART_Receive
                0x0000118a       0x1e ./src/src/Driver_USART.o
 .text.ARM_USART_Transfer
                0x000011a8       0x22 ./src/src/Driver_USART.o
 .text.ARM_USART_GetTxCount
                0x000011ca       0x16 ./src/src/Driver_USART.o
 .text.ARM_USART_GetRxCount
                0x000011e0       0x16 ./src/src/Driver_USART.o
 .text.ARM_USART_Control
                0x000011f6       0x1e ./src/src/Driver_USART.o
 .text.ARM_USART_GetStatus
                0x00001214       0x18 ./src/src/Driver_USART.o
 .text.ARM_USART_SetModemControl
                0x0000122c       0x1e ./src/src/Driver_USART.o
 .text.ARM_USART_GetModemStatus
                0x0000124a       0x18 ./src/src/Driver_USART.o
 .text.Read_FlashAddress
                0x00001262       0x16 ./src/src/FLASH.o
                0x00001262                Read_FlashAddress
 .text.Mem_43_INFLS_IPW_LoadAc
                0x00001278       0x54 ./src/src/FLASH.o
                0x00001278                Mem_43_INFLS_IPW_LoadAc
 .text.Program_LongWord_8B
                0x000012cc       0xac ./src/src/FLASH.o
                0x000012cc                Program_LongWord_8B
 .text.Erase_Sector
                0x00001378       0x5c ./src/src/FLASH.o
                0x00001378                Erase_Sector
 .text.Erase_Multi_Sector
                0x000013d4       0x3a ./src/src/FLASH.o
                0x000013d4                Erase_Multi_Sector
 .text.FTFC_IRQHandler
                0x0000140e        0xc ./src/src/FLASH.o
                0x0000140e                FTFC_IRQHandler
 *fill*         0x0000141a        0x2 
 .text.HAL_GPIO_GetMap
                0x0000141c       0x5c ./src/src/HAL_GPIO.o
 .text.HAL_GPIO_EnablePortClock
                0x00001478       0x54 ./src/src/HAL_GPIO.o
 .text.HAL_GPIO_Setup
                0x000014cc       0x6c ./src/src/HAL_GPIO.o
                0x000014cc                HAL_GPIO_Setup
 .text.HAL_GPIO_SetDirection
                0x00001538       0x74 ./src/src/HAL_GPIO.o
                0x00001538                HAL_GPIO_SetDirection
 .text.HAL_GPIO_SetOutputMode
                0x000015ac       0x36 ./src/src/HAL_GPIO.o
                0x000015ac                HAL_GPIO_SetOutputMode
 .text.HAL_GPIO_SetPullResistor
                0x000015e2       0x7e ./src/src/HAL_GPIO.o
                0x000015e2                HAL_GPIO_SetPullResistor
 .text.HAL_GPIO_SetEventTrigger
                0x00001660       0x5e ./src/src/HAL_GPIO.o
                0x00001660                HAL_GPIO_SetEventTrigger
 .text.HAL_GPIO_Write
                0x000016be       0x4a ./src/src/HAL_GPIO.o
                0x000016be                HAL_GPIO_Write
 .text.HAL_GPIO_Read
                0x00001708       0x38 ./src/src/HAL_GPIO.o
                0x00001708                HAL_GPIO_Read
 .text.LPUART1_RxTx_IRQHandler
                0x00001740      0x130 ./src/src/HAL_USART.o
                0x00001740                LPUART1_RxTx_IRQHandler
 .text.LPUART1_IrqEnable
                0x00001870       0x54 ./src/src/HAL_USART.o
                0x00001870                LPUART1_IrqEnable
 .text.HAL_ARM_USART_Initialize
                0x000018c4      0x108 ./src/src/HAL_USART.o
                0x000018c4                HAL_ARM_USART_Initialize
 .text.HAL_ARM_USART_Uninitialize
                0x000019cc       0x88 ./src/src/HAL_USART.o
                0x000019cc                HAL_ARM_USART_Uninitialize
 .text.HAL_ARM_USART_Control
                0x00001a54      0x26c ./src/src/HAL_USART.o
                0x00001a54                HAL_ARM_USART_Control
 .text.HAL_ARM_UART_PowerControl
                0x00001cc0       0xac ./src/src/HAL_USART.o
                0x00001cc0                HAL_ARM_UART_PowerControl
 .text.HAL_ARM_USART_Send
                0x00001d6c       0xd8 ./src/src/HAL_USART.o
                0x00001d6c                HAL_ARM_USART_Send
 .text.HAL_ARM_USART_Receive
                0x00001e44       0xb4 ./src/src/HAL_USART.o
                0x00001e44                HAL_ARM_USART_Receive
 .text.HAL_ARM_USART_Transfer
                0x00001ef8       0x1e ./src/src/HAL_USART.o
                0x00001ef8                HAL_ARM_USART_Transfer
 *fill*         0x00001f16        0x2 
 .text.HAL_ARM_USART_GetTxCount
                0x00001f18       0x20 ./src/src/HAL_USART.o
                0x00001f18                HAL_ARM_USART_GetTxCount
 .text.HAL_ARM_USART_GetRxCount
                0x00001f38       0x20 ./src/src/HAL_USART.o
                0x00001f38                HAL_ARM_USART_GetRxCount
 .text.HAL_ARM_USART_GetStatus
                0x00001f58       0x1c ./src/src/HAL_USART.o
                0x00001f58                HAL_ARM_USART_GetStatus
 .text.HAL_ARM_USART_SetModemControl
                0x00001f74       0x1c ./src/src/HAL_USART.o
                0x00001f74                HAL_ARM_USART_SetModemControl
 .text.HAL_ARM_USART_GetModemStatus
                0x00001f90       0x32 ./src/src/HAL_USART.o
                0x00001f90                HAL_ARM_USART_GetModemStatus
 .text.Queue_Srec_MinU32
                0x00001fc2       0x28 ./src/src/Queue.o
 .text.Queue_Srec_Init
                0x00001fea       0x2e ./src/src/Queue.o
                0x00001fea                Queue_Srec_Init
 .text.Queue_Srec_IsEmpty
                0x00002018       0x44 ./src/src/Queue.o
                0x00002018                Queue_Srec_IsEmpty
 .text.Queue_Srec_IsFull
                0x0000205c       0x44 ./src/src/Queue.o
                0x0000205c                Queue_Srec_IsFull
 .text.Queue_Srec_Push
                0x000020a0       0xc0 ./src/src/Queue.o
                0x000020a0                Queue_Srec_Push
 .text.Queue_Srec_Pop
                0x00002160      0x132 ./src/src/Queue.o
                0x00002160                Queue_Srec_Pop
 *fill*         0x00002292        0x2 
 .text.USART1_SignalEvent
                0x00002294       0x24 ./src/src/app.o
                0x00002294                USART1_SignalEvent
 .text.App_SendString
                0x000022b8       0x54 ./src/src/app.o
                0x000022b8                App_SendString
 .text.SOSC_init_8MHz
                0x0000230c       0x4c ./src/src/clocks_and_modes.o
                0x0000230c                SOSC_init_8MHz
 .text.SPLL_init_160MHz
                0x00002358       0x80 ./src/src/clocks_and_modes.o
                0x00002358                SPLL_init_160MHz
 .text.NormalRUNmode_80MHz
                0x000023d8       0x38 ./src/src/clocks_and_modes.o
                0x000023d8                NormalRUNmode_80MHz
 .text.Srec_HexCharToVal
                0x00002410       0x7a ./src/src/srec.o
 .text.Srec_HexToByte
                0x0000248a       0x72 ./src/src/srec.o
 .text.Srec_LineLen
                0x000024fc       0x4a ./src/src/srec.o
                0x000024fc                Srec_LineLen
 *fill*         0x00002546        0x2 
 .text.Srec_ParseSrecLine
                0x00002548      0x368 ./src/src/srec.o
                0x00002548                Srec_ParseSrecLine
 .text.exit     0x000028b0       0x28 c:/nxp/s32ds.3.6.4/s32ds/build_tools/gcc_v11.4/gcc-11.4-arm32-eabi/bin/../lib/gcc/arm-none-eabi/11.4.0/../../../../arm-none-eabi/lib/thumb/v7e-m/nofp\libc_nano.a(lib_a-exit.o)
                0x000028b0                exit
 .text.__libc_init_array
                0x000028d8       0x48 c:/nxp/s32ds.3.6.4/s32ds/build_tools/gcc_v11.4/gcc-11.4-arm32-eabi/bin/../lib/gcc/arm-none-eabi/11.4.0/../../../../arm-none-eabi/lib/thumb/v7e-m/nofp\libc_nano.a(lib_a-init.o)
                0x000028d8                __libc_init_array
 .text.memcpy   0x00002920       0x1c c:/nxp/s32ds.3.6.4/s32ds/build_tools/gcc_v11.4/gcc-11.4-arm32-eabi/bin/../lib/gcc/arm-none-eabi/11.4.0/../../../../arm-none-eabi/lib/thumb/v7e-m/nofp\libc_nano.a(lib_a-memcpy-stub.o)
                0x00002920                memcpy
 .text.memset   0x0000293c       0x10 c:/nxp/s32ds.3.6.4/s32ds/build_tools/gcc_v11.4/gcc-11.4-arm32-eabi/bin/../lib/gcc/arm-none-eabi/11.4.0/../../../../arm-none-eabi/lib/thumb/v7e-m/nofp\libc_nano.a(lib_a-memset.o)
                0x0000293c                memset
 .text.findslot
                0x0000294c       0x34 c:/nxp/s32ds.3.6.4/s32ds/build_tools/gcc_v11.4/gcc-11.4-arm32-eabi/bin/../lib/gcc/arm-none-eabi/11.4.0/../../../../arm-none-eabi/lib/thumb/v7e-m/nofp\librdimon_nano.a(rdimon-syscalls.o)
 .text.error    0x00002980       0x1c c:/nxp/s32ds.3.6.4/s32ds/build_tools/gcc_v11.4/gcc-11.4-arm32-eabi/bin/../lib/gcc/arm-none-eabi/11.4.0/../../../../arm-none-eabi/lib/thumb/v7e-m/nofp\librdimon_nano.a(rdimon-syscalls.o)
 .text.checkerror
                0x0000299c        0xa c:/nxp/s32ds.3.6.4/s32ds/build_tools/gcc_v11.4/gcc-11.4-arm32-eabi/bin/../lib/gcc/arm-none-eabi/11.4.0/../../../../arm-none-eabi/lib/thumb/v7e-m/nofp\librdimon_nano.a(rdimon-syscalls.o)
 .text._swiread
                0x000029a6       0x20 c:/nxp/s32ds.3.6.4/s32ds/build_tools/gcc_v11.4/gcc-11.4-arm32-eabi/bin/../lib/gcc/arm-none-eabi/11.4.0/../../../../arm-none-eabi/lib/thumb/v7e-m/nofp\librdimon_nano.a(rdimon-syscalls.o)
                0x000029a6                _swiread
 .text._read    0x000029c6       0x34 c:/nxp/s32ds.3.6.4/s32ds/build_tools/gcc_v11.4/gcc-11.4-arm32-eabi/bin/../lib/gcc/arm-none-eabi/11.4.0/../../../../arm-none-eabi/lib/thumb/v7e-m/nofp\librdimon_nano.a(rdimon-syscalls.o)
                0x000029c6                _read
 .text._swilseek
                0x000029fa       0x78 c:/nxp/s32ds.3.6.4/s32ds/build_tools/gcc_v11.4/gcc-11.4-arm32-eabi/bin/../lib/gcc/arm-none-eabi/11.4.0/../../../../arm-none-eabi/lib/thumb/v7e-m/nofp\librdimon_nano.a(rdimon-syscalls.o)
                0x000029fa                _swilseek
 .text._lseek   0x00002a72        0x4 c:/nxp/s32ds.3.6.4/s32ds/build_tools/gcc_v11.4/gcc-11.4-arm32-eabi/bin/../lib/gcc/arm-none-eabi/11.4.0/../../../../arm-none-eabi/lib/thumb/v7e-m/nofp\librdimon_nano.a(rdimon-syscalls.o)
                0x00002a72                _lseek
 .text._swiwrite
                0x00002a76       0x20 c:/nxp/s32ds.3.6.4/s32ds/build_tools/gcc_v11.4/gcc-11.4-arm32-eabi/bin/../lib/gcc/arm-none-eabi/11.4.0/../../../../arm-none-eabi/lib/thumb/v7e-m/nofp\librdimon_nano.a(rdimon-syscalls.o)
                0x00002a76                _swiwrite
 .text._write   0x00002a96       0x40 c:/nxp/s32ds.3.6.4/s32ds/build_tools/gcc_v11.4/gcc-11.4-arm32-eabi/bin/../lib/gcc/arm-none-eabi/11.4.0/../../../../arm-none-eabi/lib/thumb/v7e-m/nofp\librdimon_nano.a(rdimon-syscalls.o)
                0x00002a96                _write
 .text._swiclose
                0x00002ad6       0x1a c:/nxp/s32ds.3.6.4/s32ds/build_tools/gcc_v11.4/gcc-11.4-arm32-eabi/bin/../lib/gcc/arm-none-eabi/11.4.0/../../../../arm-none-eabi/lib/thumb/v7e-m/nofp\librdimon_nano.a(rdimon-syscalls.o)
                0x00002ad6                _swiclose
 .text._close   0x00002af0       0x4c c:/nxp/s32ds.3.6.4/s32ds/build_tools/gcc_v11.4/gcc-11.4-arm32-eabi/bin/../lib/gcc/arm-none-eabi/11.4.0/../../../../arm-none-eabi/lib/thumb/v7e-m/nofp\librdimon_nano.a(rdimon-syscalls.o)
                0x00002af0                _close
 .text._sbrk    0x00002b3c       0x48 c:/nxp/s32ds.3.6.4/s32ds/build_tools/gcc_v11.4/gcc-11.4-arm32-eabi/bin/../lib/gcc/arm-none-eabi/11.4.0/../../../../arm-none-eabi/lib/thumb/v7e-m/nofp\librdimon_nano.a(rdimon-syscalls.o)
                0x00002b3c                _sbrk
 .text._swistat
                0x00002b84       0x42 c:/nxp/s32ds.3.6.4/s32ds/build_tools/gcc_v11.4/gcc-11.4-arm32-eabi/bin/../lib/gcc/arm-none-eabi/11.4.0/../../../../arm-none-eabi/lib/thumb/v7e-m/nofp\librdimon_nano.a(rdimon-syscalls.o)
                0x00002b84                _swistat
 .text._stat    0x00002bc6       0x3a c:/nxp/s32ds.3.6.4/s32ds/build_tools/gcc_v11.4/gcc-11.4-arm32-eabi/bin/../lib/gcc/arm-none-eabi/11.4.0/../../../../arm-none-eabi/lib/thumb/v7e-m/nofp\librdimon_nano.a(rdimon-syscalls.o)
                0x00002bc6                _stat
 .text._swiopen
                0x00002c00       0xb4 c:/nxp/s32ds.3.6.4/s32ds/build_tools/gcc_v11.4/gcc-11.4-arm32-eabi/bin/../lib/gcc/arm-none-eabi/11.4.0/../../../../arm-none-eabi/lib/thumb/v7e-m/nofp\librdimon_nano.a(rdimon-syscalls.o)
                0x00002c00                _swiopen
 .text._get_semihosting_exts
                0x00002cb4       0xb8 c:/nxp/s32ds.3.6.4/s32ds/build_tools/gcc_v11.4/gcc-11.4-arm32-eabi/bin/../lib/gcc/arm-none-eabi/11.4.0/../../../../arm-none-eabi/lib/thumb/v7e-m/nofp\librdimon_nano.a(rdimon-syscalls.o)
                0x00002cb4                _get_semihosting_exts
 .text.initialise_semihosting_exts
                0x00002d6c       0x34 c:/nxp/s32ds.3.6.4/s32ds/build_tools/gcc_v11.4/gcc-11.4-arm32-eabi/bin/../lib/gcc/arm-none-eabi/11.4.0/../../../../arm-none-eabi/lib/thumb/v7e-m/nofp\librdimon_nano.a(rdimon-syscalls.o)
 .text._has_ext_exit_extended
                0x00002da0       0x18 c:/nxp/s32ds.3.6.4/s32ds/build_tools/gcc_v11.4/gcc-11.4-arm32-eabi/bin/../lib/gcc/arm-none-eabi/11.4.0/../../../../arm-none-eabi/lib/thumb/v7e-m/nofp\librdimon_nano.a(rdimon-syscalls.o)
                0x00002da0                _has_ext_exit_extended
 .text._has_ext_stdout_stderr
                0x00002db8       0x18 c:/nxp/s32ds.3.6.4/s32ds/build_tools/gcc_v11.4/gcc-11.4-arm32-eabi/bin/../lib/gcc/arm-none-eabi/11.4.0/../../../../arm-none-eabi/lib/thumb/v7e-m/nofp\librdimon_nano.a(rdimon-syscalls.o)
                0x00002db8                _has_ext_stdout_stderr
 .text.initialise_monitor_handles
                0x00002dd0       0xc0 c:/nxp/s32ds.3.6.4/s32ds/build_tools/gcc_v11.4/gcc-11.4-arm32-eabi/bin/../lib/gcc/arm-none-eabi/11.4.0/../../../../arm-none-eabi/lib/thumb/v7e-m/nofp\librdimon_nano.a(rdimon-syscalls.o)
                0x00002dd0                initialise_monitor_handles
 .text._exit    0x00002e90       0x14 c:/nxp/s32ds.3.6.4/s32ds/build_tools/gcc_v11.4/gcc-11.4-arm32-eabi/bin/../lib/gcc/arm-none-eabi/11.4.0/../../../../arm-none-eabi/lib/thumb/v7e-m/nofp\librdimon_nano.a(rdimon-_exit.o)
                0x00002e90                _exit
 .text._kill_shared
                0x00002ea4       0x26 c:/nxp/s32ds.3.6.4/s32ds/build_tools/gcc_v11.4/gcc-11.4-arm32-eabi/bin/../lib/gcc/arm-none-eabi/11.4.0/../../../../arm-none-eabi/lib/thumb/v7e-m/nofp\librdimon_nano.a(rdimon-_kill.o)
                0x00002ea4                _kill_shared
 *fill*         0x00002eca        0x2 
 .text.__errno  0x00002ecc        0xc c:/nxp/s32ds.3.6.4/s32ds/build_tools/gcc_v11.4/gcc-11.4-arm32-eabi/bin/../lib/gcc/arm-none-eabi/11.4.0/../../../../arm-none-eabi/lib/thumb/v7e-m/nofp\libc_nano.a(lib_a-errno.o)
                0x00002ecc                __errno
 .text.std      0x00002ed8       0x48 c:/nxp/s32ds.3.6.4/s32ds/build_tools/gcc_v11.4/gcc-11.4-arm32-eabi/bin/../lib/gcc/arm-none-eabi/11.4.0/../../../../arm-none-eabi/lib/thumb/v7e-m/nofp\libc_nano.a(lib_a-findfp.o)
 .text._cleanup_r
                0x00002f20        0xc c:/nxp/s32ds.3.6.4/s32ds/build_tools/gcc_v11.4/gcc-11.4-arm32-eabi/bin/../lib/gcc/arm-none-eabi/11.4.0/../../../../arm-none-eabi/lib/thumb/v7e-m/nofp\libc_nano.a(lib_a-findfp.o)
                0x00002f20                _cleanup_r
 .text.__sfmoreglue
                0x00002f2c       0x2c c:/nxp/s32ds.3.6.4/s32ds/build_tools/gcc_v11.4/gcc-11.4-arm32-eabi/bin/../lib/gcc/arm-none-eabi/11.4.0/../../../../arm-none-eabi/lib/thumb/v7e-m/nofp\libc_nano.a(lib_a-findfp.o)
                0x00002f2c                __sfmoreglue
 .text.__sinit  0x00002f58       0x60 c:/nxp/s32ds.3.6.4/s32ds/build_tools/gcc_v11.4/gcc-11.4-arm32-eabi/bin/../lib/gcc/arm-none-eabi/11.4.0/../../../../arm-none-eabi/lib/thumb/v7e-m/nofp\libc_nano.a(lib_a-findfp.o)
                0x00002f58                __sinit
 .text.__sfp    0x00002fb8       0x78 c:/nxp/s32ds.3.6.4/s32ds/build_tools/gcc_v11.4/gcc-11.4-arm32-eabi/bin/../lib/gcc/arm-none-eabi/11.4.0/../../../../arm-none-eabi/lib/thumb/v7e-m/nofp\libc_nano.a(lib_a-findfp.o)
                0x00002fb8                __sfp
 .text._fwalk_reent
                0x00003030       0x3e c:/nxp/s32ds.3.6.4/s32ds/build_tools/gcc_v11.4/gcc-11.4-arm32-eabi/bin/../lib/gcc/arm-none-eabi/11.4.0/../../../../arm-none-eabi/lib/thumb/v7e-m/nofp\libc_nano.a(lib_a-fwalk.o)
                0x00003030                _fwalk_reent
 *fill*         0x0000306e        0x2 
 .text._malloc_r
                0x00003070       0xb4 c:/nxp/s32ds.3.6.4/s32ds/build_tools/gcc_v11.4/gcc-11.4-arm32-eabi/bin/../lib/gcc/arm-none-eabi/11.4.0/../../../../arm-none-eabi/lib/thumb/v7e-m/nofp\libc_nano.a(lib_a-nano-mallocr.o)
                0x00003070                _malloc_r
 .text._sbrk_r  0x00003124       0x20 c:/nxp/s32ds.3.6.4/s32ds/build_tools/gcc_v11.4/gcc-11.4-arm32-eabi/bin/../lib/gcc/arm-none-eabi/11.4.0/../../../../arm-none-eabi/lib/thumb/v7e-m/nofp\libc_nano.a(lib_a-sbrkr.o)
                0x00003124                _sbrk_r
 .text.__sread  0x00003144       0x22 c:/nxp/s32ds.3.6.4/s32ds/build_tools/gcc_v11.4/gcc-11.4-arm32-eabi/bin/../lib/gcc/arm-none-eabi/11.4.0/../../../../arm-none-eabi/lib/thumb/v7e-m/nofp\libc_nano.a(lib_a-stdio.o)
                0x00003144                __sread
 .text.__swrite
                0x00003166       0x38 c:/nxp/s32ds.3.6.4/s32ds/build_tools/gcc_v11.4/gcc-11.4-arm32-eabi/bin/../lib/gcc/arm-none-eabi/11.4.0/../../../../arm-none-eabi/lib/thumb/v7e-m/nofp\libc_nano.a(lib_a-stdio.o)
                0x00003166                __swrite
 .text.__sseek  0x0000319e       0x24 c:/nxp/s32ds.3.6.4/s32ds/build_tools/gcc_v11.4/gcc-11.4-arm32-eabi/bin/../lib/gcc/arm-none-eabi/11.4.0/../../../../arm-none-eabi/lib/thumb/v7e-m/nofp\libc_nano.a(lib_a-stdio.o)
                0x0000319e                __sseek
 .text.__sclose
                0x000031c2        0x8 c:/nxp/s32ds.3.6.4/s32ds/build_tools/gcc_v11.4/gcc-11.4-arm32-eabi/bin/../lib/gcc/arm-none-eabi/11.4.0/../../../../arm-none-eabi/lib/thumb/v7e-m/nofp\libc_nano.a(lib_a-stdio.o)
                0x000031c2                __sclose
 *fill*         0x000031ca        0x2 
 .text._write_r
                0x000031cc       0x24 c:/nxp/s32ds.3.6.4/s32ds/build_tools/gcc_v11.4/gcc-11.4-arm32-eabi/bin/../lib/gcc/arm-none-eabi/11.4.0/../../../../arm-none-eabi/lib/thumb/v7e-m/nofp\libc_nano.a(lib_a-writer.o)
                0x000031cc                _write_r
 .text._close_r
                0x000031f0       0x20 c:/nxp/s32ds.3.6.4/s32ds/build_tools/gcc_v11.4/gcc-11.4-arm32-eabi/bin/../lib/gcc/arm-none-eabi/11.4.0/../../../../arm-none-eabi/lib/thumb/v7e-m/nofp\libc_nano.a(lib_a-closer.o)
                0x000031f0                _close_r
 .text.__sflush_r
                0x00003210      0x104 c:/nxp/s32ds.3.6.4/s32ds/build_tools/gcc_v11.4/gcc-11.4-arm32-eabi/bin/../lib/gcc/arm-none-eabi/11.4.0/../../../../arm-none-eabi/lib/thumb/v7e-m/nofp\libc_nano.a(lib_a-fflush.o)
                0x00003210                __sflush_r
 .text._fflush_r
                0x00003314       0x54 c:/nxp/s32ds.3.6.4/s32ds/build_tools/gcc_v11.4/gcc-11.4-arm32-eabi/bin/../lib/gcc/arm-none-eabi/11.4.0/../../../../arm-none-eabi/lib/thumb/v7e-m/nofp\libc_nano.a(lib_a-fflush.o)
                0x00003314                _fflush_r
 .text._lseek_r
                0x00003368       0x24 c:/nxp/s32ds.3.6.4/s32ds/build_tools/gcc_v11.4/gcc-11.4-arm32-eabi/bin/../lib/gcc/arm-none-eabi/11.4.0/../../../../arm-none-eabi/lib/thumb/v7e-m/nofp\libc_nano.a(lib_a-lseekr.o)
                0x00003368                _lseek_r
 .text.__malloc_lock
                0x0000338c        0x2 c:/nxp/s32ds.3.6.4/s32ds/build_tools/gcc_v11.4/gcc-11.4-arm32-eabi/bin/../lib/gcc/arm-none-eabi/11.4.0/../../../../arm-none-eabi/lib/thumb/v7e-m/nofp\libc_nano.a(lib_a-mlock.o)
                0x0000338c                __malloc_lock
 .text.__malloc_unlock
                0x0000338e        0x2 c:/nxp/s32ds.3.6.4/s32ds/build_tools/gcc_v11.4/gcc-11.4-arm32-eabi/bin/../lib/gcc/arm-none-eabi/11.4.0/../../../../arm-none-eabi/lib/thumb/v7e-m/nofp\libc_nano.a(lib_a-mlock.o)
                0x0000338e                __malloc_unlock
 .text._free_r  0x00003390       0x94 c:/nxp/s32ds.3.6.4/s32ds/build_tools/gcc_v11.4/gcc-11.4-arm32-eabi/bin/../lib/gcc/arm-none-eabi/11.4.0/../../../../arm-none-eabi/lib/thumb/v7e-m/nofp\libc_nano.a(lib_a-nano-freer.o)
                0x00003390                _free_r
 .text._read_r  0x00003424       0x24 c:/nxp/s32ds.3.6.4/s32ds/build_tools/gcc_v11.4/gcc-11.4-arm32-eabi/bin/../lib/gcc/arm-none-eabi/11.4.0/../../../../arm-none-eabi/lib/thumb/v7e-m/nofp\libc_nano.a(lib_a-readr.o)
                0x00003424                _read_r
 *(.rodata)
 .rodata        0x00003448       0x6e ./src/main.o
 *fill*         0x000034b6        0x2 
 .rodata        0x000034b8       0x1f ./src/src/Bootloader.o
 *(.rodata*)
 *fill*         0x000034d7        0x1 
 .rodata.Driver_GPIO0
                0x000034d8       0x1c ./src/src/Driver_GPIO.o
                0x000034d8                Driver_GPIO0
 .rodata.DriverVersion
                0x000034f4        0x4 ./src/src/Driver_USART.o
 .rodata.Driver_USART0
                0x000034f8       0x38 ./src/src/Driver_USART.o
                0x000034f8                Driver_USART0
 .rodata.s_pinMap
                0x00003530      0x300 ./src/src/HAL_GPIO.o
 .rodata._global_impure_ptr
                0x00003830        0x4 c:/nxp/s32ds.3.6.4/s32ds/build_tools/gcc_v11.4/gcc-11.4-arm32-eabi/bin/../lib/gcc/arm-none-eabi/11.4.0/../../../../arm-none-eabi/lib/thumb/v7e-m/nofp\libc_nano.a(lib_a-impure.o)
                0x00003830                _global_impure_ptr
 .rodata._get_semihosting_exts.str1.1
                0x00003834       0x16 c:/nxp/s32ds.3.6.4/s32ds/build_tools/gcc_v11.4/gcc-11.4-arm32-eabi/bin/../lib/gcc/arm-none-eabi/11.4.0/../../../../arm-none-eabi/lib/thumb/v7e-m/nofp\librdimon_nano.a(rdimon-syscalls.o)
 .rodata.initialise_monitor_handles.str1.1
                0x0000384a        0x4 c:/nxp/s32ds.3.6.4/s32ds/build_tools/gcc_v11.4/gcc-11.4-arm32-eabi/bin/../lib/gcc/arm-none-eabi/11.4.0/../../../../arm-none-eabi/lib/thumb/v7e-m/nofp\librdimon_nano.a(rdimon-syscalls.o)
 *fill*         0x0000384e        0x2 
 .rodata.__sf_fake_stderr
                0x00003850       0x20 c:/nxp/s32ds.3.6.4/s32ds/build_tools/gcc_v11.4/gcc-11.4-arm32-eabi/bin/../lib/gcc/arm-none-eabi/11.4.0/../../../../arm-none-eabi/lib/thumb/v7e-m/nofp\libc_nano.a(lib_a-findfp.o)
                0x00003850                __sf_fake_stderr
 .rodata.__sf_fake_stdin
                0x00003870       0x20 c:/nxp/s32ds.3.6.4/s32ds/build_tools/gcc_v11.4/gcc-11.4-arm32-eabi/bin/../lib/gcc/arm-none-eabi/11.4.0/../../../../arm-none-eabi/lib/thumb/v7e-m/nofp\libc_nano.a(lib_a-findfp.o)
                0x00003870                __sf_fake_stdin
 .rodata.__sf_fake_stdout
                0x00003890       0x20 c:/nxp/s32ds.3.6.4/s32ds/build_tools/gcc_v11.4/gcc-11.4-arm32-eabi/bin/../lib/gcc/arm-none-eabi/11.4.0/../../../../arm-none-eabi/lib/thumb/v7e-m/nofp\libc_nano.a(lib_a-findfp.o)
                0x00003890                __sf_fake_stdout
 *(.glue_7)
 .glue_7        0x000038b0        0x0 linker stubs
 *(.glue_7t)
 .glue_7t       0x000038b0        0x0 linker stubs
 *(.eh_frame)
 .eh_frame      0x000038b0        0x0 c:/nxp/s32ds.3.6.4/s32ds/build_tools/gcc_v11.4/gcc-11.4-arm32-eabi/bin/../lib/gcc/arm-none-eabi/11.4.0/thumb/v7e-m/nofp/crtbegin.o
 *(.init)
 .init          0x000038b0        0x4 c:/nxp/s32ds.3.6.4/s32ds/build_tools/gcc_v11.4/gcc-11.4-arm32-eabi/bin/../lib/gcc/arm-none-eabi/11.4.0/thumb/v7e-m/nofp/crti.o
                0x000038b0                _init
 .init          0x000038b4        0x8 c:/nxp/s32ds.3.6.4/s32ds/build_tools/gcc_v11.4/gcc-11.4-arm32-eabi/bin/../lib/gcc/arm-none-eabi/11.4.0/thumb/v7e-m/nofp/crtn.o
 *(.fini)
 .fini          0x000038bc        0x4 c:/nxp/s32ds.3.6.4/s32ds/build_tools/gcc_v11.4/gcc-11.4-arm32-eabi/bin/../lib/gcc/arm-none-eabi/11.4.0/thumb/v7e-m/nofp/crti.o
                0x000038bc                _fini
 .fini          0x000038c0        0x8 c:/nxp/s32ds.3.6.4/s32ds/build_tools/gcc_v11.4/gcc-11.4-arm32-eabi/bin/../lib/gcc/arm-none-eabi/11.4.0/thumb/v7e-m/nofp/crtn.o
                0x000038c8                . = ALIGN (0x4)

.vfp11_veneer   0x000038c8        0x0
 .vfp11_veneer  0x000038c8        0x0 linker stubs

.v4_bx          0x000038c8        0x0
 .v4_bx         0x000038c8        0x0 linker stubs

.iplt           0x000038c8        0x0
 .iplt          0x000038c8        0x0 c:/nxp/s32ds.3.6.4/s32ds/build_tools/gcc_v11.4/gcc-11.4-arm32-eabi/bin/../lib/gcc/arm-none-eabi/11.4.0/thumb/v7e-m/nofp/crtbegin.o

.ARM.extab
 *(.ARM.extab* .gnu.linkonce.armextab.*)

.ARM            0x000038c8        0x8
                0x000038c8                __exidx_start = .
 *(.ARM.exidx*)
 .ARM.exidx     0x000038c8        0x8 c:/nxp/s32ds.3.6.4/s32ds/build_tools/gcc_v11.4/gcc-11.4-arm32-eabi/bin/../lib/gcc/arm-none-eabi/11.4.0/../../../../arm-none-eabi/lib/thumb/v7e-m/nofp/rdimon-crt0.o
                                 0x10 (size before relaxing)
                0x000038d0                __exidx_end = .

.rel.dyn        0x000038d0        0x0
 .rel.iplt      0x000038d0        0x0 c:/nxp/s32ds.3.6.4/s32ds/build_tools/gcc_v11.4/gcc-11.4-arm32-eabi/bin/../lib/gcc/arm-none-eabi/11.4.0/thumb/v7e-m/nofp/crtbegin.o

.ctors          0x000038d0        0x0
                0x000038d0                __CTOR_LIST__ = .
 *crtbegin.o(.ctors)
 *crtbegin?.o(.ctors)
 *(EXCLUDE_FILE(*crtend.o *crtend?.o) .ctors)
 *(SORT_BY_NAME(.ctors.*))
 *(.ctors)
                0x000038d0                __CTOR_END__ = .

.dtors          0x000038d0        0x0
                0x000038d0                __DTOR_LIST__ = .
 *crtbegin.o(.dtors)
 *crtbegin?.o(.dtors)
 *(EXCLUDE_FILE(*crtend.o *crtend?.o) .dtors)
 *(SORT_BY_NAME(.dtors.*))
 *(.dtors)
                0x000038d0                __DTOR_END__ = .

.preinit_array  0x000038d0        0x0
                0x000038d0                PROVIDE (__preinit_array_start = .)
 *(.preinit_array*)
                0x000038d0                PROVIDE (__preinit_array_end = .)

.init_array     0x000038d0        0x4
                0x000038d0                PROVIDE (__init_array_start = .)
 *(SORT_BY_NAME(.init_array.*))
 *(.init_array*)
 .init_array    0x000038d0        0x4 c:/nxp/s32ds.3.6.4/s32ds/build_tools/gcc_v11.4/gcc-11.4-arm32-eabi/bin/../lib/gcc/arm-none-eabi/11.4.0/thumb/v7e-m/nofp/crtbegin.o
                0x000038d4                PROVIDE (__init_array_end = .)

.fini_array     0x000038d4        0x4
                [!provide]                PROVIDE (__fini_array_start = .)
 *(SORT_BY_NAME(.fini_array.*))
 *(.fini_array*)
 .fini_array    0x000038d4        0x4 c:/nxp/s32ds.3.6.4/s32ds/build_tools/gcc_v11.4/gcc-11.4-arm32-eabi/bin/../lib/gcc/arm-none-eabi/11.4.0/thumb/v7e-m/nofp/crtbegin.o
                [!provide]                PROVIDE (__fini_array_end = .)
                0x000038d8                __etext = .
                0x000038d8                __DATA_ROM = .

.interrupts_ram
                0x1fff8000      0x400
                0x1fff8000                . = ALIGN (0x4)
                0x1fff8000                __VECTOR_RAM__ = .
                0x1fff8000                __RAM_START = .
                0x1fff8000                __interrupts_ram_start__ = .
 *(.m_interrupts_ram)
                0x1fff8400                . = (. + M_VECTOR_RAM_SIZE)
 *fill*         0x1fff8000      0x400 
                0x1fff8400                . = ALIGN (0x4)
                0x1fff8400                __interrupts_ram_end__ = .
                0x1fff8000                __VECTOR_RAM = DEFINED (__flash_vector_table__)?ORIGIN (m_interrupts):__VECTOR_RAM__
                0x00000400                __RAM_VECTOR_TABLE_SIZE = DEFINED (__flash_vector_table__)?0x0:(__interrupts_ram_end__ - __interrupts_ram_start__)

.acfls_code_ram
                0x1fff8400       0x40
                0x1fff8440                . = (. + 0x40)
 *fill*         0x1fff8400       0x40 

.data           0x1fff8440      0x188 load address 0x000038d8
                0x1fff8440                . = ALIGN (0x4)
                0x1fff8440                __DATA_RAM = .
                0x1fff8440                __data_start__ = .
 *(.data)
 .data          0x1fff8440      0x118 c:/nxp/s32ds.3.6.4/s32ds/build_tools/gcc_v11.4/gcc-11.4-arm32-eabi/bin/../lib/gcc/arm-none-eabi/11.4.0/../../../../arm-none-eabi/lib/thumb/v7e-m/nofp/rdimon-crt0.o
                0x1fff8448                __stack_base__
 *(.data*)
 .data._impure_ptr
                0x1fff8558        0x4 c:/nxp/s32ds.3.6.4/s32ds/build_tools/gcc_v11.4/gcc-11.4-arm32-eabi/bin/../lib/gcc/arm-none-eabi/11.4.0/../../../../arm-none-eabi/lib/thumb/v7e-m/nofp\libc_nano.a(lib_a-impure.o)
                0x1fff8558                _impure_ptr
 .data.impure_data
                0x1fff855c       0x60 c:/nxp/s32ds.3.6.4/s32ds/build_tools/gcc_v11.4/gcc-11.4-arm32-eabi/bin/../lib/gcc/arm-none-eabi/11.4.0/../../../../arm-none-eabi/lib/thumb/v7e-m/nofp\libc_nano.a(lib_a-impure.o)
 .data.__heap_limit
                0x1fff85bc        0x4 c:/nxp/s32ds.3.6.4/s32ds/build_tools/gcc_v11.4/gcc-11.4-arm32-eabi/bin/../lib/gcc/arm-none-eabi/11.4.0/../../../../arm-none-eabi/lib/thumb/v7e-m/nofp\librdimon_nano.a(rdimon-syscalls.o)
 .data.supports_ext_exit_extended
                0x1fff85c0        0x4 c:/nxp/s32ds.3.6.4/s32ds/build_tools/gcc_v11.4/gcc-11.4-arm32-eabi/bin/../lib/gcc/arm-none-eabi/11.4.0/../../../../arm-none-eabi/lib/thumb/v7e-m/nofp\librdimon_nano.a(rdimon-syscalls.o)
 .data.supports_ext_stdout_stderr
                0x1fff85c4        0x4 c:/nxp/s32ds.3.6.4/s32ds/build_tools/gcc_v11.4/gcc-11.4-arm32-eabi/bin/../lib/gcc/arm-none-eabi/11.4.0/../../../../arm-none-eabi/lib/thumb/v7e-m/nofp\librdimon_nano.a(rdimon-syscalls.o)
 *(.jcr*)
                0x1fff85c8                . = ALIGN (0x4)
                0x1fff85c8                __data_end__ = .
                0x00003a60                __DATA_END = (__DATA_ROM + (__data_end__ - __data_start__))
                0x00003a60                __CODE_ROM = __DATA_END

.tm_clone_table
                0x1fff85c8        0x0 load address 0x00003a60
 .tm_clone_table
                0x1fff85c8        0x0 c:/nxp/s32ds.3.6.4/s32ds/build_tools/gcc_v11.4/gcc-11.4-arm32-eabi/bin/../lib/gcc/arm-none-eabi/11.4.0/thumb/v7e-m/nofp/crtbegin.o
 .tm_clone_table
                0x1fff85c8        0x0 c:/nxp/s32ds.3.6.4/s32ds/build_tools/gcc_v11.4/gcc-11.4-arm32-eabi/bin/../lib/gcc/arm-none-eabi/11.4.0/thumb/v7e-m/nofp/crtend.o

.igot.plt       0x1fff85c8        0x0 load address 0x00003a60
 .igot.plt      0x1fff85c8        0x0 c:/nxp/s32ds.3.6.4/s32ds/build_tools/gcc_v11.4/gcc-11.4-arm32-eabi/bin/../lib/gcc/arm-none-eabi/11.4.0/thumb/v7e-m/nofp/crtbegin.o

.code           0x1fff85c8        0x0 load address 0x00003a60
                0x1fff85c8                . = ALIGN (0x4)
                0x1fff85c8                __CODE_RAM = .
                0x1fff85c8                __code_start__ = .
                0x1fff85c8                __code_ram_start__ = .
 *(.code_ram)
                0x1fff85c8                . = ALIGN (0x4)
                0x1fff85c8                __code_end__ = .
                0x1fff85c8                __code_ram_end__ = .
                0x00003a60                __CODE_END = (__CODE_ROM + (__code_end__ - __code_start__))
                0x00003a60                __CUSTOM_ROM = __CODE_END

.customSectionBlock
                0x20000000        0x0 load address 0x00003a60
                0x20000000                __customSection_start__ = .
 *(.customSection)
                0x20000000                __customSection_end__ = .
                0x00003a60                __CUSTOM_END = (__CUSTOM_ROM + (__customSection_end__ - __customSection_start__))

.bss            0x20000000      0x748
                0x20000000                . = ALIGN (0x4)
                0x20000000                __BSS_START = .
                0x20000000                __bss_start__ = .
 *(.bss)
 .bss           0x20000000       0x1c c:/nxp/s32ds.3.6.4/s32ds/build_tools/gcc_v11.4/gcc-11.4-arm32-eabi/bin/../lib/gcc/arm-none-eabi/11.4.0/thumb/v7e-m/nofp/crtbegin.o
 *(.bss*)
 .bss.s_srec_queue
                0x2000001c      0x41c ./src/main.o
 .bss.rec       0x20000438      0x10c ./src/main.o
 .bss.g_cache   0x20000544       0x10 ./src/src/Bootloader.o
 .bss.g_cache_inited
                0x20000554        0x1 ./src/src/Bootloader.o
 *fill*         0x20000555        0x3 
 .bss.s_gpioCallbacks
                0x20000558      0x100 ./src/src/HAL_GPIO.o
 .bss.s_uart1_ctx
                0x20000658        0x8 ./src/src/HAL_USART.o
 .bss.s_uartPowerState
                0x20000660        0x1 ./src/src/HAL_USART.o
 *fill*         0x20000661        0x3 
 .bss.s_usartTxCount
                0x20000664        0x4 ./src/src/HAL_USART.o
 .bss.s_usartRxCount
                0x20000668        0x4 ./src/src/HAL_USART.o
 .bss.s_usartStatus
                0x2000066c        0x4 ./src/src/HAL_USART.o
 .bss.s_txBuffer
                0x20000670        0x4 ./src/src/HAL_USART.o
 .bss.s_txLen   0x20000674        0x4 ./src/src/HAL_USART.o
 .bss.s_txPos   0x20000678        0x4 ./src/src/HAL_USART.o
 .bss.s_rxBuffer
                0x2000067c        0x4 ./src/src/HAL_USART.o
 .bss.s_rxLen   0x20000680        0x4 ./src/src/HAL_USART.o
 .bss.s_rxPos   0x20000684        0x4 ./src/src/HAL_USART.o
 .bss.usart_events
                0x20000688        0x4 ./src/src/app.o
                0x20000688                usart_events
 .bss.heap_end.0
                0x2000068c        0x4 c:/nxp/s32ds.3.6.4/s32ds/build_tools/gcc_v11.4/gcc-11.4-arm32-eabi/bin/../lib/gcc/arm-none-eabi/11.4.0/../../../../arm-none-eabi/lib/thumb/v7e-m/nofp\librdimon_nano.a(rdimon-syscalls.o)
 .bss.monitor_stderr
                0x20000690        0x4 c:/nxp/s32ds.3.6.4/s32ds/build_tools/gcc_v11.4/gcc-11.4-arm32-eabi/bin/../lib/gcc/arm-none-eabi/11.4.0/../../../../arm-none-eabi/lib/thumb/v7e-m/nofp\librdimon_nano.a(rdimon-syscalls.o)
 .bss.monitor_stdin
                0x20000694        0x4 c:/nxp/s32ds.3.6.4/s32ds/build_tools/gcc_v11.4/gcc-11.4-arm32-eabi/bin/../lib/gcc/arm-none-eabi/11.4.0/../../../../arm-none-eabi/lib/thumb/v7e-m/nofp\librdimon_nano.a(rdimon-syscalls.o)
 .bss.monitor_stdout
                0x20000698        0x4 c:/nxp/s32ds.3.6.4/s32ds/build_tools/gcc_v11.4/gcc-11.4-arm32-eabi/bin/../lib/gcc/arm-none-eabi/11.4.0/../../../../arm-none-eabi/lib/thumb/v7e-m/nofp\librdimon_nano.a(rdimon-syscalls.o)
 .bss.openfiles
                0x2000069c       0xa0 c:/nxp/s32ds.3.6.4/s32ds/build_tools/gcc_v11.4/gcc-11.4-arm32-eabi/bin/../lib/gcc/arm-none-eabi/11.4.0/../../../../arm-none-eabi/lib/thumb/v7e-m/nofp\librdimon_nano.a(rdimon-syscalls.o)
 .bss.__malloc_free_list
                0x2000073c        0x4 c:/nxp/s32ds.3.6.4/s32ds/build_tools/gcc_v11.4/gcc-11.4-arm32-eabi/bin/../lib/gcc/arm-none-eabi/11.4.0/../../../../arm-none-eabi/lib/thumb/v7e-m/nofp\libc_nano.a(lib_a-nano-mallocr.o)
                0x2000073c                __malloc_free_list
 .bss.__malloc_sbrk_start
                0x20000740        0x4 c:/nxp/s32ds.3.6.4/s32ds/build_tools/gcc_v11.4/gcc-11.4-arm32-eabi/bin/../lib/gcc/arm-none-eabi/11.4.0/../../../../arm-none-eabi/lib/thumb/v7e-m/nofp\libc_nano.a(lib_a-nano-mallocr.o)
                0x20000740                __malloc_sbrk_start
 .bss.errno     0x20000744        0x4 c:/nxp/s32ds.3.6.4/s32ds/build_tools/gcc_v11.4/gcc-11.4-arm32-eabi/bin/../lib/gcc/arm-none-eabi/11.4.0/../../../../arm-none-eabi/lib/thumb/v7e-m/nofp\libc_nano.a(lib_a-reent.o)
                0x20000744                errno
 *(COMMON)
                0x20000748                . = ALIGN (0x4)
                0x20000748                __bss_end__ = .
                0x20000748                __BSS_END = .

.acmem_43_infls_code_ram
                0x20000748       0x24
                0x2000076c                . = (. + (acmem_43_infls_code_rom_end - acmem_43_infls_code_rom_start))
 *fill*         0x20000748       0x24 

.heap           0x2000076c      0x404
                0x20000770                . = ALIGN (0x8)
 *fill*         0x2000076c        0x4 
                0x20000770                __end__ = .
                0x20000770                __heap_start__ = .
                0x20000770                PROVIDE (end = .)
                [!provide]                PROVIDE (_end = .)
                [!provide]                PROVIDE (__end = .)
                0x20000770                __HeapBase = .
                0x20000b70                . = (. + HEAP_SIZE)
 *fill*         0x20000770      0x400 
                0x20000b70                __HeapLimit = .
                0x20000b70                __heap_limit = .
                0x20000b70                __heap_end__ = .
                0x20007000                __StackTop = (ORIGIN (m_data_2) + LENGTH (m_data_2))
                0x20006c00                __StackLimit = (__StackTop - STACK_SIZE)
                0x20007000                PROVIDE (__stack = __StackTop)
                0x20007000                __RAM_END = __StackTop

.stack          0x20006c00      0x400
                0x20006c00                . = ALIGN (0x8)
                0x20006c00                __stack_start__ = .
                0x20007000                . = (. + STACK_SIZE)
 *fill*         0x20006c00      0x400 
                0x20007000                __stack_end__ = .
                0x20000000                __START_BSS = __BSS_START
                0x20000748                __END_BSS = __BSS_END
                0x20007000                __SP_INIT = __StackTop
                0x1fff8000                WriteFuncAddress = 0x1fff8000
                0x0000060c                Mem_43_INFLS_ACWriteRomStart = acmem_43_infls_code_rom_start
                0x00000630                Mem_43_INFLS_ACWriteRomEnd = acmem_43_infls_code_rom_end
                0x00000009                Mem_43_INFLS_ACWriteSize = (((acmem_43_infls_code_rom_end - acmem_43_infls_code_rom_start) + 0x3) / 0x4)

.ARM.attributes
                0x00000000       0x2a
 *(.ARM.attributes)
 .ARM.attributes
                0x00000000       0x1e c:/nxp/s32ds.3.6.4/s32ds/build_tools/gcc_v11.4/gcc-11.4-arm32-eabi/bin/../lib/gcc/arm-none-eabi/11.4.0/thumb/v7e-m/nofp/crti.o
 .ARM.attributes
                0x0000001e       0x2e c:/nxp/s32ds.3.6.4/s32ds/build_tools/gcc_v11.4/gcc-11.4-arm32-eabi/bin/../lib/gcc/arm-none-eabi/11.4.0/thumb/v7e-m/nofp/crtbegin.o
 .ARM.attributes
                0x0000004c       0x1c c:/nxp/s32ds.3.6.4/s32ds/build_tools/gcc_v11.4/gcc-11.4-arm32-eabi/bin/../lib/gcc/arm-none-eabi/11.4.0/../../../../arm-none-eabi/lib/thumb/v7e-m/nofp/rdimon-crt0.o
 .ARM.attributes
                0x00000068       0x2e ./Project_Settings/Startup_Code/startup.o
 .ARM.attributes
                0x00000096       0x1b ./Project_Settings/Startup_Code/startup_S32K144.o
 .ARM.attributes
                0x000000b1       0x2e ./Project_Settings/Startup_Code/system_S32K144.o
 .ARM.attributes
                0x000000df       0x2e ./src/main.o
 .ARM.attributes
                0x0000010d       0x2e ./src/src/Bootloader.o
 .ARM.attributes
                0x0000013b       0x2e ./src/src/Driver_GPIO.o
 .ARM.attributes
                0x00000169       0x2e ./src/src/Driver_USART.o
 .ARM.attributes
                0x00000197       0x2e ./src/src/FLASH.o
 .ARM.attributes
                0x000001c5       0x2e ./src/src/HAL_GPIO.o
 .ARM.attributes
                0x000001f3       0x2e ./src/src/HAL_USART.o
 .ARM.attributes
                0x00000221       0x2e ./src/src/Queue.o
 .ARM.attributes
                0x0000024f       0x2e ./src/src/app.o
 .ARM.attributes
                0x0000027d       0x2e ./src/src/clocks_and_modes.o
 .ARM.attributes
                0x000002ab       0x2e ./src/src/srec.o
 .ARM.attributes
                0x000002d9       0x2e c:/nxp/s32ds.3.6.4/s32ds/build_tools/gcc_v11.4/gcc-11.4-arm32-eabi/bin/../lib/gcc/arm-none-eabi/11.4.0/../../../../arm-none-eabi/lib/thumb/v7e-m/nofp\libc_nano.a(lib_a-exit.o)
 .ARM.attributes
                0x00000307       0x2e c:/nxp/s32ds.3.6.4/s32ds/build_tools/gcc_v11.4/gcc-11.4-arm32-eabi/bin/../lib/gcc/arm-none-eabi/11.4.0/../../../../arm-none-eabi/lib/thumb/v7e-m/nofp\libc_nano.a(lib_a-impure.o)
 .ARM.attributes
                0x00000335       0x2e c:/nxp/s32ds.3.6.4/s32ds/build_tools/gcc_v11.4/gcc-11.4-arm32-eabi/bin/../lib/gcc/arm-none-eabi/11.4.0/../../../../arm-none-eabi/lib/thumb/v7e-m/nofp\libc_nano.a(lib_a-init.o)
 .ARM.attributes
                0x00000363       0x2e c:/nxp/s32ds.3.6.4/s32ds/build_tools/gcc_v11.4/gcc-11.4-arm32-eabi/bin/../lib/gcc/arm-none-eabi/11.4.0/../../../../arm-none-eabi/lib/thumb/v7e-m/nofp\libc_nano.a(lib_a-memcpy-stub.o)
 .ARM.attributes
                0x00000391       0x2e c:/nxp/s32ds.3.6.4/s32ds/build_tools/gcc_v11.4/gcc-11.4-arm32-eabi/bin/../lib/gcc/arm-none-eabi/11.4.0/../../../../arm-none-eabi/lib/thumb/v7e-m/nofp\libc_nano.a(lib_a-memset.o)
 .ARM.attributes
                0x000003bf       0x17 c:/nxp/s32ds.3.6.4/s32ds/build_tools/gcc_v11.4/gcc-11.4-arm32-eabi/bin/../lib/gcc/arm-none-eabi/11.4.0/../../../../arm-none-eabi/lib/thumb/v7e-m/nofp\libc_nano.a(lib_a-strlen.o)
 .ARM.attributes
                0x000003d6       0x2e c:/nxp/s32ds.3.6.4/s32ds/build_tools/gcc_v11.4/gcc-11.4-arm32-eabi/bin/../lib/gcc/arm-none-eabi/11.4.0/../../../../arm-none-eabi/lib/thumb/v7e-m/nofp\librdimon_nano.a(rdimon-syscalls.o)
 .ARM.attributes
                0x00000404       0x2e c:/nxp/s32ds.3.6.4/s32ds/build_tools/gcc_v11.4/gcc-11.4-arm32-eabi/bin/../lib/gcc/arm-none-eabi/11.4.0/../../../../arm-none-eabi/lib/thumb/v7e-m/nofp\librdimon_nano.a(rdimon-_exit.o)
 .ARM.attributes
                0x00000432       0x2e c:/nxp/s32ds.3.6.4/s32ds/build_tools/gcc_v11.4/gcc-11.4-arm32-eabi/bin/../lib/gcc/arm-none-eabi/11.4.0/../../../../arm-none-eabi/lib/thumb/v7e-m/nofp\librdimon_nano.a(rdimon-_kill.o)
 .ARM.attributes
                0x00000460       0x2e c:/nxp/s32ds.3.6.4/s32ds/build_tools/gcc_v11.4/gcc-11.4-arm32-eabi/bin/../lib/gcc/arm-none-eabi/11.4.0/../../../../arm-none-eabi/lib/thumb/v7e-m/nofp\libc_nano.a(lib_a-errno.o)
 .ARM.attributes
                0x0000048e       0x2e c:/nxp/s32ds.3.6.4/s32ds/build_tools/gcc_v11.4/gcc-11.4-arm32-eabi/bin/../lib/gcc/arm-none-eabi/11.4.0/../../../../arm-none-eabi/lib/thumb/v7e-m/nofp\libc_nano.a(lib_a-findfp.o)
 .ARM.attributes
                0x000004bc       0x2e c:/nxp/s32ds.3.6.4/s32ds/build_tools/gcc_v11.4/gcc-11.4-arm32-eabi/bin/../lib/gcc/arm-none-eabi/11.4.0/../../../../arm-none-eabi/lib/thumb/v7e-m/nofp\libc_nano.a(lib_a-fwalk.o)
 .ARM.attributes
                0x000004ea       0x2e c:/nxp/s32ds.3.6.4/s32ds/build_tools/gcc_v11.4/gcc-11.4-arm32-eabi/bin/../lib/gcc/arm-none-eabi/11.4.0/../../../../arm-none-eabi/lib/thumb/v7e-m/nofp\libc_nano.a(lib_a-nano-mallocr.o)
 .ARM.attributes
                0x00000518       0x2e c:/nxp/s32ds.3.6.4/s32ds/build_tools/gcc_v11.4/gcc-11.4-arm32-eabi/bin/../lib/gcc/arm-none-eabi/11.4.0/../../../../arm-none-eabi/lib/thumb/v7e-m/nofp\libc_nano.a(lib_a-sbrkr.o)
 .ARM.attributes
                0x00000546       0x2e c:/nxp/s32ds.3.6.4/s32ds/build_tools/gcc_v11.4/gcc-11.4-arm32-eabi/bin/../lib/gcc/arm-none-eabi/11.4.0/../../../../arm-none-eabi/lib/thumb/v7e-m/nofp\libc_nano.a(lib_a-stdio.o)
 .ARM.attributes
                0x00000574       0x2e c:/nxp/s32ds.3.6.4/s32ds/build_tools/gcc_v11.4/gcc-11.4-arm32-eabi/bin/../lib/gcc/arm-none-eabi/11.4.0/../../../../arm-none-eabi/lib/thumb/v7e-m/nofp\libc_nano.a(lib_a-writer.o)
 .ARM.attributes
                0x000005a2       0x2e c:/nxp/s32ds.3.6.4/s32ds/build_tools/gcc_v11.4/gcc-11.4-arm32-eabi/bin/../lib/gcc/arm-none-eabi/11.4.0/../../../../arm-none-eabi/lib/thumb/v7e-m/nofp\libc_nano.a(lib_a-closer.o)
 .ARM.attributes
                0x000005d0       0x2e c:/nxp/s32ds.3.6.4/s32ds/build_tools/gcc_v11.4/gcc-11.4-arm32-eabi/bin/../lib/gcc/arm-none-eabi/11.4.0/../../../../arm-none-eabi/lib/thumb/v7e-m/nofp\libc_nano.a(lib_a-fflush.o)
 .ARM.attributes
                0x000005fe       0x2e c:/nxp/s32ds.3.6.4/s32ds/build_tools/gcc_v11.4/gcc-11.4-arm32-eabi/bin/../lib/gcc/arm-none-eabi/11.4.0/../../../../arm-none-eabi/lib/thumb/v7e-m/nofp\libc_nano.a(lib_a-lseekr.o)
 .ARM.attributes
                0x0000062c       0x2e c:/nxp/s32ds.3.6.4/s32ds/build_tools/gcc_v11.4/gcc-11.4-arm32-eabi/bin/../lib/gcc/arm-none-eabi/11.4.0/../../../../arm-none-eabi/lib/thumb/v7e-m/nofp\libc_nano.a(lib_a-mlock.o)
 .ARM.attributes
                0x0000065a       0x2e c:/nxp/s32ds.3.6.4/s32ds/build_tools/gcc_v11.4/gcc-11.4-arm32-eabi/bin/../lib/gcc/arm-none-eabi/11.4.0/../../../../arm-none-eabi/lib/thumb/v7e-m/nofp\libc_nano.a(lib_a-nano-freer.o)
 .ARM.attributes
                0x00000688       0x2e c:/nxp/s32ds.3.6.4/s32ds/build_tools/gcc_v11.4/gcc-11.4-arm32-eabi/bin/../lib/gcc/arm-none-eabi/11.4.0/../../../../arm-none-eabi/lib/thumb/v7e-m/nofp\libc_nano.a(lib_a-readr.o)
 .ARM.attributes
                0x000006b6       0x2e c:/nxp/s32ds.3.6.4/s32ds/build_tools/gcc_v11.4/gcc-11.4-arm32-eabi/bin/../lib/gcc/arm-none-eabi/11.4.0/../../../../arm-none-eabi/lib/thumb/v7e-m/nofp\libc_nano.a(lib_a-reent.o)
 .ARM.attributes
                0x000006e4       0x2e c:/nxp/s32ds.3.6.4/s32ds/build_tools/gcc_v11.4/gcc-11.4-arm32-eabi/bin/../lib/gcc/arm-none-eabi/11.4.0/thumb/v7e-m/nofp/crtend.o
 .ARM.attributes
                0x00000712       0x1e c:/nxp/s32ds.3.6.4/s32ds/build_tools/gcc_v11.4/gcc-11.4-arm32-eabi/bin/../lib/gcc/arm-none-eabi/11.4.0/thumb/v7e-m/nofp/crtn.o
                0x00000001                ASSERT ((__StackLimit >= __HeapLimit), region m_data_2 overflowed with stack and heap)
OUTPUT(S32K144_Demo_Mock_Test_checkelf.elf elf32-littlearm)
LOAD linker stubs

.comment        0x00000000       0x88
 .comment       0x00000000       0x88 c:/nxp/s32ds.3.6.4/s32ds/build_tools/gcc_v11.4/gcc-11.4-arm32-eabi/bin/../lib/gcc/arm-none-eabi/11.4.0/thumb/v7e-m/nofp/crtbegin.o
                                 0x89 (size before relaxing)
 .comment       0x00000088       0x89 ./Project_Settings/Startup_Code/startup.o
 .comment       0x00000088       0x89 ./Project_Settings/Startup_Code/system_S32K144.o
 .comment       0x00000088       0x89 ./src/main.o
 .comment       0x00000088       0x89 ./src/src/Bootloader.o
 .comment       0x00000088       0x89 ./src/src/Driver_GPIO.o
 .comment       0x00000088       0x89 ./src/src/Driver_USART.o
 .comment       0x00000088       0x89 ./src/src/FLASH.o
 .comment       0x00000088       0x89 ./src/src/HAL_GPIO.o
 .comment       0x00000088       0x89 ./src/src/HAL_USART.o
 .comment       0x00000088       0x89 ./src/src/Queue.o
 .comment       0x00000088       0x89 ./src/src/app.o
 .comment       0x00000088       0x89 ./src/src/clocks_and_modes.o
 .comment       0x00000088       0x89 ./src/src/srec.o
 .comment       0x00000088       0x89 c:/nxp/s32ds.3.6.4/s32ds/build_tools/gcc_v11.4/gcc-11.4-arm32-eabi/bin/../lib/gcc/arm-none-eabi/11.4.0/../../../../arm-none-eabi/lib/thumb/v7e-m/nofp\libc_nano.a(lib_a-exit.o)
 .comment       0x00000088       0x89 c:/nxp/s32ds.3.6.4/s32ds/build_tools/gcc_v11.4/gcc-11.4-arm32-eabi/bin/../lib/gcc/arm-none-eabi/11.4.0/../../../../arm-none-eabi/lib/thumb/v7e-m/nofp\libc_nano.a(lib_a-impure.o)
 .comment       0x00000088       0x89 c:/nxp/s32ds.3.6.4/s32ds/build_tools/gcc_v11.4/gcc-11.4-arm32-eabi/bin/../lib/gcc/arm-none-eabi/11.4.0/../../../../arm-none-eabi/lib/thumb/v7e-m/nofp\libc_nano.a(lib_a-init.o)
 .comment       0x00000088       0x89 c:/nxp/s32ds.3.6.4/s32ds/build_tools/gcc_v11.4/gcc-11.4-arm32-eabi/bin/../lib/gcc/arm-none-eabi/11.4.0/../../../../arm-none-eabi/lib/thumb/v7e-m/nofp\libc_nano.a(lib_a-memcpy-stub.o)
 .comment       0x00000088       0x89 c:/nxp/s32ds.3.6.4/s32ds/build_tools/gcc_v11.4/gcc-11.4-arm32-eabi/bin/../lib/gcc/arm-none-eabi/11.4.0/../../../../arm-none-eabi/lib/thumb/v7e-m/nofp\libc_nano.a(lib_a-memset.o)
 .comment       0x00000088       0x89 c:/nxp/s32ds.3.6.4/s32ds/build_tools/gcc_v11.4/gcc-11.4-arm32-eabi/bin/../lib/gcc/arm-none-eabi/11.4.0/../../../../arm-none-eabi/lib/thumb/v7e-m/nofp\librdimon_nano.a(rdimon-syscalls.o)
 .comment       0x00000088       0x89 c:/nxp/s32ds.3.6.4/s32ds/build_tools/gcc_v11.4/gcc-11.4-arm32-eabi/bin/../lib/gcc/arm-none-eabi/11.4.0/../../../../arm-none-eabi/lib/thumb/v7e-m/nofp\librdimon_nano.a(rdimon-_exit.o)
 .comment       0x00000088       0x89 c:/nxp/s32ds.3.6.4/s32ds/build_tools/gcc_v11.4/gcc-11.4-arm32-eabi/bin/../lib/gcc/arm-none-eabi/11.4.0/../../../../arm-none-eabi/lib/thumb/v7e-m/nofp\librdimon_nano.a(rdimon-_kill.o)
 .comment       0x00000088       0x89 c:/nxp/s32ds.3.6.4/s32ds/build_tools/gcc_v11.4/gcc-11.4-arm32-eabi/bin/../lib/gcc/arm-none-eabi/11.4.0/../../../../arm-none-eabi/lib/thumb/v7e-m/nofp\libc_nano.a(lib_a-errno.o)
 .comment       0x00000088       0x89 c:/nxp/s32ds.3.6.4/s32ds/build_tools/gcc_v11.4/gcc-11.4-arm32-eabi/bin/../lib/gcc/arm-none-eabi/11.4.0/../../../../arm-none-eabi/lib/thumb/v7e-m/nofp\libc_nano.a(lib_a-findfp.o)
 .comment       0x00000088       0x89 c:/nxp/s32ds.3.6.4/s32ds/build_tools/gcc_v11.4/gcc-11.4-arm32-eabi/bin/../lib/gcc/arm-none-eabi/11.4.0/../../../../arm-none-eabi/lib/thumb/v7e-m/nofp\libc_nano.a(lib_a-fwalk.o)
 .comment       0x00000088       0x89 c:/nxp/s32ds.3.6.4/s32ds/build_tools/gcc_v11.4/gcc-11.4-arm32-eabi/bin/../lib/gcc/arm-none-eabi/11.4.0/../../../../arm-none-eabi/lib/thumb/v7e-m/nofp\libc_nano.a(lib_a-nano-mallocr.o)
 .comment       0x00000088       0x89 c:/nxp/s32ds.3.6.4/s32ds/build_tools/gcc_v11.4/gcc-11.4-arm32-eabi/bin/../lib/gcc/arm-none-eabi/11.4.0/../../../../arm-none-eabi/lib/thumb/v7e-m/nofp\libc_nano.a(lib_a-sbrkr.o)
 .comment       0x00000088       0x89 c:/nxp/s32ds.3.6.4/s32ds/build_tools/gcc_v11.4/gcc-11.4-arm32-eabi/bin/../lib/gcc/arm-none-eabi/11.4.0/../../../../arm-none-eabi/lib/thumb/v7e-m/nofp\libc_nano.a(lib_a-stdio.o)
 .comment       0x00000088       0x89 c:/nxp/s32ds.3.6.4/s32ds/build_tools/gcc_v11.4/gcc-11.4-arm32-eabi/bin/../lib/gcc/arm-none-eabi/11.4.0/../../../../arm-none-eabi/lib/thumb/v7e-m/nofp\libc_nano.a(lib_a-writer.o)
 .comment       0x00000088       0x89 c:/nxp/s32ds.3.6.4/s32ds/build_tools/gcc_v11.4/gcc-11.4-arm32-eabi/bin/../lib/gcc/arm-none-eabi/11.4.0/../../../../arm-none-eabi/lib/thumb/v7e-m/nofp\libc_nano.a(lib_a-closer.o)
 .comment       0x00000088       0x89 c:/nxp/s32ds.3.6.4/s32ds/build_tools/gcc_v11.4/gcc-11.4-arm32-eabi/bin/../lib/gcc/arm-none-eabi/11.4.0/../../../../arm-none-eabi/lib/thumb/v7e-m/nofp\libc_nano.a(lib_a-fflush.o)
 .comment       0x00000088       0x89 c:/nxp/s32ds.3.6.4/s32ds/build_tools/gcc_v11.4/gcc-11.4-arm32-eabi/bin/../lib/gcc/arm-none-eabi/11.4.0/../../../../arm-none-eabi/lib/thumb/v7e-m/nofp\libc_nano.a(lib_a-lseekr.o)
 .comment       0x00000088       0x89 c:/nxp/s32ds.3.6.4/s32ds/build_tools/gcc_v11.4/gcc-11.4-arm32-eabi/bin/../lib/gcc/arm-none-eabi/11.4.0/../../../../arm-none-eabi/lib/thumb/v7e-m/nofp\libc_nano.a(lib_a-mlock.o)
 .comment       0x00000088       0x89 c:/nxp/s32ds.3.6.4/s32ds/build_tools/gcc_v11.4/gcc-11.4-arm32-eabi/bin/../lib/gcc/arm-none-eabi/11.4.0/../../../../arm-none-eabi/lib/thumb/v7e-m/nofp\libc_nano.a(lib_a-nano-freer.o)
 .comment       0x00000088       0x89 c:/nxp/s32ds.3.6.4/s32ds/build_tools/gcc_v11.4/gcc-11.4-arm32-eabi/bin/../lib/gcc/arm-none-eabi/11.4.0/../../../../arm-none-eabi/lib/thumb/v7e-m/nofp\libc_nano.a(lib_a-readr.o)
 .comment       0x00000088       0x89 c:/nxp/s32ds.3.6.4/s32ds/build_tools/gcc_v11.4/gcc-11.4-arm32-eabi/bin/../lib/gcc/arm-none-eabi/11.4.0/../../../../arm-none-eabi/lib/thumb/v7e-m/nofp\libc_nano.a(lib_a-reent.o)
 .comment       0x00000088       0x89 c:/nxp/s32ds.3.6.4/s32ds/build_tools/gcc_v11.4/gcc-11.4-arm32-eabi/bin/../lib/gcc/arm-none-eabi/11.4.0/thumb/v7e-m/nofp/crtend.o

.debug_line     0x00000000     0x416c
 .debug_line    0x00000000       0xbf c:/nxp/s32ds.3.6.4/s32ds/build_tools/gcc_v11.4/gcc-11.4-arm32-eabi/bin/../lib/gcc/arm-none-eabi/11.4.0/../../../../arm-none-eabi/lib/thumb/v7e-m/nofp/rdimon-crt0.o
 .debug_line    0x000000bf      0x3a3 ./Project_Settings/Startup_Code/startup.o
 .debug_line    0x00000462       0x78 ./Project_Settings/Startup_Code/startup_S32K144.o
 .debug_line    0x000004da      0x3d7 ./Project_Settings/Startup_Code/system_S32K144.o
 .debug_line    0x000008b1      0x52c ./src/main.o
 .debug_line    0x00000ddd      0x738 ./src/src/Bootloader.o
 .debug_line    0x00001515      0x495 ./src/src/Driver_GPIO.o
 .debug_line    0x000019aa      0x40b ./src/src/Driver_USART.o
 .debug_line    0x00001db5      0x484 ./src/src/FLASH.o
 .debug_line    0x00002239      0x526 ./src/src/HAL_GPIO.o
 .debug_line    0x0000275f      0x6b2 ./src/src/HAL_USART.o
 .debug_line    0x00002e11      0x4ed ./src/src/Queue.o
 .debug_line    0x000032fe      0x3da ./src/src/app.o
 .debug_line    0x000036d8      0x3f6 ./src/src/clocks_and_modes.o
 .debug_line    0x00003ace      0x69e ./src/src/srec.o

.debug_line_str
                0x00000000      0x123
 .debug_line_str
                0x00000000       0xa0 c:/nxp/s32ds.3.6.4/s32ds/build_tools/gcc_v11.4/gcc-11.4-arm32-eabi/bin/../lib/gcc/arm-none-eabi/11.4.0/../../../../arm-none-eabi/lib/thumb/v7e-m/nofp/rdimon-crt0.o
                                 0xa7 (size before relaxing)
 .debug_line_str
                0x000000a0       0x83 ./Project_Settings/Startup_Code/startup_S32K144.o
                                 0x95 (size before relaxing)

.debug_info     0x00000000     0x4ec2
 .debug_info    0x00000000       0x25 c:/nxp/s32ds.3.6.4/s32ds/build_tools/gcc_v11.4/gcc-11.4-arm32-eabi/bin/../lib/gcc/arm-none-eabi/11.4.0/../../../../arm-none-eabi/lib/thumb/v7e-m/nofp/rdimon-crt0.o
 .debug_info    0x00000025      0x419 ./Project_Settings/Startup_Code/startup.o
 .debug_info    0x0000043e       0x24 ./Project_Settings/Startup_Code/startup_S32K144.o
 .debug_info    0x00000462      0x54b ./Project_Settings/Startup_Code/system_S32K144.o
 .debug_info    0x000009ad      0xbc9 ./src/main.o
 .debug_info    0x00001576      0x719 ./src/src/Bootloader.o
 .debug_info    0x00001c8f      0x4ec ./src/src/Driver_GPIO.o
 .debug_info    0x0000217b      0x939 ./src/src/Driver_USART.o
 .debug_info    0x00002ab4      0x342 ./src/src/FLASH.o
 .debug_info    0x00002df6      0x603 ./src/src/HAL_GPIO.o
 .debug_info    0x000033f9      0xb88 ./src/src/HAL_USART.o
 .debug_info    0x00003f81      0x3c2 ./src/src/Queue.o
 .debug_info    0x00004343      0x5e6 ./src/src/app.o
 .debug_info    0x00004929      0x27d ./src/src/clocks_and_modes.o
 .debug_info    0x00004ba6      0x31c ./src/src/srec.o

.debug_abbrev   0x00000000     0x1768
 .debug_abbrev  0x00000000       0x14 c:/nxp/s32ds.3.6.4/s32ds/build_tools/gcc_v11.4/gcc-11.4-arm32-eabi/bin/../lib/gcc/arm-none-eabi/11.4.0/../../../../arm-none-eabi/lib/thumb/v7e-m/nofp/rdimon-crt0.o
 .debug_abbrev  0x00000014      0x120 ./Project_Settings/Startup_Code/startup.o
 .debug_abbrev  0x00000134       0x14 ./Project_Settings/Startup_Code/startup_S32K144.o
 .debug_abbrev  0x00000148      0x145 ./Project_Settings/Startup_Code/system_S32K144.o
 .debug_abbrev  0x0000028d      0x2f4 ./src/main.o
 .debug_abbrev  0x00000581      0x285 ./src/src/Bootloader.o
 .debug_abbrev  0x00000806      0x182 ./src/src/Driver_GPIO.o
 .debug_abbrev  0x00000988      0x24f ./src/src/Driver_USART.o
 .debug_abbrev  0x00000bd7      0x158 ./src/src/FLASH.o
 .debug_abbrev  0x00000d2f      0x1cf ./src/src/HAL_GPIO.o
 .debug_abbrev  0x00000efe      0x2c3 ./src/src/HAL_USART.o
 .debug_abbrev  0x000011c1      0x169 ./src/src/Queue.o
 .debug_abbrev  0x0000132a      0x209 ./src/src/app.o
 .debug_abbrev  0x00001533       0xd2 ./src/src/clocks_and_modes.o
 .debug_abbrev  0x00001605      0x163 ./src/src/srec.o

.debug_str      0x00000000    0x6898c
 .debug_str     0x00000000       0xac c:/nxp/s32ds.3.6.4/s32ds/build_tools/gcc_v11.4/gcc-11.4-arm32-eabi/bin/../lib/gcc/arm-none-eabi/11.4.0/../../../../arm-none-eabi/lib/thumb/v7e-m/nofp/rdimon-crt0.o
 .debug_str     0x000000ac    0x61b6c ./Project_Settings/Startup_Code/startup.o
                              0x61d01 (size before relaxing)
 .debug_str     0x00061c18       0x33 ./Project_Settings/Startup_Code/startup_S32K144.o
                                 0x8f (size before relaxing)
 .debug_str     0x00061c4b      0x1ed ./Project_Settings/Startup_Code/system_S32K144.o
                              0x61b72 (size before relaxing)
 .debug_str     0x00061e38     0x1c87 ./src/main.o
                              0x63795 (size before relaxing)
 .debug_str     0x00063abf     0x2fae ./src/src/Bootloader.o
                              0x65e41 (size before relaxing)
 .debug_str     0x00066a6d      0x15f ./src/src/Driver_GPIO.o
                              0x62158 (size before relaxing)
 .debug_str     0x00066bcc      0x26e ./src/src/Driver_USART.o
                               0x57ce (size before relaxing)
 .debug_str     0x00066e3a      0x1c2 ./src/src/FLASH.o
                              0x56b8e (size before relaxing)
 .debug_str     0x00066ffc       0xe7 ./src/src/HAL_GPIO.o
                              0x62110 (size before relaxing)
 .debug_str     0x000670e3      0x7cb ./src/src/HAL_USART.o
                              0x587b0 (size before relaxing)
 .debug_str     0x000678ae       0x8c ./src/src/Queue.o
                               0x6ed9 (size before relaxing)
 .debug_str     0x0006793a       0x73 ./src/src/app.o
                               0x8257 (size before relaxing)
 .debug_str     0x000679ad       0x1e ./src/src/clocks_and_modes.o
                              0x61a01 (size before relaxing)
 .debug_str     0x000679cb      0xfc1 ./src/src/srec.o
                               0x7dcc (size before relaxing)

.debug_aranges  0x00000000      0x408
 .debug_aranges
                0x00000000       0x20 ./Project_Settings/Startup_Code/startup.o
 .debug_aranges
                0x00000020       0x20 ./Project_Settings/Startup_Code/startup_S32K144.o
 .debug_aranges
                0x00000040       0x30 ./Project_Settings/Startup_Code/system_S32K144.o
 .debug_aranges
                0x00000070       0x48 ./src/main.o
 .debug_aranges
                0x000000b8       0x68 ./src/src/Bootloader.o
 .debug_aranges
                0x00000120       0x50 ./src/src/Driver_GPIO.o
 .debug_aranges
                0x00000170       0x88 ./src/src/Driver_USART.o
 .debug_aranges
                0x000001f8       0x50 ./src/src/FLASH.o
 .debug_aranges
                0x00000248       0x60 ./src/src/HAL_GPIO.o
 .debug_aranges
                0x000002a8       0x88 ./src/src/HAL_USART.o
 .debug_aranges
                0x00000330       0x48 ./src/src/Queue.o
 .debug_aranges
                0x00000378       0x28 ./src/src/app.o
 .debug_aranges
                0x000003a0       0x30 ./src/src/clocks_and_modes.o
 .debug_aranges
                0x000003d0       0x38 ./src/src/srec.o

.debug_rnglists
                0x00000000      0x2cc
 .debug_rnglists
                0x00000000       0x14 ./Project_Settings/Startup_Code/startup.o
 .debug_rnglists
                0x00000014       0x20 ./Project_Settings/Startup_Code/system_S32K144.o
 .debug_rnglists
                0x00000034       0x33 ./src/main.o
 .debug_rnglists
                0x00000067       0x58 ./src/src/Bootloader.o
 .debug_rnglists
                0x000000bf       0x37 ./src/src/Driver_GPIO.o
 .debug_rnglists
                0x000000f6       0x61 ./src/src/Driver_USART.o
 .debug_rnglists
                0x00000157       0x38 ./src/src/FLASH.o
 .debug_rnglists
                0x0000018f       0x43 ./src/src/HAL_GPIO.o
 .debug_rnglists
                0x000001d2       0x68 ./src/src/HAL_USART.o
 .debug_rnglists
                0x0000023a       0x33 ./src/src/Queue.o
 .debug_rnglists
                0x0000026d       0x19 ./src/src/app.o
 .debug_rnglists
                0x00000286       0x20 ./src/src/clocks_and_modes.o
 .debug_rnglists
                0x000002a6       0x26 ./src/src/srec.o

.debug_macro    0x00000000    0x2a8a0
 .debug_macro   0x00000000       0xb5 ./Project_Settings/Startup_Code/startup.o
 .debug_macro   0x000000b5      0xa90 ./Project_Settings/Startup_Code/startup.o
 .debug_macro   0x00000b45       0x22 ./Project_Settings/Startup_Code/startup.o
 .debug_macro   0x00000b67       0x8e ./Project_Settings/Startup_Code/startup.o
 .debug_macro   0x00000bf5       0x51 ./Project_Settings/Startup_Code/startup.o
 .debug_macro   0x00000c46      0x103 ./Project_Settings/Startup_Code/startup.o
 .debug_macro   0x00000d49       0x6a ./Project_Settings/Startup_Code/startup.o
 .debug_macro   0x00000db3      0x1df ./Project_Settings/Startup_Code/startup.o
 .debug_macro   0x00000f92       0x10 ./Project_Settings/Startup_Code/startup.o
 .debug_macro   0x00000fa2       0x78 ./Project_Settings/Startup_Code/startup.o
 .debug_macro   0x0000101a     0xc365 ./Project_Settings/Startup_Code/startup.o
 .debug_macro   0x0000d37f     0x1707 ./Project_Settings/Startup_Code/startup.o
 .debug_macro   0x0000ea86       0x22 ./Project_Settings/Startup_Code/startup.o
 .debug_macro   0x0000eaa8       0x40 ./Project_Settings/Startup_Code/startup.o
 .debug_macro   0x0000eae8       0xb4 ./Project_Settings/Startup_Code/system_S32K144.o
 .debug_macro   0x0000eb9c       0x16 ./Project_Settings/Startup_Code/system_S32K144.o
 .debug_macro   0x0000ebb2     0xc353 ./Project_Settings/Startup_Code/system_S32K144.o
 .debug_macro   0x0001af05       0x28 ./Project_Settings/Startup_Code/system_S32K144.o
 .debug_macro   0x0001af2d      0x147 ./src/main.o
 .debug_macro   0x0001b074       0x22 ./src/main.o
 .debug_macro   0x0001b096      0x174 ./src/main.o
 .debug_macro   0x0001b20a       0x34 ./src/main.o
 .debug_macro   0x0001b23e       0x1c ./src/main.o
 .debug_macro   0x0001b25a      0x1f3 ./src/main.o
 .debug_macro   0x0001b44d       0x16 ./src/main.o
 .debug_macro   0x0001b463       0x16 ./src/main.o
 .debug_macro   0x0001b479       0x28 ./src/main.o
 .debug_macro   0x0001b4a1      0x1ea ./src/src/Bootloader.o
 .debug_macro   0x0001b68b     0x171c ./src/src/Bootloader.o
 .debug_macro   0x0001cda7     0xc350 ./src/src/Bootloader.o
 .debug_macro   0x000290f7       0x58 ./src/src/Bootloader.o
 .debug_macro   0x0002914f       0x18 ./src/src/Bootloader.o
 .debug_macro   0x00029167       0x3c ./src/src/Bootloader.o
 .debug_macro   0x000291a3       0x34 ./src/src/Bootloader.o
 .debug_macro   0x000291d7       0x16 ./src/src/Bootloader.o
 .debug_macro   0x000291ed       0x43 ./src/src/Bootloader.o
 .debug_macro   0x00029230       0x34 ./src/src/Bootloader.o
 .debug_macro   0x00029264       0x10 ./src/src/Bootloader.o
 .debug_macro   0x00029274       0x52 ./src/src/Bootloader.o
 .debug_macro   0x000292c6       0x71 ./src/src/Bootloader.o
 .debug_macro   0x00029337       0x1c ./src/src/Bootloader.o
 .debug_macro   0x00029353      0x12a ./src/src/Bootloader.o
 .debug_macro   0x0002947d      0x333 ./src/src/Bootloader.o
 .debug_macro   0x000297b0       0x10 ./src/src/Bootloader.o
 .debug_macro   0x000297c0       0x35 ./src/src/Bootloader.o
 .debug_macro   0x000297f5      0x1ed ./src/src/Bootloader.o
 .debug_macro   0x000299e2       0xea ./src/src/Driver_GPIO.o
 .debug_macro   0x00029acc       0x10 ./src/src/Driver_GPIO.o
 .debug_macro   0x00029adc       0xa7 ./src/src/Driver_USART.o
 .debug_macro   0x00029b83       0x87 ./src/src/FLASH.o
 .debug_macro   0x00029c0a       0x22 ./src/src/FLASH.o
 .debug_macro   0x00029c2c       0xe0 ./src/src/HAL_GPIO.o
 .debug_macro   0x00029d0c       0x22 ./src/src/HAL_GPIO.o
 .debug_macro   0x00029d2e       0xbb ./src/src/HAL_USART.o
 .debug_macro   0x00029de9      0x140 ./src/src/Queue.o
 .debug_macro   0x00029f29       0x10 ./src/src/Queue.o
 .debug_macro   0x00029f39      0x18d ./src/src/app.o
 .debug_macro   0x0002a0c6       0xb5 ./src/src/clocks_and_modes.o
 .debug_macro   0x0002a17b      0x1d6 ./src/src/srec.o
 .debug_macro   0x0002a351       0x1c ./src/src/srec.o
 .debug_macro   0x0002a36d       0x16 ./src/src/srec.o
 .debug_macro   0x0002a383       0x97 ./src/src/srec.o
 .debug_macro   0x0002a41a       0xfd ./src/src/srec.o
 .debug_macro   0x0002a517       0x10 ./src/src/srec.o
 .debug_macro   0x0002a527       0x10 ./src/src/srec.o
 .debug_macro   0x0002a537       0x1c ./src/src/srec.o
 .debug_macro   0x0002a553       0x52 ./src/src/srec.o
 .debug_macro   0x0002a5a5       0x22 ./src/src/srec.o
 .debug_macro   0x0002a5c7       0x10 ./src/src/srec.o
 .debug_macro   0x0002a5d7       0x40 ./src/src/srec.o
 .debug_macro   0x0002a617       0xd5 ./src/src/srec.o
 .debug_macro   0x0002a6ec       0x1c ./src/src/srec.o
 .debug_macro   0x0002a708       0x3d ./src/src/srec.o
 .debug_macro   0x0002a745       0x16 ./src/src/srec.o
 .debug_macro   0x0002a75b      0x145 ./src/src/srec.o

.debug_frame    0x00000000      0xd10
 .debug_frame   0x00000000       0x38 ./Project_Settings/Startup_Code/startup.o
 .debug_frame   0x00000038       0x80 ./Project_Settings/Startup_Code/system_S32K144.o
 .debug_frame   0x000000b8       0xcc ./src/main.o
 .debug_frame   0x00000184      0x170 ./src/src/Bootloader.o
 .debug_frame   0x000002f4      0x10c ./src/src/Driver_GPIO.o
 .debug_frame   0x00000400      0x208 ./src/src/Driver_USART.o
 .debug_frame   0x00000608      0x10c ./src/src/FLASH.o
 .debug_frame   0x00000714      0x15c ./src/src/HAL_GPIO.o
 .debug_frame   0x00000870      0x234 ./src/src/HAL_USART.o
 .debug_frame   0x00000aa4       0xf4 ./src/src/Queue.o
 .debug_frame   0x00000b98       0x5c ./src/src/app.o
 .debug_frame   0x00000bf4       0x70 ./src/src/clocks_and_modes.o
 .debug_frame   0x00000c64       0xac ./src/src/srec.o
