Archive member included to satisfy reference by file (symbol)

c:/nxp/s32ds.3.6.4/s32ds/build_tools/gcc_v11.4/gcc-11.4-arm32-eabi/bin/../lib/gcc/arm-none-eabi/11.4.0/../../../../arm-none-eabi/lib/thumb/v7e-m/nofp\libc.a(lib_a-exit.o)
                              c:/nxp/s32ds.3.6.4/s32ds/build_tools/gcc_v11.4/gcc-11.4-arm32-eabi/bin/../lib/gcc/arm-none-eabi/11.4.0/../../../../arm-none-eabi/lib/thumb/v7e-m/nofp/rdimon-crt0.o (exit)
c:/nxp/s32ds.3.6.4/s32ds/build_tools/gcc_v11.4/gcc-11.4-arm32-eabi/bin/../lib/gcc/arm-none-eabi/11.4.0/../../../../arm-none-eabi/lib/thumb/v7e-m/nofp\libc.a(lib_a-impure.o)
                              c:/nxp/s32ds.3.6.4/s32ds/build_tools/gcc_v11.4/gcc-11.4-arm32-eabi/bin/../lib/gcc/arm-none-eabi/11.4.0/../../../../arm-none-eabi/lib/thumb/v7e-m/nofp\libc.a(lib_a-exit.o) (_global_impure_ptr)
c:/nxp/s32ds.3.6.4/s32ds/build_tools/gcc_v11.4/gcc-11.4-arm32-eabi/bin/../lib/gcc/arm-none-eabi/11.4.0/../../../../arm-none-eabi/lib/thumb/v7e-m/nofp\libc.a(lib_a-init.o)
                              c:/nxp/s32ds.3.6.4/s32ds/build_tools/gcc_v11.4/gcc-11.4-arm32-eabi/bin/../lib/gcc/arm-none-eabi/11.4.0/../../../../arm-none-eabi/lib/thumb/v7e-m/nofp/rdimon-crt0.o (__libc_init_array)
c:/nxp/s32ds.3.6.4/s32ds/build_tools/gcc_v11.4/gcc-11.4-arm32-eabi/bin/../lib/gcc/arm-none-eabi/11.4.0/../../../../arm-none-eabi/lib/thumb/v7e-m/nofp\libc.a(lib_a-memcpy-stub.o)
                              ./src/src/Queue.o (memcpy)
c:/nxp/s32ds.3.6.4/s32ds/build_tools/gcc_v11.4/gcc-11.4-arm32-eabi/bin/../lib/gcc/arm-none-eabi/11.4.0/../../../../arm-none-eabi/lib/thumb/v7e-m/nofp\libc.a(lib_a-memset.o)
                              c:/nxp/s32ds.3.6.4/s32ds/build_tools/gcc_v11.4/gcc-11.4-arm32-eabi/bin/../lib/gcc/arm-none-eabi/11.4.0/../../../../arm-none-eabi/lib/thumb/v7e-m/nofp/rdimon-crt0.o (memset)
c:/nxp/s32ds.3.6.4/s32ds/build_tools/gcc_v11.4/gcc-11.4-arm32-eabi/bin/../lib/gcc/arm-none-eabi/11.4.0/../../../../arm-none-eabi/lib/thumb/v7e-m/nofp\libc.a(lib_a-strlen.o)
                              ./src/src/app.o (strlen)
c:/nxp/s32ds.3.6.4/s32ds/build_tools/gcc_v11.4/gcc-11.4-arm32-eabi/bin/../lib/gcc/arm-none-eabi/11.4.0/../../../../arm-none-eabi/lib/thumb/v7e-m/nofp\libc.a(lib_a-__call_atexit.o)
                              c:/nxp/s32ds.3.6.4/s32ds/build_tools/gcc_v11.4/gcc-11.4-arm32-eabi/bin/../lib/gcc/arm-none-eabi/11.4.0/../../../../arm-none-eabi/lib/thumb/v7e-m/nofp\libc.a(lib_a-exit.o) (__call_exitprocs)
c:/nxp/s32ds.3.6.4/s32ds/build_tools/gcc_v11.4/gcc-11.4-arm32-eabi/bin/../lib/gcc/arm-none-eabi/11.4.0/../../../../arm-none-eabi/lib/thumb/v7e-m/nofp\libc.a(lib_a-fini.o)
                              c:/nxp/s32ds.3.6.4/s32ds/build_tools/gcc_v11.4/gcc-11.4-arm32-eabi/bin/../lib/gcc/arm-none-eabi/11.4.0/../../../../arm-none-eabi/lib/thumb/v7e-m/nofp\libc.a(lib_a-__call_atexit.o) (__libc_fini_array)
c:/nxp/s32ds.3.6.4/s32ds/build_tools/gcc_v11.4/gcc-11.4-arm32-eabi/bin/../lib/gcc/arm-none-eabi/11.4.0/../../../../arm-none-eabi/lib/thumb/v7e-m/nofp\libc.a(lib_a-atexit.o)
                              c:/nxp/s32ds.3.6.4/s32ds/build_tools/gcc_v11.4/gcc-11.4-arm32-eabi/bin/../lib/gcc/arm-none-eabi/11.4.0/../../../../arm-none-eabi/lib/thumb/v7e-m/nofp\libc.a(lib_a-__call_atexit.o) (atexit)
c:/nxp/s32ds.3.6.4/s32ds/build_tools/gcc_v11.4/gcc-11.4-arm32-eabi/bin/../lib/gcc/arm-none-eabi/11.4.0/../../../../arm-none-eabi/lib/thumb/v7e-m/nofp\libc.a(lib_a-__atexit.o)
                              c:/nxp/s32ds.3.6.4/s32ds/build_tools/gcc_v11.4/gcc-11.4-arm32-eabi/bin/../lib/gcc/arm-none-eabi/11.4.0/../../../../arm-none-eabi/lib/thumb/v7e-m/nofp\libc.a(lib_a-atexit.o) (__register_exitproc)
c:/nxp/s32ds.3.6.4/s32ds/build_tools/gcc_v11.4/gcc-11.4-arm32-eabi/bin/../lib/gcc/arm-none-eabi/11.4.0/../../../../arm-none-eabi/lib/thumb/v7e-m/nofp\librdimon.a(rdimon-syscalls.o)
                              c:/nxp/s32ds.3.6.4/s32ds/build_tools/gcc_v11.4/gcc-11.4-arm32-eabi/bin/../lib/gcc/arm-none-eabi/11.4.0/../../../../arm-none-eabi/lib/thumb/v7e-m/nofp/rdimon-crt0.o (initialise_monitor_handles)
c:/nxp/s32ds.3.6.4/s32ds/build_tools/gcc_v11.4/gcc-11.4-arm32-eabi/bin/../lib/gcc/arm-none-eabi/11.4.0/../../../../arm-none-eabi/lib/thumb/v7e-m/nofp\librdimon.a(rdimon-_exit.o)
                              c:/nxp/s32ds.3.6.4/s32ds/build_tools/gcc_v11.4/gcc-11.4-arm32-eabi/bin/../lib/gcc/arm-none-eabi/11.4.0/../../../../arm-none-eabi/lib/thumb/v7e-m/nofp\libc.a(lib_a-exit.o) (_exit)
c:/nxp/s32ds.3.6.4/s32ds/build_tools/gcc_v11.4/gcc-11.4-arm32-eabi/bin/../lib/gcc/arm-none-eabi/11.4.0/../../../../arm-none-eabi/lib/thumb/v7e-m/nofp\librdimon.a(rdimon-_kill.o)
                              c:/nxp/s32ds.3.6.4/s32ds/build_tools/gcc_v11.4/gcc-11.4-arm32-eabi/bin/../lib/gcc/arm-none-eabi/11.4.0/../../../../arm-none-eabi/lib/thumb/v7e-m/nofp\librdimon.a(rdimon-_exit.o) (_kill_shared)
[...]
Memory Configuration

Name             Origin             Length             Attributes
m_interrupts     0x00000000         0x00000400         xr
m_flash_config   0x00000400         0x00000010         xr
m_text           0x00000410         0x0007fbf0         xr
m_data           0x1fff8000         0x00008000         rw
m_data_2         0x20000000         0x00007000         rw
*default*        0x00000000         0xffffffff

Linker script and memory map

LOAD c:/nxp/s32ds.3.6.4/s32ds/build_tools/gcc_v11.4/gcc-11.4-arm32-eabi/bin/../lib/gcc/arm-none-eabi/11.4.0/thumb/v7e-m/nofp/crti.o
LOAD c:/nxp/s32ds.3.6.4/s32ds/build_tools/gcc_v11.4/gcc-11.4-arm32-eabi/bin/../lib/gcc/arm-none-eabi/11.4.0/thumb/v7e-m/nofp/crtbegin.o
LOAD c:/nxp/s32ds.3.6.4/s32ds/build_tools/gcc_v11.4/gcc-11.4-arm32-eabi/bin/../lib/gcc/arm-none-eabi/11.4.0/../../../../arm-none-eabi/lib/thumb/v7e-m/nofp/rdimon-crt0.o
LOAD ./Project_Settings/Startup_Code/startup.o
LOAD ./Project_Settings/Startup_Code/startup_S32K144.o
LOAD ./Project_Settings/Startup_Code/system_S32K144.o
LOAD ./src/main.o
LOAD ./src/src/Bootloader.o
LOAD ./src/src/Driver_GPIO.o
LOAD ./src/src/Driver_USART.o
LOAD ./src/src/FLASH.o
LOAD ./src/src/HAL_GPIO.o
LOAD ./src/src/HAL_USART.o
LOAD ./src/src/Queue.o
LOAD ./src/src/app.o
LOAD ./src/src/clocks_and_modes.o
LOAD ./src/src/srec.o
START GROUP
LOAD c:/nxp/s32ds.3.6.4/s32ds/build_tools/gcc_v11.4/gcc-11.4-arm32-eabi/bin/../lib/gcc/arm-none-eabi/11.4.0/thumb/v7e-m/nofp\libgcc.a
LOAD c:/nxp/s32ds.3.6.4/s32ds/build_tools/gcc_v11.4/gcc-11.4-arm32-eabi/bin/../lib/gcc/arm-none-eabi/11.4.0/../../../../arm-none-eabi/lib/thumb/v7e-m/nofp\libc.a
END GROUP
START GROUP
LOAD c:/nxp/s32ds.3.6.4/s32ds/build_tools/gcc_v11.4/gcc-11.4-arm32-eabi/bin/../lib/gcc/arm-none-eabi/11.4.0/thumb/v7e-m/nofp\libgcc.a
LOAD c:/nxp/s32ds.3.6.4/s32ds/build_tools/gcc_v11.4/gcc-11.4-arm32-eabi/bin/../lib/gcc/arm-none-eabi/11.4.0/../../../../arm-none-eabi/lib/thumb/v7e-m/nofp\libc.a
LOAD c:/nxp/s32ds.3.6.4/s32ds/build_tools/gcc_v11.4/gcc-11.4-arm32-eabi/bin/../lib/gcc/arm-none-eabi/11.4.0/../../../../arm-none-eabi/lib/thumb/v7e-m/nofp\librdimon.a
END GROUP
LOAD c:/nxp/s32ds.3.6.4/s32ds/build_tools/gcc_v11.4/gcc-11.4-arm32-eabi/bin/../lib/gcc/arm-none-eabi/11.4.0/thumb/v7e-m/nofp/crtend.o
LOAD c:/nxp/s32ds.3.6.4/s32ds/build_tools/gcc_v11.4/gcc-11.4-arm32-eabi/bin/../lib/gcc/arm-none-eabi/11.4.0/thumb/v7e-m/nofp/crtn.o
                0x00000400                HEAP_SIZE = DEFINED (__heap_size__)?__heap_size__:0x400
                0x00000400                STACK_SIZE = DEFINED (__stack_size__)?__stack_size__:0x400
                0x00000400                M_VECTOR_RAM_SIZE = DEFINED (__flash_vector_table__)?0x0:0x400

.interrupts     0x00000000      0x400
                0x00000000                __VECTOR_TABLE = .
                0x00000000                __interrupts_start__ = .
                0x00000000                . = ALIGN (0x4)
 *(.isr_vector)
 .isr_vector    0x00000000      0x400 ./Project_Settings/Startup_Code/startup_S32K144.o
                0x00000000                __isr_vector
                0x00000400                __interrupts_end__ = .
                0x00000400                . = ALIGN (0x4)

.flash_config   0x00000400       0x10
                0x00000400                . = ALIGN (0x4)
 *(.FlashConfig)
 .FlashConfig   0x00000400       0x10 ./Project_Settings/Startup_Code/startup_S32K144.o
                0x00000410                . = ALIGN (0x4)

.text           0x00000410     0x3240
                0x00000410                . = ALIGN (0x4)
 *(.text)
 .text          0x00000410       0x88 c:/nxp/s32ds.3.6.4/s32ds/build_tools/gcc_v11.4/gcc-11.4-arm32-eabi/bin/../lib/gcc/arm-none-eabi/11.4.0/thumb/v7e-m/nofp/crtbegin.o
 .text          0x00000498       0xf8 c:/nxp/s32ds.3.6.4/s32ds/build_tools/gcc_v11.4/gcc-11.4-arm32-eabi/bin/../lib/gcc/arm-none-eabi/11.4.0/../../../../arm-none-eabi/lib/thumb/v7e-m/nofp/rdimon-crt0.o
                0x00000498                _stack_init
                0x000004a4                _start
                0x000004a4                _mainCRTStartup
 .text          0x00000590       0x6c ./Project_Settings/Startup_Code/startup_S32K144.o
                0x00000590                Reset_Handler
                0x000005f8                DebugMon_Handler
                0x000005f8                Reserved88_IRQHandler
                0x000005f8                CAN0_ORed_IRQHandler
                0x000005f8                HardFault_Handler
                0x000005f8                Reserved86_IRQHandler
                0x000005f8                Reserved103_IRQHandler
                0x000005f8                SysTick_Handler
                0x000005f8                FTM2_Ovf_Reload_IRQHandler
                0x000005f8                Reserved50_IRQHandler
                0x000005f8                FTFC_Fault_IRQHandler
                0x000005f8                FTM0_Ch6_Ch7_IRQHandler
                0x000005f8                Reserved114_IRQHandler
                0x000005f8                PendSV_Handler
                0x000005f8                NMI_Handler
                0x000005f8                Reserved89_IRQHandler
                0x000005f8                ERM_double_fault_IRQHandler
                0x000005f8                DMA2_IRQHandler
                0x000005f8                Reserved59_IRQHandler
                0x000005f8                LPIT0_Ch0_IRQHandler
                0x000005f8                Reserved99_IRQHandler
                0x000005f8                FTM3_Ch6_Ch7_IRQHandler
                0x000005f8                CAN2_ORed_0_15_MB_IRQHandler
                0x000005f8                LPIT0_Ch3_IRQHandler
                0x000005f8                Reserved92_IRQHandler
                0x000005f8                FTM0_Ch4_Ch5_IRQHandler
                0x000005f8                CAN1_Error_IRQHandler
                0x000005f8                FTM3_Ch0_Ch1_IRQHandler
                0x000005f8                SWI_IRQHandler
                0x000005f8                ADC0_IRQHandler
                0x000005f8                FTM2_Ch4_Ch5_IRQHandler
                0x000005f8                UsageFault_Handler
                0x000005f8                FTM0_Ovf_Reload_IRQHandler
                0x000005f8                DefaultISR
                0x000005f8                DMA9_IRQHandler
                0x000005f8                Reserved58_IRQHandler
                0x000005f8                CAN1_ORed_0_15_MB_IRQHandler
                0x000005f8                FTM1_Ch2_Ch3_IRQHandler
                0x000005f8                DMA14_IRQHandler
                0x000005f8                Reserved82_IRQHandler
                0x000005f8                CAN0_ORed_16_31_MB_IRQHandler
                0x000005f8                LPI2C0_Slave_IRQHandler
                0x000005f8                Reserved71_IRQHandler
                0x000005f8                PORTD_IRQHandler
                0x000005f8                Reserved69_IRQHandler
                0x000005f8                PORTB_IRQHandler
                0x000005f8                Reserved70_IRQHandler
                0x000005f8                ADC1_IRQHandler
                0x000005f8                FTM2_Ch2_Ch3_IRQHandler
                0x000005f8                Reserved53_IRQHandler
                0x000005f8                DMA5_IRQHandler
                0x000005f8                RTC_IRQHandler
                0x000005f8                PDB0_IRQHandler
                0x000005f8                Reserved54_IRQHandler
                0x000005f8                FTM2_Ch6_Ch7_IRQHandler
                0x000005f8                FTM3_Ch2_Ch3_IRQHandler
                0x000005f8                FTM2_Ch0_Ch1_IRQHandler
                0x000005f8                LPSPI1_IRQHandler
                0x000005f8                LPUART1_RxTx_IRQHandler
                0x000005f8                RTC_Seconds_IRQHandler
                0x000005f8                CAN2_ORed_IRQHandler
                0x000005f8                Reserved72_IRQHandler
                0x000005f8                Reserved110_IRQHandler
                0x000005f8                DMA11_IRQHandler
                0x000005f8                Reserved107_IRQHandler
                0x000005f8                Read_Collision_IRQHandler
                0x000005f8                CAN2_Error_IRQHandler
                0x000005f8                DMA7_IRQHandler
                0x000005f8                FTM1_Ch6_Ch7_IRQHandler
                0x000005f8                Reserved105_IRQHandler
                0x000005f8                LPIT0_Ch1_IRQHandler
                0x000005f8                FTM1_Ch4_Ch5_IRQHandler
                0x000005f8                FTM3_Ovf_Reload_IRQHandler
                0x000005f8                LPUART2_RxTx_IRQHandler
                0x000005f8                LPSPI0_IRQHandler
                0x000005f8                WDOG_EWM_IRQHandler
                0x000005f8                MemManage_Handler
                0x000005f8                Reserved90_IRQHandler
                0x000005f8                Reserved83_IRQHandler
                0x000005f8                FTM0_Fault_IRQHandler
                0x000005f8                Reserved48_IRQHandler
                0x000005f8                SVC_Handler
                0x000005f8                ERM_single_fault_IRQHandler
                0x000005f8                FTM2_Fault_IRQHandler
                0x000005f8                FTM0_Ch2_Ch3_IRQHandler
                0x000005f8                DMA13_IRQHandler
                0x000005f8                FTM0_Ch0_Ch1_IRQHandler
                0x000005f8                FTM3_Fault_IRQHandler
                0x000005f8                RCM_IRQHandler
                0x000005f8                DMA3_IRQHandler
                0x000005f8                Reserved100_IRQHandler
                0x000005f8                DMA0_IRQHandler
                0x000005f8                Reserved91_IRQHandler
                0x000005f8                CAN1_ORed_IRQHandler
                0x000005f8                DMA15_IRQHandler
                0x000005f8                SCG_IRQHandler
                0x000005f8                PDB1_IRQHandler
                0x000005f8                Reserved81_IRQHandler
                0x000005f8                Reserved46_IRQHandler
                0x000005f8                Reserved45_IRQHandler
                0x000005f8                CAN0_Error_IRQHandler
                0x000005f8                Reserved112_IRQHandler
                0x000005f8                LPI2C0_Master_IRQHandler
                0x000005f8                DMA4_IRQHandler
                0x000005f8                FTM1_Fault_IRQHandler
                0x000005f8                Reserved106_IRQHandler
                0x000005f8                DMA_Error_IRQHandler
                0x000005f8                LVD_LVW_IRQHandler
                0x000005f8                LPIT0_Ch2_IRQHandler
                0x000005f8                PORTA_IRQHandler
                0x000005f8                MCM_IRQHandler
                0x000005f8                LPSPI2_IRQHandler
                0x000005f8                DMA12_IRQHandler
                0x000005f8                FTM3_Ch4_Ch5_IRQHandler
                0x000005f8                CAN0_ORed_0_15_MB_IRQHandler
                0x000005f8                PORTE_IRQHandler
                0x000005f8                LPUART0_RxTx_IRQHandler
                0x000005f8                LPTMR0_IRQHandler
                0x000005f8                BusFault_Handler
                0x000005f8                Reserved87_IRQHandler
                0x000005f8                FTM1_Ovf_Reload_IRQHandler
                0x000005f8                DMA8_IRQHandler
                0x000005f8                Reserved93_IRQHandler
                0x000005f8                DMA10_IRQHandler
                0x000005f8                CAN0_Wake_Up_IRQHandler
                0x000005f8                CMP0_IRQHandler
                0x000005f8                Reserved52_IRQHandler
                0x000005f8                PORTC_IRQHandler
                0x000005f8                DMA6_IRQHandler
                0x000005f8                FTM1_Ch0_Ch1_IRQHandler
                0x000005f8                FLEXIO_IRQHandler
                0x000005f8                DMA1_IRQHandler
                0x000005f8                Reserved113_IRQHandler
 .text          0x000005fc       0x10 c:/nxp/s32ds.3.6.4/s32ds/build_tools/gcc_v11.4/gcc-11.4-arm32-eabi/bin/../lib/gcc/arm-none-eabi/11.4.0/../../../../arm-none-eabi/lib/thumb/v7e-m/nofp\libc.a(lib_a-strlen.o)
                0x000005fc                strlen
                0x0000060c                acmem_43_infls_code_rom_start = .
                0x0000060c                acfls_code_rom_start = .
                0x0000060c                . = ALIGN (0x4)
 *(.acfls_code_rom)
                0x0000060c                . = ALIGN (0x4)
                0x0000060c                acfls_code_rom_end = .
 *(.acmem_43_infls_code_rom)
 .acmem_43_infls_code_rom
                0x0000060c       0x24 ./src/src/FLASH.o
                0x0000060c                Ftfc_AccessCode
                0x00000630                . = ALIGN (0x4)
                0x00000630                acmem_43_infls_code_rom_end = .
 *(.text*)
 .text.init_data_bss
                0x00000630      0x128 ./Project_Settings/Startup_Code/startup.o
                0x00000630                init_data_bss
 .text.SystemInit
                0x00000758       0x30 ./Project_Settings/Startup_Code/system_S32K144.o
                0x00000758                SystemInit
 .text.WDOG_disable
                0x00000788       0x2c ./src/main.o
                0x00000788                WDOG_disable
 .text.App_InitClock
                0x000007b4       0x14 ./src/main.o
                0x000007b4                App_InitClock
 .text.Boot_PinInit
                0x000007c8       0x2c ./src/main.o
                0x000007c8                Boot_PinInit
 .text.Bootloader_IsBootModeByPin
                0x000007f4       0x18 ./src/main.o
                0x000007f4                Bootloader_IsBootModeByPin
 .text.main     0x0000080c      0x28c ./src/main.o
                0x0000080c                main
 .text.Bootloader_IsAddressInRange
                0x00000a98       0x30 ./src/src/Bootloader.o
 .text.Bootloader_IsUserAppValid
                0x00000ac8       0x78 ./src/src/Bootloader.o
                0x00000ac8                Bootloader_IsUserAppValid
 .text.Bootloader_JumpToUserApp
                0x00000b40       0x3a ./src/src/Bootloader.o
                0x00000b40                Bootloader_JumpToUserApp
 .text.Bootloader_ProgramFlash
                0x00000b7a      0x1aa ./src/src/Bootloader.o
 .text.Bootloader_HandleRecord
                0x00000d24       0x8c ./src/src/Bootloader.o
                0x00000d24                Bootloader_HandleRecord
 .text.GPIO_Setup
                0x00000db0       0x3a ./src/src/Driver_GPIO.o
 .text.GPIO_SetDirection
                0x00000dea       0x3e ./src/src/Driver_GPIO.o
 .text.GPIO_SetOutputMode
                0x00000e28       0x3e ./src/src/Driver_GPIO.o
 .text.GPIO_SetPullResistor
                0x00000e66       0x3e ./src/src/Driver_GPIO.o
 .text.GPIO_SetEventTrigger
                0x00000ea4       0x3e ./src/src/Driver_GPIO.o
 .text.GPIO_SetOutput
                0x00000ee2       0x2a ./src/src/Driver_GPIO.o
 .text.GPIO_GetInput
                0x00000f0c       0x2e ./src/src/Driver_GPIO.o
 *fill*         0x00000f3a        0x2 
 .text.ARM_USART_GetVersion
                0x00000f3c       0x28 ./src/src/Driver_USART.o
 .text.ARM_USART_GetCapabilities
                0x00000f64       0x12 ./src/src/Driver_USART.o
 .text.ARM_USART_Initialize
                0x00000f76       0x1a ./src/src/Driver_USART.o
 .text.ARM_USART_Uninitialize
                0x00000f90       0x16 ./src/src/Driver_USART.o
 .text.ARM_USART_PowerControl
                0x00000fa6       0x4e ./src/src/Driver_USART.o
 .text.ARM_USART_Send
                0x00000ff4       0x1e ./src/src/Driver_USART.o
 .text.ARM_USART_Receive
                0x00001012       0x1e ./src/src/Driver_USART.o
 .text.ARM_USART_Transfer
                0x00001030       0x22 ./src/src/Driver_USART.o
 .text.ARM_USART_GetTxCount
                0x00001052       0x16 ./src/src/Driver_USART.o
 .text.ARM_USART_GetRxCount
                0x00001068       0x16 ./src/src/Driver_USART.o
 .text.ARM_USART_Control
                0x0000107e       0x1e ./src/src/Driver_USART.o
 .text.ARM_USART_GetStatus
                0x0000109c       0x18 ./src/src/Driver_USART.o
 .text.ARM_USART_SetModemControl
                0x000010b4       0x1e ./src/src/Driver_USART.o
 .text.ARM_USART_GetModemStatus
                0x000010d2       0x18 ./src/src/Driver_USART.o
 .text.Read_FlashAddress
                0x000010ea       0x16 ./src/src/FLASH.o
                0x000010ea                Read_FlashAddress
 .text.Mem_43_INFLS_IPW_LoadAc
                0x00001100       0x54 ./src/src/FLASH.o
                0x00001100                Mem_43_INFLS_IPW_LoadAc
 .text.Program_LongWord_8B
                0x00001154       0xac ./src/src/FLASH.o
                0x00001154                Program_LongWord_8B
 .text.Erase_Sector
                0x00001200       0x5c ./src/src/FLASH.o
                0x00001200                Erase_Sector
 .text.Erase_Multi_Sector
                0x0000125c       0x3a ./src/src/FLASH.o
                0x0000125c                Erase_Multi_Sector
 .text.FTFC_IRQHandler
                0x00001296        0xc ./src/src/FLASH.o
                0x00001296                FTFC_IRQHandler
 *fill*         0x000012a2        0x2 
 .text.HAL_GPIO_GetMap
                0x000012a4       0x5c ./src/src/HAL_GPIO.o
 .text.HAL_GPIO_EnablePortClock
                0x00001300       0x54 ./src/src/HAL_GPIO.o
 .text.HAL_GPIO_Setup
                0x00001354       0x6c ./src/src/HAL_GPIO.o
                0x00001354                HAL_GPIO_Setup
 .text.HAL_GPIO_SetDirection
                0x000013c0       0x74 ./src/src/HAL_GPIO.o
                0x000013c0                HAL_GPIO_SetDirection
 .text.HAL_GPIO_SetOutputMode
                0x00001434       0x36 ./src/src/HAL_GPIO.o
                0x00001434                HAL_GPIO_SetOutputMode
 .text.HAL_GPIO_SetPullResistor
                0x0000146a       0x7e ./src/src/HAL_GPIO.o
                0x0000146a                HAL_GPIO_SetPullResistor
 .text.HAL_GPIO_SetEventTrigger
                0x000014e8       0x5e ./src/src/HAL_GPIO.o
                0x000014e8                HAL_GPIO_SetEventTrigger
 .text.HAL_GPIO_Write
                0x00001546       0x4a ./src/src/HAL_GPIO.o
                0x00001546                HAL_GPIO_Write
 .text.HAL_GPIO_Read
                0x00001590       0x38 ./src/src/HAL_GPIO.o
                0x00001590                HAL_GPIO_Read
 .text.HAL_ARM_USART_Initialize
                0x000015c8      0x108 ./src/src/HAL_USART.o
                0x000015c8                HAL_ARM_USART_Initialize
 .text.HAL_ARM_USART_Uninitialize
                0x000016d0       0x88 ./src/src/HAL_USART.o
                0x000016d0                HAL_ARM_USART_Uninitialize
 .text.HAL_ARM_USART_Control
                0x00001758      0x1ac ./src/src/HAL_USART.o
                0x00001758                HAL_ARM_USART_Control
 .text.HAL_ARM_UART_PowerControl
                0x00001904       0xac ./src/src/HAL_USART.o
                0x00001904                HAL_ARM_UART_PowerControl
 .text.HAL_ARM_USART_Send
                0x000019b0       0xd0 ./src/src/HAL_USART.o
                0x000019b0                HAL_ARM_USART_Send
 .text.HAL_ARM_USART_Receive
                0x00001a80      0x11c ./src/src/HAL_USART.o
                0x00001a80                HAL_ARM_USART_Receive
 .text.HAL_ARM_USART_Transfer
                0x00001b9c       0x1e ./src/src/HAL_USART.o
                0x00001b9c                HAL_ARM_USART_Transfer
 *fill*         0x00001bba        0x2 
 .text.HAL_ARM_USART_GetTxCount
                0x00001bbc       0x20 ./src/src/HAL_USART.o
                0x00001bbc                HAL_ARM_USART_GetTxCount
 .text.HAL_ARM_USART_GetRxCount
                0x00001bdc       0x20 ./src/src/HAL_USART.o
                0x00001bdc                HAL_ARM_USART_GetRxCount
 .text.HAL_ARM_USART_GetStatus
                0x00001bfc       0x1c ./src/src/HAL_USART.o
                0x00001bfc                HAL_ARM_USART_GetStatus
 .text.HAL_ARM_USART_SetModemControl
                0x00001c18       0x1c ./src/src/HAL_USART.o
                0x00001c18                HAL_ARM_USART_SetModemControl
 .text.HAL_ARM_USART_GetModemStatus
                0x00001c34       0x32 ./src/src/HAL_USART.o
                0x00001c34                HAL_ARM_USART_GetModemStatus
 .text.Queue_Srec_MinU32
                0x00001c66       0x28 ./src/src/Queue.o
 .text.Queue_Srec_Init
                0x00001c8e       0x2e ./src/src/Queue.o
                0x00001c8e                Queue_Srec_Init
 .text.Queue_Srec_IsEmpty
                0x00001cbc       0x44 ./src/src/Queue.o
                0x00001cbc                Queue_Srec_IsEmpty
 .text.Queue_Srec_IsFull
                0x00001d00       0x44 ./src/src/Queue.o
                0x00001d00                Queue_Srec_IsFull
 .text.Queue_Srec_Push
                0x00001d44       0xc0 ./src/src/Queue.o
                0x00001d44                Queue_Srec_Push
 .text.Queue_Srec_Pop
                0x00001e04      0x132 ./src/src/Queue.o
                0x00001e04                Queue_Srec_Pop
 *fill*         0x00001f36        0x2 
 .text.App_SendString
                0x00001f38       0x38 ./src/src/app.o
                0x00001f38                App_SendString
 .text.App_SendPrompt
                0x00001f70       0x14 ./src/src/app.o
                0x00001f70                App_SendPrompt
 .text.SOSC_init_8MHz
                0x00001f84       0x4c ./src/src/clocks_and_modes.o
                0x00001f84                SOSC_init_8MHz
 .text.SPLL_init_160MHz
                0x00001fd0       0x80 ./src/src/clocks_and_modes.o
                0x00001fd0                SPLL_init_160MHz
 .text.NormalRUNmode_80MHz
                0x00002050       0x38 ./src/src/clocks_and_modes.o
                0x00002050                NormalRUNmode_80MHz
 .text.Srec_HexCharToVal
                0x00002088       0x7a ./src/src/srec.o
 .text.Srec_HexToByte
                0x00002102       0x72 ./src/src/srec.o
 .text.Srec_LineLen
                0x00002174       0x4a ./src/src/srec.o
                0x00002174                Srec_LineLen
 *fill*         0x000021be        0x2 
 .text.Srec_ParseSrecLine
                0x000021c0      0x368 ./src/src/srec.o
                0x000021c0                Srec_ParseSrecLine
 .text.exit     0x00002528       0x20 c:/nxp/s32ds.3.6.4/s32ds/build_tools/gcc_v11.4/gcc-11.4-arm32-eabi/bin/../lib/gcc/arm-none-eabi/11.4.0/../../../../arm-none-eabi/lib/thumb/v7e-m/nofp\libc.a(lib_a-exit.o)
                0x00002528                exit
 .text.__libc_init_array
                0x00002548       0x48 c:/nxp/s32ds.3.6.4/s32ds/build_tools/gcc_v11.4/gcc-11.4-arm32-eabi/bin/../lib/gcc/arm-none-eabi/11.4.0/../../../../arm-none-eabi/lib/thumb/v7e-m/nofp\libc.a(lib_a-init.o)
                0x00002548                __libc_init_array
 .text.memcpy   0x00002590       0x1c c:/nxp/s32ds.3.6.4/s32ds/build_tools/gcc_v11.4/gcc-11.4-arm32-eabi/bin/../lib/gcc/arm-none-eabi/11.4.0/../../../../arm-none-eabi/lib/thumb/v7e-m/nofp\libc.a(lib_a-memcpy-stub.o)
                0x00002590                memcpy
 .text.memset   0x000025ac       0x10 c:/nxp/s32ds.3.6.4/s32ds/build_tools/gcc_v11.4/gcc-11.4-arm32-eabi/bin/../lib/gcc/arm-none-eabi/11.4.0/../../../../arm-none-eabi/lib/thumb/v7e-m/nofp\libc.a(lib_a-memset.o)
                0x000025ac                memset
 .text.startup.register_fini
                0x000025bc       0x14 c:/nxp/s32ds.3.6.4/s32ds/build_tools/gcc_v11.4/gcc-11.4-arm32-eabi/bin/../lib/gcc/arm-none-eabi/11.4.0/../../../../arm-none-eabi/lib/thumb/v7e-m/nofp\libc.a(lib_a-__call_atexit.o)
 .text.__call_exitprocs
                0x000025d0       0xa4 c:/nxp/s32ds.3.6.4/s32ds/build_tools/gcc_v11.4/gcc-11.4-arm32-eabi/bin/../lib/gcc/arm-none-eabi/11.4.0/../../../../arm-none-eabi/lib/thumb/v7e-m/nofp\libc.a(lib_a-__call_atexit.o)
                0x000025d0                __call_exitprocs
 .text.__libc_fini_array
                0x00002674       0x28 c:/nxp/s32ds.3.6.4/s32ds/build_tools/gcc_v11.4/gcc-11.4-arm32-eabi/bin/../lib/gcc/arm-none-eabi/11.4.0/../../../../arm-none-eabi/lib/thumb/v7e-m/nofp\libc.a(lib_a-fini.o)
                0x00002674                __libc_fini_array
 .text.atexit   0x0000269c        0xc c:/nxp/s32ds.3.6.4/s32ds/build_tools/gcc_v11.4/gcc-11.4-arm32-eabi/bin/../lib/gcc/arm-none-eabi/11.4.0/../../../../arm-none-eabi/lib/thumb/v7e-m/nofp\libc.a(lib_a-atexit.o)
                0x0000269c                atexit
 .text.__register_exitproc
                0x000026a8       0x64 c:/nxp/s32ds.3.6.4/s32ds/build_tools/gcc_v11.4/gcc-11.4-arm32-eabi/bin/../lib/gcc/arm-none-eabi/11.4.0/../../../../arm-none-eabi/lib/thumb/v7e-m/nofp\libc.a(lib_a-__atexit.o)
                0x000026a8                __register_exitproc
 .text.findslot
                0x0000270c       0x34 c:/nxp/s32ds.3.6.4/s32ds/build_tools/gcc_v11.4/gcc-11.4-arm32-eabi/bin/../lib/gcc/arm-none-eabi/11.4.0/../../../../arm-none-eabi/lib/thumb/v7e-m/nofp\librdimon.a(rdimon-syscalls.o)
 .text.error    0x00002740       0x1c c:/nxp/s32ds.3.6.4/s32ds/build_tools/gcc_v11.4/gcc-11.4-arm32-eabi/bin/../lib/gcc/arm-none-eabi/11.4.0/../../../../arm-none-eabi/lib/thumb/v7e-m/nofp\librdimon.a(rdimon-syscalls.o)
 .text.checkerror
                0x0000275c        0xa c:/nxp/s32ds.3.6.4/s32ds/build_tools/gcc_v11.4/gcc-11.4-arm32-eabi/bin/../lib/gcc/arm-none-eabi/11.4.0/../../../../arm-none-eabi/lib/thumb/v7e-m/nofp\librdimon.a(rdimon-syscalls.o)
 .text._swiread
                0x00002766       0x20 c:/nxp/s32ds.3.6.4/s32ds/build_tools/gcc_v11.4/gcc-11.4-arm32-eabi/bin/../lib/gcc/arm-none-eabi/11.4.0/../../../../arm-none-eabi/lib/thumb/v7e-m/nofp\librdimon.a(rdimon-syscalls.o)
                0x00002766                _swiread
 .text._read    0x00002786       0x34 c:/nxp/s32ds.3.6.4/s32ds/build_tools/gcc_v11.4/gcc-11.4-arm32-eabi/bin/../lib/gcc/arm-none-eabi/11.4.0/../../../../arm-none-eabi/lib/thumb/v7e-m/nofp\librdimon.a(rdimon-syscalls.o)
                0x00002786                _read
 .text._swilseek
                0x000027ba       0x78 c:/nxp/s32ds.3.6.4/s32ds/build_tools/gcc_v11.4/gcc-11.4-arm32-eabi/bin/../lib/gcc/arm-none-eabi/11.4.0/../../../../arm-none-eabi/lib/thumb/v7e-m/nofp\librdimon.a(rdimon-syscalls.o)
                0x000027ba                _swilseek
 .text._lseek   0x00002832        0x4 c:/nxp/s32ds.3.6.4/s32ds/build_tools/gcc_v11.4/gcc-11.4-arm32-eabi/bin/../lib/gcc/arm-none-eabi/11.4.0/../../../../arm-none-eabi/lib/thumb/v7e-m/nofp\librdimon.a(rdimon-syscalls.o)
                0x00002832                _lseek
 .text._swiwrite
                0x00002836       0x20 c:/nxp/s32ds.3.6.4/s32ds/build_tools/gcc_v11.4/gcc-11.4-arm32-eabi/bin/../lib/gcc/arm-none-eabi/11.4.0/../../../../arm-none-eabi/lib/thumb/v7e-m/nofp\librdimon.a(rdimon-syscalls.o)
                0x00002836                _swiwrite
 .text._write   0x00002856       0x40 c:/nxp/s32ds.3.6.4/s32ds/build_tools/gcc_v11.4/gcc-11.4-arm32-eabi/bin/../lib/gcc/arm-none-eabi/11.4.0/../../../../arm-none-eabi/lib/thumb/v7e-m/nofp\librdimon.a(rdimon-syscalls.o)
                0x00002856                _write
 .text._swiclose
                0x00002896       0x1a c:/nxp/s32ds.3.6.4/s32ds/build_tools/gcc_v11.4/gcc-11.4-arm32-eabi/bin/../lib/gcc/arm-none-eabi/11.4.0/../../../../arm-none-eabi/lib/thumb/v7e-m/nofp\librdimon.a(rdimon-syscalls.o)
                0x00002896                _swiclose
 .text._close   0x000028b0       0x4c c:/nxp/s32ds.3.6.4/s32ds/build_tools/gcc_v11.4/gcc-11.4-arm32-eabi/bin/../lib/gcc/arm-none-eabi/11.4.0/../../../../arm-none-eabi/lib/thumb/v7e-m/nofp\librdimon.a(rdimon-syscalls.o)
                0x000028b0                _close
 .text._sbrk    0x000028fc       0x48 c:/nxp/s32ds.3.6.4/s32ds/build_tools/gcc_v11.4/gcc-11.4-arm32-eabi/bin/../lib/gcc/arm-none-eabi/11.4.0/../../../../arm-none-eabi/lib/thumb/v7e-m/nofp\librdimon.a(rdimon-syscalls.o)
                0x000028fc                _sbrk
 .text._swistat
                0x00002944       0x42 c:/nxp/s32ds.3.6.4/s32ds/build_tools/gcc_v11.4/gcc-11.4-arm32-eabi/bin/../lib/gcc/arm-none-eabi/11.4.0/../../../../arm-none-eabi/lib/thumb/v7e-m/nofp\librdimon.a(rdimon-syscalls.o)
                0x00002944                _swistat
 .text._stat    0x00002986       0x3a c:/nxp/s32ds.3.6.4/s32ds/build_tools/gcc_v11.4/gcc-11.4-arm32-eabi/bin/../lib/gcc/arm-none-eabi/11.4.0/../../../../arm-none-eabi/lib/thumb/v7e-m/nofp\librdimon.a(rdimon-syscalls.o)
                0x00002986                _stat
 .text._swiopen
                0x000029c0       0xb4 c:/nxp/s32ds.3.6.4/s32ds/build_tools/gcc_v11.4/gcc-11.4-arm32-eabi/bin/../lib/gcc/arm-none-eabi/11.4.0/../../../../arm-none-eabi/lib/thumb/v7e-m/nofp\librdimon.a(rdimon-syscalls.o)
                0x000029c0                _swiopen
 .text._get_semihosting_exts
                0x00002a74       0xb8 c:/nxp/s32ds.3.6.4/s32ds/build_tools/gcc_v11.4/gcc-11.4-arm32-eabi/bin/../lib/gcc/arm-none-eabi/11.4.0/../../../../arm-none-eabi/lib/thumb/v7e-m/nofp\librdimon.a(rdimon-syscalls.o)
                0x00002a74                _get_semihosting_exts
 .text.initialise_semihosting_exts
                0x00002b2c       0x34 c:/nxp/s32ds.3.6.4/s32ds/build_tools/gcc_v11.4/gcc-11.4-arm32-eabi/bin/../lib/gcc/arm-none-eabi/11.4.0/../../../../arm-none-eabi/lib/thumb/v7e-m/nofp\librdimon.a(rdimon-syscalls.o)
 .text._has_ext_exit_extended
                0x00002b60       0x18 c:/nxp/s32ds.3.6.4/s32ds/build_tools/gcc_v11.4/gcc-11.4-arm32-eabi/bin/../lib/gcc/arm-none-eabi/11.4.0/../../../../arm-none-eabi/lib/thumb/v7e-m/nofp\librdimon.a(rdimon-syscalls.o)
                0x00002b60                _has_ext_exit_extended
 .text._has_ext_stdout_stderr
                0x00002b78       0x18 c:/nxp/s32ds.3.6.4/s32ds/build_tools/gcc_v11.4/gcc-11.4-arm32-eabi/bin/../lib/gcc/arm-none-eabi/11.4.0/../../../../arm-none-eabi/lib/thumb/v7e-m/nofp\librdimon.a(rdimon-syscalls.o)
                0x00002b78                _has_ext_stdout_stderr
 .text.initialise_monitor_handles
                0x00002b90       0xc0 c:/nxp/s32ds.3.6.4/s32ds/build_tools/gcc_v11.4/gcc-11.4-arm32-eabi/bin/../lib/gcc/arm-none-eabi/11.4.0/../../../../arm-none-eabi/lib/thumb/v7e-m/nofp\librdimon.a(rdimon-syscalls.o)
                0x00002b90                initialise_monitor_handles
 .text._exit    0x00002c50       0x14 c:/nxp/s32ds.3.6.4/s32ds/build_tools/gcc_v11.4/gcc-11.4-arm32-eabi/bin/../lib/gcc/arm-none-eabi/11.4.0/../../../../arm-none-eabi/lib/thumb/v7e-m/nofp\librdimon.a(rdimon-_exit.o)
                0x00002c50                _exit
 .text._kill_shared
                0x00002c64       0x26 c:/nxp/s32ds.3.6.4/s32ds/build_tools/gcc_v11.4/gcc-11.4-arm32-eabi/bin/../lib/gcc/arm-none-eabi/11.4.0/../../../../arm-none-eabi/lib/thumb/v7e-m/nofp\librdimon.a(rdimon-_kill.o)
                0x00002c64                _kill_shared
 *fill*         0x00002c8a        0x2 
 .text.__errno  0x00002c8c        0xc c:/nxp/s32ds.3.6.4/s32ds/build_tools/gcc_v11.4/gcc-11.4-arm32-eabi/bin/../lib/gcc/arm-none-eabi/11.4.0/../../../../arm-none-eabi/lib/thumb/v7e-m/nofp\libc.a(lib_a-errno.o)
                0x00002c8c                __errno
 .text.std      0x00002c98       0x48 c:/nxp/s32ds.3.6.4/s32ds/build_tools/gcc_v11.4/gcc-11.4-arm32-eabi/bin/../lib/gcc/arm-none-eabi/11.4.0/../../../../arm-none-eabi/lib/thumb/v7e-m/nofp\libc.a(lib_a-findfp.o)
 .text._cleanup_r
                0x00002ce0        0xc c:/nxp/s32ds.3.6.4/s32ds/build_tools/gcc_v11.4/gcc-11.4-arm32-eabi/bin/../lib/gcc/arm-none-eabi/11.4.0/../../../../arm-none-eabi/lib/thumb/v7e-m/nofp\libc.a(lib_a-findfp.o)
                0x00002ce0                _cleanup_r
 .text.__sinit  0x00002cec       0x44 c:/nxp/s32ds.3.6.4/s32ds/build_tools/gcc_v11.4/gcc-11.4-arm32-eabi/bin/../lib/gcc/arm-none-eabi/11.4.0/../../../../arm-none-eabi/lib/thumb/v7e-m/nofp\libc.a(lib_a-findfp.o)
                0x00002cec                __sinit
 .text._fwalk_reent
                0x00002d30       0x3e c:/nxp/s32ds.3.6.4/s32ds/build_tools/gcc_v11.4/gcc-11.4-arm32-eabi/bin/../lib/gcc/arm-none-eabi/11.4.0/../../../../arm-none-eabi/lib/thumb/v7e-m/nofp\libc.a(lib_a-fwalk.o)
                0x00002d30                _fwalk_reent
 .text.__malloc_lock
                0x00002d6e        0x2 c:/nxp/s32ds.3.6.4/s32ds/build_tools/gcc_v11.4/gcc-11.4-arm32-eabi/bin/../lib/gcc/arm-none-eabi/11.4.0/../../../../arm-none-eabi/lib/thumb/v7e-m/nofp\libc.a(lib_a-mlock.o)
                0x00002d6e                __malloc_lock
 .text.__malloc_unlock
                0x00002d70        0x2 c:/nxp/s32ds.3.6.4/s32ds/build_tools/gcc_v11.4/gcc-11.4-arm32-eabi/bin/../lib/gcc/arm-none-eabi/11.4.0/../../../../arm-none-eabi/lib/thumb/v7e-m/nofp\libc.a(lib_a-mlock.o)
                0x00002d70                __malloc_unlock
 *fill*         0x00002d72        0x2 
 .text._sbrk_r  0x00002d74       0x20 c:/nxp/s32ds.3.6.4/s32ds/build_tools/gcc_v11.4/gcc-11.4-arm32-eabi/bin/../lib/gcc/arm-none-eabi/11.4.0/../../../../arm-none-eabi/lib/thumb/v7e-m/nofp\libc.a(lib_a-sbrkr.o)
                0x00002d74                _sbrk_r
 .text.__sread  0x00002d94       0x22 c:/nxp/s32ds.3.6.4/s32ds/build_tools/gcc_v11.4/gcc-11.4-arm32-eabi/bin/../lib/gcc/arm-none-eabi/11.4.0/../../../../arm-none-eabi/lib/thumb/v7e-m/nofp\libc.a(lib_a-stdio.o)
                0x00002d94                __sread
 .text.__swrite
                0x00002db6       0x38 c:/nxp/s32ds.3.6.4/s32ds/build_tools/gcc_v11.4/gcc-11.4-arm32-eabi/bin/../lib/gcc/arm-none-eabi/11.4.0/../../../../arm-none-eabi/lib/thumb/v7e-m/nofp\libc.a(lib_a-stdio.o)
                0x00002db6                __swrite
 .text.__sseek  0x00002dee       0x24 c:/nxp/s32ds.3.6.4/s32ds/build_tools/gcc_v11.4/gcc-11.4-arm32-eabi/bin/../lib/gcc/arm-none-eabi/11.4.0/../../../../arm-none-eabi/lib/thumb/v7e-m/nofp\libc.a(lib_a-stdio.o)
                0x00002dee                __sseek
 .text.__sclose
                0x00002e12        0x8 c:/nxp/s32ds.3.6.4/s32ds/build_tools/gcc_v11.4/gcc-11.4-arm32-eabi/bin/../lib/gcc/arm-none-eabi/11.4.0/../../../../arm-none-eabi/lib/thumb/v7e-m/nofp\libc.a(lib_a-stdio.o)
                0x00002e12                __sclose
 *fill*         0x00002e1a        0x2 
 .text._write_r
                0x00002e1c       0x24 c:/nxp/s32ds.3.6.4/s32ds/build_tools/gcc_v11.4/gcc-11.4-arm32-eabi/bin/../lib/gcc/arm-none-eabi/11.4.0/../../../../arm-none-eabi/lib/thumb/v7e-m/nofp\libc.a(lib_a-writer.o)
                0x00002e1c                _write_r
 .text._close_r
                0x00002e40       0x20 c:/nxp/s32ds.3.6.4/s32ds/build_tools/gcc_v11.4/gcc-11.4-arm32-eabi/bin/../lib/gcc/arm-none-eabi/11.4.0/../../../../arm-none-eabi/lib/thumb/v7e-m/nofp\libc.a(lib_a-closer.o)
                0x00002e40                _close_r
 .text._fclose_r
                0x00002e60       0x74 c:/nxp/s32ds.3.6.4/s32ds/build_tools/gcc_v11.4/gcc-11.4-arm32-eabi/bin/../lib/gcc/arm-none-eabi/11.4.0/../../../../arm-none-eabi/lib/thumb/v7e-m/nofp\libc.a(lib_a-fclose.o)
                0x00002e60                _fclose_r
 .text.__sflush_r
                0x00002ed4      0x114 c:/nxp/s32ds.3.6.4/s32ds/build_tools/gcc_v11.4/gcc-11.4-arm32-eabi/bin/../lib/gcc/arm-none-eabi/11.4.0/../../../../arm-none-eabi/lib/thumb/v7e-m/nofp\libc.a(lib_a-fflush.o)
                0x00002ed4                __sflush_r
 .text._malloc_trim_r
                0x00002fe8       0xa0 c:/nxp/s32ds.3.6.4/s32ds/build_tools/gcc_v11.4/gcc-11.4-arm32-eabi/bin/../lib/gcc/arm-none-eabi/11.4.0/../../../../arm-none-eabi/lib/thumb/v7e-m/nofp\libc.a(lib_a-freer.o)
                0x00002fe8                _malloc_trim_r
 .text._free_r  0x00003088      0x180 c:/nxp/s32ds.3.6.4/s32ds/build_tools/gcc_v11.4/gcc-11.4-arm32-eabi/bin/../lib/gcc/arm-none-eabi/11.4.0/../../../../arm-none-eabi/lib/thumb/v7e-m/nofp\libc.a(lib_a-freer.o)
                0x00003088                _free_r
 .text._lseek_r
                0x00003208       0x24 c:/nxp/s32ds.3.6.4/s32ds/build_tools/gcc_v11.4/gcc-11.4-arm32-eabi/bin/../lib/gcc/arm-none-eabi/11.4.0/../../../../arm-none-eabi/lib/thumb/v7e-m/nofp\libc.a(lib_a-lseekr.o)
                0x00003208                _lseek_r
 .text._read_r  0x0000322c       0x24 c:/nxp/s32ds.3.6.4/s32ds/build_tools/gcc_v11.4/gcc-11.4-arm32-eabi/bin/../lib/gcc/arm-none-eabi/11.4.0/../../../../arm-none-eabi/lib/thumb/v7e-m/nofp\libc.a(lib_a-readr.o)
                0x0000322c                _read_r
 *(.rodata)
 .rodata        0x00003250       0x68 ./src/main.o
 .rodata        0x000032b8        0x5 ./src/src/app.o
 *(.rodata*)
 *fill*         0x000032bd        0x3 
 .rodata.Driver_GPIO0
                0x000032c0       0x1c ./src/src/Driver_GPIO.o
                0x000032c0                Driver_GPIO0
 .rodata.DriverVersion
                0x000032dc        0x4 ./src/src/Driver_USART.o
 .rodata.Driver_USART0
                0x000032e0       0x38 ./src/src/Driver_USART.o
                0x000032e0                Driver_USART0
 .rodata.s_pinMap
                0x00003318      0x300 ./src/src/HAL_GPIO.o
 .rodata._global_impure_ptr
                0x00003618        0x4 c:/nxp/s32ds.3.6.4/s32ds/build_tools/gcc_v11.4/gcc-11.4-arm32-eabi/bin/../lib/gcc/arm-none-eabi/11.4.0/../../../../arm-none-eabi/lib/thumb/v7e-m/nofp\libc.a(lib_a-impure.o)
                0x00003618                _global_impure_ptr
 .rodata._get_semihosting_exts.str1.1
                0x0000361c       0x16 c:/nxp/s32ds.3.6.4/s32ds/build_tools/gcc_v11.4/gcc-11.4-arm32-eabi/bin/../lib/gcc/arm-none-eabi/11.4.0/../../../../arm-none-eabi/lib/thumb/v7e-m/nofp\librdimon.a(rdimon-syscalls.o)
 .rodata.initialise_monitor_handles.str1.1
                0x00003632        0x4 c:/nxp/s32ds.3.6.4/s32ds/build_tools/gcc_v11.4/gcc-11.4-arm32-eabi/bin/../lib/gcc/arm-none-eabi/11.4.0/../../../../arm-none-eabi/lib/thumb/v7e-m/nofp\librdimon.a(rdimon-syscalls.o)
 *(.glue_7)
 .glue_7        0x00003636        0x0 linker stubs
 *(.glue_7t)
 .glue_7t       0x00003636        0x0 linker stubs
 *(.eh_frame)
 *fill*         0x00003636        0x2 
 .eh_frame      0x00003638        0x0 c:/nxp/s32ds.3.6.4/s32ds/build_tools/gcc_v11.4/gcc-11.4-arm32-eabi/bin/../lib/gcc/arm-none-eabi/11.4.0/thumb/v7e-m/nofp/crtbegin.o
 *(.init)
 .init          0x00003638        0x4 c:/nxp/s32ds.3.6.4/s32ds/build_tools/gcc_v11.4/gcc-11.4-arm32-eabi/bin/../lib/gcc/arm-none-eabi/11.4.0/thumb/v7e-m/nofp/crti.o
                0x00003638                _init
 .init          0x0000363c        0x8 c:/nxp/s32ds.3.6.4/s32ds/build_tools/gcc_v11.4/gcc-11.4-arm32-eabi/bin/../lib/gcc/arm-none-eabi/11.4.0/thumb/v7e-m/nofp/crtn.o
 *(.fini)
 .fini          0x00003644        0x4 c:/nxp/s32ds.3.6.4/s32ds/build_tools/gcc_v11.4/gcc-11.4-arm32-eabi/bin/../lib/gcc/arm-none-eabi/11.4.0/thumb/v7e-m/nofp/crti.o
                0x00003644                _fini
 .fini          0x00003648        0x8 c:/nxp/s32ds.3.6.4/s32ds/build_tools/gcc_v11.4/gcc-11.4-arm32-eabi/bin/../lib/gcc/arm-none-eabi/11.4.0/thumb/v7e-m/nofp/crtn.o
                0x00003650                . = ALIGN (0x4)

.vfp11_veneer   0x00003650        0x0
 .vfp11_veneer  0x00003650        0x0 linker stubs

.v4_bx          0x00003650        0x0
 .v4_bx         0x00003650        0x0 linker stubs

.iplt           0x00003650        0x0
 .iplt          0x00003650        0x0 c:/nxp/s32ds.3.6.4/s32ds/build_tools/gcc_v11.4/gcc-11.4-arm32-eabi/bin/../lib/gcc/arm-none-eabi/11.4.0/thumb/v7e-m/nofp/crtbegin.o

.ARM.extab
 *(.ARM.extab* .gnu.linkonce.armextab.*)

.ARM            0x00003650        0x8
                0x00003650                __exidx_start = .
 *(.ARM.exidx*)
 .ARM.exidx     0x00003650        0x8 c:/nxp/s32ds.3.6.4/s32ds/build_tools/gcc_v11.4/gcc-11.4-arm32-eabi/bin/../lib/gcc/arm-none-eabi/11.4.0/../../../../arm-none-eabi/lib/thumb/v7e-m/nofp/rdimon-crt0.o
                                 0x10 (size before relaxing)
                0x00003658                __exidx_end = .

.rel.dyn        0x00003658        0x0
 .rel.iplt      0x00003658        0x0 c:/nxp/s32ds.3.6.4/s32ds/build_tools/gcc_v11.4/gcc-11.4-arm32-eabi/bin/../lib/gcc/arm-none-eabi/11.4.0/thumb/v7e-m/nofp/crtbegin.o

.ctors          0x00003658        0x0
                0x00003658                __CTOR_LIST__ = .
 *crtbegin.o(.ctors)
 *crtbegin?.o(.ctors)
 *(EXCLUDE_FILE(*crtend.o *crtend?.o) .ctors)
 *(SORT_BY_NAME(.ctors.*))
 *(.ctors)
                0x00003658                __CTOR_END__ = .

.dtors          0x00003658        0x0
                0x00003658                __DTOR_LIST__ = .
 *crtbegin.o(.dtors)
 *crtbegin?.o(.dtors)
 *(EXCLUDE_FILE(*crtend.o *crtend?.o) .dtors)
 *(SORT_BY_NAME(.dtors.*))
 *(.dtors)
                0x00003658                __DTOR_END__ = .

.preinit_array  0x00003658        0x0
                0x00003658                PROVIDE (__preinit_array_start = .)
 *(.preinit_array*)
                0x00003658                PROVIDE (__preinit_array_end = .)

.init_array     0x00003658        0x8
                0x00003658                PROVIDE (__init_array_start = .)
 *(SORT_BY_NAME(.init_array.*))
 .init_array.00000
                0x00003658        0x4 c:/nxp/s32ds.3.6.4/s32ds/build_tools/gcc_v11.4/gcc-11.4-arm32-eabi/bin/../lib/gcc/arm-none-eabi/11.4.0/../../../../arm-none-eabi/lib/thumb/v7e-m/nofp\libc.a(lib_a-__call_atexit.o)
 *(.init_array*)
 .init_array    0x0000365c        0x4 c:/nxp/s32ds.3.6.4/s32ds/build_tools/gcc_v11.4/gcc-11.4-arm32-eabi/bin/../lib/gcc/arm-none-eabi/11.4.0/thumb/v7e-m/nofp/crtbegin.o
                0x00003660                PROVIDE (__init_array_end = .)

.fini_array     0x00003660        0x4
                0x00003660                PROVIDE (__fini_array_start = .)
 *(SORT_BY_NAME(.fini_array.*))
 *(.fini_array*)
 .fini_array    0x00003660        0x4 c:/nxp/s32ds.3.6.4/s32ds/build_tools/gcc_v11.4/gcc-11.4-arm32-eabi/bin/../lib/gcc/arm-none-eabi/11.4.0/thumb/v7e-m/nofp/crtbegin.o
                0x00003664                PROVIDE (__fini_array_end = .)
                0x00003664                __etext = .
                0x00003664                __DATA_ROM = .

.interrupts_ram
                0x1fff8000      0x400
                0x1fff8000                . = ALIGN (0x4)
                0x1fff8000                __VECTOR_RAM__ = .
                0x1fff8000                __RAM_START = .
                0x1fff8000                __interrupts_ram_start__ = .
 *(.m_interrupts_ram)
                0x1fff8400                . = (. + M_VECTOR_RAM_SIZE)
 *fill*         0x1fff8000      0x400 
                0x1fff8400                . = ALIGN (0x4)
                0x1fff8400                __interrupts_ram_end__ = .
                0x1fff8000                __VECTOR_RAM = DEFINED (__flash_vector_table__)?ORIGIN (m_interrupts):__VECTOR_RAM__
                0x00000400                __RAM_VECTOR_TABLE_SIZE = DEFINED (__flash_vector_table__)?0x0:(__interrupts_ram_end__ - __interrupts_ram_start__)

.acfls_code_ram
                0x1fff8400       0x40
                0x1fff8440                . = (. + 0x40)
 *fill*         0x1fff8400       0x40 

.data           0x1fff8440      0x954 load address 0x00003664
                0x1fff8440                . = ALIGN (0x4)
                0x1fff8440                __DATA_RAM = .
                0x1fff8440                __data_start__ = .
 *(.data)
 .data          0x1fff8440      0x118 c:/nxp/s32ds.3.6.4/s32ds/build_tools/gcc_v11.4/gcc-11.4-arm32-eabi/bin/../lib/gcc/arm-none-eabi/11.4.0/../../../../arm-none-eabi/lib/thumb/v7e-m/nofp/rdimon-crt0.o
                0x1fff8448                __stack_base__
 *(.data*)
 .data._impure_ptr
                0x1fff8558        0x4 c:/nxp/s32ds.3.6.4/s32ds/build_tools/gcc_v11.4/gcc-11.4-arm32-eabi/bin/../lib/gcc/arm-none-eabi/11.4.0/../../../../arm-none-eabi/lib/thumb/v7e-m/nofp\libc.a(lib_a-impure.o)
                0x1fff8558                _impure_ptr
 *fill*         0x1fff855c        0x4 
 .data.impure_data
                0x1fff8560      0x418 c:/nxp/s32ds.3.6.4/s32ds/build_tools/gcc_v11.4/gcc-11.4-arm32-eabi/bin/../lib/gcc/arm-none-eabi/11.4.0/../../../../arm-none-eabi/lib/thumb/v7e-m/nofp\libc.a(lib_a-impure.o)
 .data.__heap_limit
                0x1fff8978        0x4 c:/nxp/s32ds.3.6.4/s32ds/build_tools/gcc_v11.4/gcc-11.4-arm32-eabi/bin/../lib/gcc/arm-none-eabi/11.4.0/../../../../arm-none-eabi/lib/thumb/v7e-m/nofp\librdimon.a(rdimon-syscalls.o)
 .data.supports_ext_exit_extended
                0x1fff897c        0x4 c:/nxp/s32ds.3.6.4/s32ds/build_tools/gcc_v11.4/gcc-11.4-arm32-eabi/bin/../lib/gcc/arm-none-eabi/11.4.0/../../../../arm-none-eabi/lib/thumb/v7e-m/nofp\librdimon.a(rdimon-syscalls.o)
 .data.supports_ext_stdout_stderr
                0x1fff8980        0x4 c:/nxp/s32ds.3.6.4/s32ds/build_tools/gcc_v11.4/gcc-11.4-arm32-eabi/bin/../lib/gcc/arm-none-eabi/11.4.0/../../../../arm-none-eabi/lib/thumb/v7e-m/nofp\librdimon.a(rdimon-syscalls.o)
 .data.__malloc_av_
                0x1fff8984      0x408 c:/nxp/s32ds.3.6.4/s32ds/build_tools/gcc_v11.4/gcc-11.4-arm32-eabi/bin/../lib/gcc/arm-none-eabi/11.4.0/../../../../arm-none-eabi/lib/thumb/v7e-m/nofp\libc.a(lib_a-mallocr.o)
                0x1fff8984                __malloc_av_
 .data.__malloc_sbrk_base
                0x1fff8d8c        0x4 c:/nxp/s32ds.3.6.4/s32ds/build_tools/gcc_v11.4/gcc-11.4-arm32-eabi/bin/../lib/gcc/arm-none-eabi/11.4.0/../../../../arm-none-eabi/lib/thumb/v7e-m/nofp\libc.a(lib_a-mallocr.o)
                0x1fff8d8c                __malloc_sbrk_base
 .data.__malloc_trim_threshold
                0x1fff8d90        0x4 c:/nxp/s32ds.3.6.4/s32ds/build_tools/gcc_v11.4/gcc-11.4-arm32-eabi/bin/../lib/gcc/arm-none-eabi/11.4.0/../../../../arm-none-eabi/lib/thumb/v7e-m/nofp\libc.a(lib_a-mallocr.o)
                0x1fff8d90                __malloc_trim_threshold
 *(.jcr*)
                0x1fff8d94                . = ALIGN (0x4)
                0x1fff8d94                __data_end__ = .
                0x00003fb8                __DATA_END = (__DATA_ROM + (__data_end__ - __data_start__))
                0x00003fb8                __CODE_ROM = __DATA_END

.tm_clone_table
                0x1fff8d94        0x0 load address 0x00003fb8
 .tm_clone_table
                0x1fff8d94        0x0 c:/nxp/s32ds.3.6.4/s32ds/build_tools/gcc_v11.4/gcc-11.4-arm32-eabi/bin/../lib/gcc/arm-none-eabi/11.4.0/thumb/v7e-m/nofp/crtbegin.o
 .tm_clone_table
                0x1fff8d94        0x0 c:/nxp/s32ds.3.6.4/s32ds/build_tools/gcc_v11.4/gcc-11.4-arm32-eabi/bin/../lib/gcc/arm-none-eabi/11.4.0/thumb/v7e-m/nofp/crtend.o

.igot.plt       0x1fff8d94        0x0 load address 0x00003fb8
 .igot.plt      0x1fff8d94        0x0 c:/nxp/s32ds.3.6.4/s32ds/build_tools/gcc_v11.4/gcc-11.4-arm32-eabi/bin/../lib/gcc/arm-none-eabi/11.4.0/thumb/v7e-m/nofp/crtbegin.o

.code           0x1fff8d94        0x0 load address 0x00003fb8
                0x1fff8d94                . = ALIGN (0x4)
                0x1fff8d94                __CODE_RAM = .
                0x1fff8d94                __code_start__ = .
                0x1fff8d94                __code_ram_start__ = .
 *(.code_ram)
                0x1fff8d94                . = ALIGN (0x4)
                0x1fff8d94                __code_end__ = .
                0x1fff8d94                __code_ram_end__ = .
                0x00003fb8                __CODE_END = (__CODE_ROM + (__code_end__ - __code_start__))
                0x00003fb8                __CUSTOM_ROM = __CODE_END

.customSectionBlock
                0x20000000        0x0 load address 0x00003fb8
                0x20000000                __customSection_start__ = .
 *(.customSection)
                0x20000000                __customSection_end__ = .
                0x00003fb8                __CUSTOM_END = (__CUSTOM_ROM + (__customSection_end__ - __customSection_start__))

.bss            0x20000000      0x740
                0x20000000                . = ALIGN (0x4)
                0x20000000                __BSS_START = .
                0x20000000                __bss_start__ = .
 *(.bss)
 .bss           0x20000000       0x1c c:/nxp/s32ds.3.6.4/s32ds/build_tools/gcc_v11.4/gcc-11.4-arm32-eabi/bin/../lib/gcc/arm-none-eabi/11.4.0/thumb/v7e-m/nofp/crtbegin.o
 *(.bss*)
 .bss.s_srec_queue
                0x2000001c      0x41c ./src/main.o
 .bss.rec       0x20000438      0x10c ./src/main.o
 .bss.s_update_active
                0x20000544        0x1 ./src/src/Bootloader.o
 .bss.s_seen_data
                0x20000545        0x1 ./src/src/Bootloader.o
 *fill*         0x20000546        0x2 
 .bss.s_gpioCallbacks
                0x20000548      0x100 ./src/src/HAL_GPIO.o
 .bss.s_uart1_ctx
                0x20000648        0x8 ./src/src/HAL_USART.o
 .bss.s_uartPowerState
                0x20000650        0x1 ./src/src/HAL_USART.o
 *fill*         0x20000651        0x3 
 .bss.s_usartTxCount
                0x20000654        0x4 ./src/src/HAL_USART.o
 .bss.s_usartRxCount
                0x20000658        0x4 ./src/src/HAL_USART.o
 .bss.s_usartStatus
                0x2000065c        0x4 ./src/src/HAL_USART.o
 .bss.heap_end.0
                0x20000660        0x4 c:/nxp/s32ds.3.6.4/s32ds/build_tools/gcc_v11.4/gcc-11.4-arm32-eabi/bin/../lib/gcc/arm-none-eabi/11.4.0/../../../../arm-none-eabi/lib/thumb/v7e-m/nofp\librdimon.a(rdimon-syscalls.o)
 .bss.monitor_stderr
                0x20000664        0x4 c:/nxp/s32ds.3.6.4/s32ds/build_tools/gcc_v11.4/gcc-11.4-arm32-eabi/bin/../lib/gcc/arm-none-eabi/11.4.0/../../../../arm-none-eabi/lib/thumb/v7e-m/nofp\librdimon.a(rdimon-syscalls.o)
 .bss.monitor_stdin
                0x20000668        0x4 c:/nxp/s32ds.3.6.4/s32ds/build_tools/gcc_v11.4/gcc-11.4-arm32-eabi/bin/../lib/gcc/arm-none-eabi/11.4.0/../../../../arm-none-eabi/lib/thumb/v7e-m/nofp\librdimon.a(rdimon-syscalls.o)
 .bss.monitor_stdout
                0x2000066c        0x4 c:/nxp/s32ds.3.6.4/s32ds/build_tools/gcc_v11.4/gcc-11.4-arm32-eabi/bin/../lib/gcc/arm-none-eabi/11.4.0/../../../../arm-none-eabi/lib/thumb/v7e-m/nofp\librdimon.a(rdimon-syscalls.o)
 .bss.openfiles
                0x20000670       0xa0 c:/nxp/s32ds.3.6.4/s32ds/build_tools/gcc_v11.4/gcc-11.4-arm32-eabi/bin/../lib/gcc/arm-none-eabi/11.4.0/../../../../arm-none-eabi/lib/thumb/v7e-m/nofp\librdimon.a(rdimon-syscalls.o)
 .bss.__malloc_current_mallinfo
                0x20000710       0x28 c:/nxp/s32ds.3.6.4/s32ds/build_tools/gcc_v11.4/gcc-11.4-arm32-eabi/bin/../lib/gcc/arm-none-eabi/11.4.0/../../../../arm-none-eabi/lib/thumb/v7e-m/nofp\libc.a(lib_a-mallocr.o)
                0x20000710                __malloc_current_mallinfo
 .bss.__malloc_top_pad
                0x20000738        0x4 c:/nxp/s32ds.3.6.4/s32ds/build_tools/gcc_v11.4/gcc-11.4-arm32-eabi/bin/../lib/gcc/arm-none-eabi/11.4.0/../../../../arm-none-eabi/lib/thumb/v7e-m/nofp\libc.a(lib_a-mallocr.o)
                0x20000738                __malloc_top_pad
 .bss.errno     0x2000073c        0x4 c:/nxp/s32ds.3.6.4/s32ds/build_tools/gcc_v11.4/gcc-11.4-arm32-eabi/bin/../lib/gcc/arm-none-eabi/11.4.0/../../../../arm-none-eabi/lib/thumb/v7e-m/nofp\libc.a(lib_a-reent.o)
                0x2000073c                errno
 *(COMMON)
                0x20000740                . = ALIGN (0x4)
                0x20000740                __bss_end__ = .
                0x20000740                __BSS_END = .

.acmem_43_infls_code_ram
                0x20000740       0x24
                0x20000764                . = (. + (acmem_43_infls_code_rom_end - acmem_43_infls_code_rom_start))
 *fill*         0x20000740       0x24 

.heap           0x20000764      0x404
                0x20000768                . = ALIGN (0x8)
 *fill*         0x20000764        0x4 
                0x20000768                __end__ = .
                0x20000768                __heap_start__ = .
                0x20000768                PROVIDE (end = .)
                [!provide]                PROVIDE (_end = .)
                [!provide]                PROVIDE (__end = .)
                0x20000768                __HeapBase = .
                0x20000b68                . = (. + HEAP_SIZE)
 *fill*         0x20000768      0x400 
                0x20000b68                __HeapLimit = .
                0x20000b68                __heap_limit = .
                0x20000b68                __heap_end__ = .
                0x20007000                __StackTop = (ORIGIN (m_data_2) + LENGTH (m_data_2))
                0x20006c00                __StackLimit = (__StackTop - STACK_SIZE)
                0x20007000                PROVIDE (__stack = __StackTop)
                0x20007000                __RAM_END = __StackTop

.stack          0x20006c00      0x400
                0x20006c00                . = ALIGN (0x8)
                0x20006c00                __stack_start__ = .
                0x20007000                . = (. + STACK_SIZE)
 *fill*         0x20006c00      0x400 
                0x20007000                __stack_end__ = .
                0x20000000                __START_BSS = __BSS_START
                0x20000740                __END_BSS = __BSS_END
                0x20007000                __SP_INIT = __StackTop
                0x1fff8000                WriteFuncAddress = 0x1fff8000
                0x0000060c                Mem_43_INFLS_ACWriteRomStart = acmem_43_infls_code_rom_start
                0x00000630                Mem_43_INFLS_ACWriteRomEnd = acmem_43_infls_code_rom_end
                0x00000009                Mem_43_INFLS_ACWriteSize = (((acmem_43_infls_code_rom_end - acmem_43_infls_code_rom_start) + 0x3) / 0x4)

.ARM.attributes
                0x00000000       0x2a
 *(.ARM.attributes)
 .ARM.attributes
                0x00000000       0x1e c:/nxp/s32ds.3.6.4/s32ds/build_tools/gcc_v11.4/gcc-11.4-arm32-eabi/bin/../lib/gcc/arm-none-eabi/11.4.0/thumb/v7e-m/nofp/crti.o
 .ARM.attributes
                0x0000001e       0x2e c:/nxp/s32ds.3.6.4/s32ds/build_tools/gcc_v11.4/gcc-11.4-arm32-eabi/bin/../lib/gcc/arm-none-eabi/11.4.0/thumb/v7e-m/nofp/crtbegin.o
 .ARM.attributes
                0x0000004c       0x1c c:/nxp/s32ds.3.6.4/s32ds/build_tools/gcc_v11.4/gcc-11.4-arm32-eabi/bin/../lib/gcc/arm-none-eabi/11.4.0/../../../../arm-none-eabi/lib/thumb/v7e-m/nofp/rdimon-crt0.o
 .ARM.attributes
                0x00000068       0x2e ./Project_Settings/Startup_Code/startup.o
 .ARM.attributes
                0x00000096       0x1b ./Project_Settings/Startup_Code/startup_S32K144.o
 .ARM.attributes
                0x000000b1       0x2e ./Project_Settings/Startup_Code/system_S32K144.o
 .ARM.attributes
                0x000000df       0x2e ./src/main.o
 .ARM.attributes
                0x0000010d       0x2e ./src/src/Bootloader.o
 .ARM.attributes
                0x0000013b       0x2e ./src/src/Driver_GPIO.o
 .ARM.attributes
                0x00000169       0x2e ./src/src/Driver_USART.o
 .ARM.attributes
                0x00000197       0x2e ./src/src/FLASH.o
 .ARM.attributes
                0x000001c5       0x2e ./src/src/HAL_GPIO.o
 .ARM.attributes
                0x000001f3       0x2e ./src/src/HAL_USART.o
 .ARM.attributes
                0x00000221       0x2e ./src/src/Queue.o
 .ARM.attributes
                0x0000024f       0x2e ./src/src/app.o
 .ARM.attributes
                0x0000027d       0x2e ./src/src/clocks_and_modes.o
 .ARM.attributes
                0x000002ab       0x2e ./src/src/srec.o
 .ARM.attributes
                0x000002d9       0x2e c:/nxp/s32ds.3.6.4/s32ds/build_tools/gcc_v11.4/gcc-11.4-arm32-eabi/bin/../lib/gcc/arm-none-eabi/11.4.0/../../../../arm-none-eabi/lib/thumb/v7e-m/nofp\libc.a(lib_a-exit.o)
 .ARM.attributes
                0x00000307       0x2e c:/nxp/s32ds.3.6.4/s32ds/build_tools/gcc_v11.4/gcc-11.4-arm32-eabi/bin/../lib/gcc/arm-none-eabi/11.4.0/../../../../arm-none-eabi/lib/thumb/v7e-m/nofp\libc.a(lib_a-impure.o)
 .ARM.attributes
                0x00000335       0x2e c:/nxp/s32ds.3.6.4/s32ds/build_tools/gcc_v11.4/gcc-11.4-arm32-eabi/bin/../lib/gcc/arm-none-eabi/11.4.0/../../../../arm-none-eabi/lib/thumb/v7e-m/nofp\libc.a(lib_a-init.o)
 .ARM.attributes
                0x00000363       0x2e c:/nxp/s32ds.3.6.4/s32ds/build_tools/gcc_v11.4/gcc-11.4-arm32-eabi/bin/../lib/gcc/arm-none-eabi/11.4.0/../../../../arm-none-eabi/lib/thumb/v7e-m/nofp\libc.a(lib_a-memcpy-stub.o)
 .ARM.attributes
                0x00000391       0x2e c:/nxp/s32ds.3.6.4/s32ds/build_tools/gcc_v11.4/gcc-11.4-arm32-eabi/bin/../lib/gcc/arm-none-eabi/11.4.0/../../../../arm-none-eabi/lib/thumb/v7e-m/nofp\libc.a(lib_a-memset.o)
 .ARM.attributes
                0x000003bf       0x17 c:/nxp/s32ds.3.6.4/s32ds/build_tools/gcc_v11.4/gcc-11.4-arm32-eabi/bin/../lib/gcc/arm-none-eabi/11.4.0/../../../../arm-none-eabi/lib/thumb/v7e-m/nofp\libc.a(lib_a-strlen.o)
 .ARM.attributes
                0x000003d6       0x2e c:/nxp/s32ds.3.6.4/s32ds/build_tools/gcc_v11.4/gcc-11.4-arm32-eabi/bin/../lib/gcc/arm-none-eabi/11.4.0/../../../../arm-none-eabi/lib/thumb/v7e-m/nofp\libc.a(lib_a-__call_atexit.o)
 .ARM.attributes
                0x00000404       0x2e c:/nxp/s32ds.3.6.4/s32ds/build_tools/gcc_v11.4/gcc-11.4-arm32-eabi/bin/../lib/gcc/arm-none-eabi/11.4.0/../../../../arm-none-eabi/lib/thumb/v7e-m/nofp\libc.a(lib_a-fini.o)
 .ARM.attributes
                0x00000432       0x2e c:/nxp/s32ds.3.6.4/s32ds/build_tools/gcc_v11.4/gcc-11.4-arm32-eabi/bin/../lib/gcc/arm-none-eabi/11.4.0/../../../../arm-none-eabi/lib/thumb/v7e-m/nofp\libc.a(lib_a-atexit.o)
 .ARM.attributes
                0x00000460       0x2e c:/nxp/s32ds.3.6.4/s32ds/build_tools/gcc_v11.4/gcc-11.4-arm32-eabi/bin/../lib/gcc/arm-none-eabi/11.4.0/../../../../arm-none-eabi/lib/thumb/v7e-m/nofp\libc.a(lib_a-__atexit.o)
 .ARM.attributes
                0x0000048e       0x2e c:/nxp/s32ds.3.6.4/s32ds/build_tools/gcc_v11.4/gcc-11.4-arm32-eabi/bin/../lib/gcc/arm-none-eabi/11.4.0/../../../../arm-none-eabi/lib/thumb/v7e-m/nofp\librdimon.a(rdimon-syscalls.o)
 .ARM.attributes
                0x000004bc       0x2e c:/nxp/s32ds.3.6.4/s32ds/build_tools/gcc_v11.4/gcc-11.4-arm32-eabi/bin/../lib/gcc/arm-none-eabi/11.4.0/../../../../arm-none-eabi/lib/thumb/v7e-m/nofp\librdimon.a(rdimon-_exit.o)
 .ARM.attributes
                0x000004ea       0x2e c:/nxp/s32ds.3.6.4/s32ds/build_tools/gcc_v11.4/gcc-11.4-arm32-eabi/bin/../lib/gcc/arm-none-eabi/11.4.0/../../../../arm-none-eabi/lib/thumb/v7e-m/nofp\librdimon.a(rdimon-_kill.o)
 .ARM.attributes
                0x00000518       0x2e c:/nxp/s32ds.3.6.4/s32ds/build_tools/gcc_v11.4/gcc-11.4-arm32-eabi/bin/../lib/gcc/arm-none-eabi/11.4.0/../../../../arm-none-eabi/lib/thumb/v7e-m/nofp\libc.a(lib_a-errno.o)
 .ARM.attributes
                0x00000546       0x2e c:/nxp/s32ds.3.6.4/s32ds/build_tools/gcc_v11.4/gcc-11.4-arm32-eabi/bin/../lib/gcc/arm-none-eabi/11.4.0/../../../../arm-none-eabi/lib/thumb/v7e-m/nofp\libc.a(lib_a-findfp.o)
 .ARM.attributes
                0x00000574       0x2e c:/nxp/s32ds.3.6.4/s32ds/build_tools/gcc_v11.4/gcc-11.4-arm32-eabi/bin/../lib/gcc/arm-none-eabi/11.4.0/../../../../arm-none-eabi/lib/thumb/v7e-m/nofp\libc.a(lib_a-fwalk.o)
 .ARM.attributes
                0x000005a2       0x2e c:/nxp/s32ds.3.6.4/s32ds/build_tools/gcc_v11.4/gcc-11.4-arm32-eabi/bin/../lib/gcc/arm-none-eabi/11.4.0/../../../../arm-none-eabi/lib/thumb/v7e-m/nofp\libc.a(lib_a-mallocr.o)
 .ARM.attributes
                0x000005d0       0x2e c:/nxp/s32ds.3.6.4/s32ds/build_tools/gcc_v11.4/gcc-11.4-arm32-eabi/bin/../lib/gcc/arm-none-eabi/11.4.0/../../../../arm-none-eabi/lib/thumb/v7e-m/nofp\libc.a(lib_a-mlock.o)
 .ARM.attributes
                0x000005fe       0x2e c:/nxp/s32ds.3.6.4/s32ds/build_tools/gcc_v11.4/gcc-11.4-arm32-eabi/bin/../lib/gcc/arm-none-eabi/11.4.0/../../../../arm-none-eabi/lib/thumb/v7e-m/nofp\libc.a(lib_a-sbrkr.o)
 .ARM.attributes
                0x0000062c       0x2e c:/nxp/s32ds.3.6.4/s32ds/build_tools/gcc_v11.4/gcc-11.4-arm32-eabi/bin/../lib/gcc/arm-none-eabi/11.4.0/../../../../arm-none-eabi/lib/thumb/v7e-m/nofp\libc.a(lib_a-stdio.o)
 .ARM.attributes
                0x0000065a       0x2e c:/nxp/s32ds.3.6.4/s32ds/build_tools/gcc_v11.4/gcc-11.4-arm32-eabi/bin/../lib/gcc/arm-none-eabi/11.4.0/../../../../arm-none-eabi/lib/thumb/v7e-m/nofp\libc.a(lib_a-writer.o)
 .ARM.attributes
                0x00000688       0x2e c:/nxp/s32ds.3.6.4/s32ds/build_tools/gcc_v11.4/gcc-11.4-arm32-eabi/bin/../lib/gcc/arm-none-eabi/11.4.0/../../../../arm-none-eabi/lib/thumb/v7e-m/nofp\libc.a(lib_a-closer.o)
 .ARM.attributes
                0x000006b6       0x2e c:/nxp/s32ds.3.6.4/s32ds/build_tools/gcc_v11.4/gcc-11.4-arm32-eabi/bin/../lib/gcc/arm-none-eabi/11.4.0/../../../../arm-none-eabi/lib/thumb/v7e-m/nofp\libc.a(lib_a-fclose.o)
 .ARM.attributes
                0x000006e4       0x2e c:/nxp/s32ds.3.6.4/s32ds/build_tools/gcc_v11.4/gcc-11.4-arm32-eabi/bin/../lib/gcc/arm-none-eabi/11.4.0/../../../../arm-none-eabi/lib/thumb/v7e-m/nofp\libc.a(lib_a-fflush.o)
 .ARM.attributes
                0x00000712       0x2e c:/nxp/s32ds.3.6.4/s32ds/build_tools/gcc_v11.4/gcc-11.4-arm32-eabi/bin/../lib/gcc/arm-none-eabi/11.4.0/../../../../arm-none-eabi/lib/thumb/v7e-m/nofp\libc.a(lib_a-freer.o)
 .ARM.attributes
                0x00000740       0x2e c:/nxp/s32ds.3.6.4/s32ds/build_tools/gcc_v11.4/gcc-11.4-arm32-eabi/bin/../lib/gcc/arm-none-eabi/11.4.0/../../../../arm-none-eabi/lib/thumb/v7e-m/nofp\libc.a(lib_a-lseekr.o)
 .ARM.attributes
                0x0000076e       0x2e c:/nxp/s32ds.3.6.4/s32ds/build_tools/gcc_v11.4/gcc-11.4-arm32-eabi/bin/../lib/gcc/arm-none-eabi/11.4.0/../../../../arm-none-eabi/lib/thumb/v7e-m/nofp\libc.a(lib_a-readr.o)
 .ARM.attributes
                0x0000079c       0x2e c:/nxp/s32ds.3.6.4/s32ds/build_tools/gcc_v11.4/gcc-11.4-arm32-eabi/bin/../lib/gcc/arm-none-eabi/11.4.0/../../../../arm-none-eabi/lib/thumb/v7e-m/nofp\libc.a(lib_a-reent.o)
 .ARM.attributes
                0x000007ca       0x2e c:/nxp/s32ds.3.6.4/s32ds/build_tools/gcc_v11.4/gcc-11.4-arm32-eabi/bin/../lib/gcc/arm-none-eabi/11.4.0/thumb/v7e-m/nofp/crtend.o
 .ARM.attributes
                0x000007f8       0x1e c:/nxp/s32ds.3.6.4/s32ds/build_tools/gcc_v11.4/gcc-11.4-arm32-eabi/bin/../lib/gcc/arm-none-eabi/11.4.0/thumb/v7e-m/nofp/crtn.o
                0x00000001                ASSERT ((__StackLimit >= __HeapLimit), region m_data_2 overflowed with stack and heap)
OUTPUT(S32K144_Demo_Mock_Test.elf elf32-littlearm)
LOAD linker stubs

.comment        0x00000000       0x88
 .comment       0x00000000       0x88 c:/nxp/s32ds.3.6.4/s32ds/build_tools/gcc_v11.4/gcc-11.4-arm32-eabi/bin/../lib/gcc/arm-none-eabi/11.4.0/thumb/v7e-m/nofp/crtbegin.o
                                 0x89 (size before relaxing)
 .comment       0x00000088       0x89 ./Project_Settings/Startup_Code/startup.o
 .comment       0x00000088       0x89 ./Project_Settings/Startup_Code/system_S32K144.o
 .comment       0x00000088       0x89 ./src/main.o
 .comment       0x00000088       0x89 ./src/src/Bootloader.o
 .comment       0x00000088       0x89 ./src/src/Driver_GPIO.o
 .comment       0x00000088       0x89 ./src/src/Driver_USART.o
 .comment       0x00000088       0x89 ./src/src/FLASH.o
 .comment       0x00000088       0x89 ./src/src/HAL_GPIO.o
 .comment       0x00000088       0x89 ./src/src/HAL_USART.o
 .comment       0x00000088       0x89 ./src/src/Queue.o
 .comment       0x00000088       0x89 ./src/src/app.o
 .comment       0x00000088       0x89 ./src/src/clocks_and_modes.o
 .comment       0x00000088       0x89 ./src/src/srec.o
 .comment       0x00000088       0x89 c:/nxp/s32ds.3.6.4/s32ds/build_tools/gcc_v11.4/gcc-11.4-arm32-eabi/bin/../lib/gcc/arm-none-eabi/11.4.0/../../../../arm-none-eabi/lib/thumb/v7e-m/nofp\libc.a(lib_a-exit.o)
 .comment       0x00000088       0x89 c:/nxp/s32ds.3.6.4/s32ds/build_tools/gcc_v11.4/gcc-11.4-arm32-eabi/bin/../lib/gcc/arm-none-eabi/11.4.0/../../../../arm-none-eabi/lib/thumb/v7e-m/nofp\libc.a(lib_a-impure.o)
 .comment       0x00000088       0x89 c:/nxp/s32ds.3.6.4/s32ds/build_tools/gcc_v11.4/gcc-11.4-arm32-eabi/bin/../lib/gcc/arm-none-eabi/11.4.0/../../../../arm-none-eabi/lib/thumb/v7e-m/nofp\libc.a(lib_a-init.o)
 .comment       0x00000088       0x89 c:/nxp/s32ds.3.6.4/s32ds/build_tools/gcc_v11.4/gcc-11.4-arm32-eabi/bin/../lib/gcc/arm-none-eabi/11.4.0/../../../../arm-none-eabi/lib/thumb/v7e-m/nofp\libc.a(lib_a-memcpy-stub.o)
 .comment       0x00000088       0x89 c:/nxp/s32ds.3.6.4/s32ds/build_tools/gcc_v11.4/gcc-11.4-arm32-eabi/bin/../lib/gcc/arm-none-eabi/11.4.0/../../../../arm-none-eabi/lib/thumb/v7e-m/nofp\libc.a(lib_a-memset.o)
 .comment       0x00000088       0x89 c:/nxp/s32ds.3.6.4/s32ds/build_tools/gcc_v11.4/gcc-11.4-arm32-eabi/bin/../lib/gcc/arm-none-eabi/11.4.0/../../../../arm-none-eabi/lib/thumb/v7e-m/nofp\libc.a(lib_a-__call_atexit.o)
 .comment       0x00000088       0x89 c:/nxp/s32ds.3.6.4/s32ds/build_tools/gcc_v11.4/gcc-11.4-arm32-eabi/bin/../lib/gcc/arm-none-eabi/11.4.0/../../../../arm-none-eabi/lib/thumb/v7e-m/nofp\libc.a(lib_a-fini.o)
 .comment       0x00000088       0x89 c:/nxp/s32ds.3.6.4/s32ds/build_tools/gcc_v11.4/gcc-11.4-arm32-eabi/bin/../lib/gcc/arm-none-eabi/11.4.0/../../../../arm-none-eabi/lib/thumb/v7e-m/nofp\libc.a(lib_a-atexit.o)
 .comment       0x00000088       0x89 c:/nxp/s32ds.3.6.4/s32ds/build_tools/gcc_v11.4/gcc-11.4-arm32-eabi/bin/../lib/gcc/arm-none-eabi/11.4.0/../../../../arm-none-eabi/lib/thumb/v7e-m/nofp\libc.a(lib_a-__atexit.o)
 .comment       0x00000088       0x89 c:/nxp/s32ds.3.6.4/s32ds/build_tools/gcc_v11.4/gcc-11.4-arm32-eabi/bin/../lib/gcc/arm-none-eabi/11.4.0/../../../../arm-none-eabi/lib/thumb/v7e-m/nofp\librdimon.a(rdimon-syscalls.o)
 .comment       0x00000088       0x89 c:/nxp/s32ds.3.6.4/s32ds/build_tools/gcc_v11.4/gcc-11.4-arm32-eabi/bin/../lib/gcc/arm-none-eabi/11.4.0/../../../../arm-none-eabi/lib/thumb/v7e-m/nofp\librdimon.a(rdimon-_exit.o)
 .comment       0x00000088       0x89 c:/nxp/s32ds.3.6.4/s32ds/build_tools/gcc_v11.4/gcc-11.4-arm32-eabi/bin/../lib/gcc/arm-none-eabi/11.4.0/../../../../arm-none-eabi/lib/thumb/v7e-m/nofp\librdimon.a(rdimon-_kill.o)
 .comment       0x00000088       0x89 c:/nxp/s32ds.3.6.4/s32ds/build_tools/gcc_v11.4/gcc-11.4-arm32-eabi/bin/../lib/gcc/arm-none-eabi/11.4.0/../../../../arm-none-eabi/lib/thumb/v7e-m/nofp\libc.a(lib_a-errno.o)
 .comment       0x00000088       0x89 c:/nxp/s32ds.3.6.4/s32ds/build_tools/gcc_v11.4/gcc-11.4-arm32-eabi/bin/../lib/gcc/arm-none-eabi/11.4.0/../../../../arm-none-eabi/lib/thumb/v7e-m/nofp\libc.a(lib_a-findfp.o)
 .comment       0x00000088       0x89 c:/nxp/s32ds.3.6.4/s32ds/build_tools/gcc_v11.4/gcc-11.4-arm32-eabi/bin/../lib/gcc/arm-none-eabi/11.4.0/../../../../arm-none-eabi/lib/thumb/v7e-m/nofp\libc.a(lib_a-fwalk.o)
 .comment       0x00000088       0x89 c:/nxp/s32ds.3.6.4/s32ds/build_tools/gcc_v11.4/gcc-11.4-arm32-eabi/bin/../lib/gcc/arm-none-eabi/11.4.0/../../../../arm-none-eabi/lib/thumb/v7e-m/nofp\libc.a(lib_a-mallocr.o)
 .comment       0x00000088       0x89 c:/nxp/s32ds.3.6.4/s32ds/build_tools/gcc_v11.4/gcc-11.4-arm32-eabi/bin/../lib/gcc/arm-none-eabi/11.4.0/../../../../arm-none-eabi/lib/thumb/v7e-m/nofp\libc.a(lib_a-mlock.o)
 .comment       0x00000088       0x89 c:/nxp/s32ds.3.6.4/s32ds/build_tools/gcc_v11.4/gcc-11.4-arm32-eabi/bin/../lib/gcc/arm-none-eabi/11.4.0/../../../../arm-none-eabi/lib/thumb/v7e-m/nofp\libc.a(lib_a-sbrkr.o)
 .comment       0x00000088       0x89 c:/nxp/s32ds.3.6.4/s32ds/build_tools/gcc_v11.4/gcc-11.4-arm32-eabi/bin/../lib/gcc/arm-none-eabi/11.4.0/../../../../arm-none-eabi/lib/thumb/v7e-m/nofp\libc.a(lib_a-stdio.o)
 .comment       0x00000088       0x89 c:/nxp/s32ds.3.6.4/s32ds/build_tools/gcc_v11.4/gcc-11.4-arm32-eabi/bin/../lib/gcc/arm-none-eabi/11.4.0/../../../../arm-none-eabi/lib/thumb/v7e-m/nofp\libc.a(lib_a-writer.o)
 .comment       0x00000088       0x89 c:/nxp/s32ds.3.6.4/s32ds/build_tools/gcc_v11.4/gcc-11.4-arm32-eabi/bin/../lib/gcc/arm-none-eabi/11.4.0/../../../../arm-none-eabi/lib/thumb/v7e-m/nofp\libc.a(lib_a-closer.o)
 .comment       0x00000088       0x89 c:/nxp/s32ds.3.6.4/s32ds/build_tools/gcc_v11.4/gcc-11.4-arm32-eabi/bin/../lib/gcc/arm-none-eabi/11.4.0/../../../../arm-none-eabi/lib/thumb/v7e-m/nofp\libc.a(lib_a-fclose.o)
 .comment       0x00000088       0x89 c:/nxp/s32ds.3.6.4/s32ds/build_tools/gcc_v11.4/gcc-11.4-arm32-eabi/bin/../lib/gcc/arm-none-eabi/11.4.0/../../../../arm-none-eabi/lib/thumb/v7e-m/nofp\libc.a(lib_a-fflush.o)
 .comment       0x00000088       0x89 c:/nxp/s32ds.3.6.4/s32ds/build_tools/gcc_v11.4/gcc-11.4-arm32-eabi/bin/../lib/gcc/arm-none-eabi/11.4.0/../../../../arm-none-eabi/lib/thumb/v7e-m/nofp\libc.a(lib_a-freer.o)
 .comment       0x00000088       0x89 c:/nxp/s32ds.3.6.4/s32ds/build_tools/gcc_v11.4/gcc-11.4-arm32-eabi/bin/../lib/gcc/arm-none-eabi/11.4.0/../../../../arm-none-eabi/lib/thumb/v7e-m/nofp\libc.a(lib_a-lseekr.o)
 .comment       0x00000088       0x89 c:/nxp/s32ds.3.6.4/s32ds/build_tools/gcc_v11.4/gcc-11.4-arm32-eabi/bin/../lib/gcc/arm-none-eabi/11.4.0/../../../../arm-none-eabi/lib/thumb/v7e-m/nofp\libc.a(lib_a-readr.o)
 .comment       0x00000088       0x89 c:/nxp/s32ds.3.6.4/s32ds/build_tools/gcc_v11.4/gcc-11.4-arm32-eabi/bin/../lib/gcc/arm-none-eabi/11.4.0/../../../../arm-none-eabi/lib/thumb/v7e-m/nofp\libc.a(lib_a-reent.o)
 .comment       0x00000088       0x89 c:/nxp/s32ds.3.6.4/s32ds/build_tools/gcc_v11.4/gcc-11.4-arm32-eabi/bin/../lib/gcc/arm-none-eabi/11.4.0/thumb/v7e-m/nofp/crtend.o

.debug_line     0x00000000     0x3cb1
 .debug_line    0x00000000       0xbf c:/nxp/s32ds.3.6.4/s32ds/build_tools/gcc_v11.4/gcc-11.4-arm32-eabi/bin/../lib/gcc/arm-none-eabi/11.4.0/../../../../arm-none-eabi/lib/thumb/v7e-m/nofp/rdimon-crt0.o
 .debug_line    0x000000bf      0x39a ./Project_Settings/Startup_Code/startup.o
 .debug_line    0x00000459       0x78 ./Project_Settings/Startup_Code/startup_S32K144.o
 .debug_line    0x000004d1      0x3ce ./Project_Settings/Startup_Code/system_S32K144.o
 .debug_line    0x0000089f      0x4e9 ./src/main.o
 .debug_line    0x00000d88      0x524 ./src/src/Bootloader.o
 .debug_line    0x000012ac      0x48c ./src/src/Driver_GPIO.o
 .debug_line    0x00001738      0x40b ./src/src/Driver_USART.o
 .debug_line    0x00001b43      0x47b ./src/src/FLASH.o
 .debug_line    0x00001fbe      0x51d ./src/src/HAL_GPIO.o
 .debug_line    0x000024db      0x638 ./src/src/HAL_USART.o
 .debug_line    0x00002b13      0x47c ./src/src/Queue.o
 .debug_line    0x00002f8f      0x2cd ./src/src/app.o
 .debug_line    0x0000325c      0x3ed ./src/src/clocks_and_modes.o
 .debug_line    0x00003649      0x668 ./src/src/srec.o

.debug_line_str
                0x00000000      0x11a
 .debug_line_str
                0x00000000       0xa0 c:/nxp/s32ds.3.6.4/s32ds/build_tools/gcc_v11.4/gcc-11.4-arm32-eabi/bin/../lib/gcc/arm-none-eabi/11.4.0/../../../../arm-none-eabi/lib/thumb/v7e-m/nofp/rdimon-crt0.o
                                 0xa7 (size before relaxing)
 .debug_line_str
                0x000000a0       0x7a ./Project_Settings/Startup_Code/startup_S32K144.o
                                 0x8c (size before relaxing)

.debug_info     0x00000000     0x4909
 .debug_info    0x00000000       0x25 c:/nxp/s32ds.3.6.4/s32ds/build_tools/gcc_v11.4/gcc-11.4-arm32-eabi/bin/../lib/gcc/arm-none-eabi/11.4.0/../../../../arm-none-eabi/lib/thumb/v7e-m/nofp/rdimon-crt0.o
 .debug_info    0x00000025      0x419 ./Project_Settings/Startup_Code/startup.o
 .debug_info    0x0000043e       0x24 ./Project_Settings/Startup_Code/startup_S32K144.o
 .debug_info    0x00000462      0x54b ./Project_Settings/Startup_Code/system_S32K144.o
 .debug_info    0x000009ad      0xb54 ./src/main.o
 .debug_info    0x00001501      0x5b1 ./src/src/Bootloader.o
 .debug_info    0x00001ab2      0x4ec ./src/src/Driver_GPIO.o
 .debug_info    0x00001f9e      0x939 ./src/src/Driver_USART.o
 .debug_info    0x000028d7      0x342 ./src/src/FLASH.o
 .debug_info    0x00002c19      0x603 ./src/src/HAL_GPIO.o
 .debug_info    0x0000321c      0x76a ./src/src/HAL_USART.o
 .debug_info    0x00003986      0x3c2 ./src/src/Queue.o
 .debug_info    0x00003d48      0x5f3 ./src/src/app.o
 .debug_info    0x0000433b      0x27d ./src/src/clocks_and_modes.o
 .debug_info    0x000045b8      0x351 ./src/src/srec.o

.debug_abbrev   0x00000000     0x1628
 .debug_abbrev  0x00000000       0x14 c:/nxp/s32ds.3.6.4/s32ds/build_tools/gcc_v11.4/gcc-11.4-arm32-eabi/bin/../lib/gcc/arm-none-eabi/11.4.0/../../../../arm-none-eabi/lib/thumb/v7e-m/nofp/rdimon-crt0.o
 .debug_abbrev  0x00000014      0x120 ./Project_Settings/Startup_Code/startup.o
 .debug_abbrev  0x00000134       0x14 ./Project_Settings/Startup_Code/startup_S32K144.o
 .debug_abbrev  0x00000148      0x145 ./Project_Settings/Startup_Code/system_S32K144.o
 .debug_abbrev  0x0000028d      0x2b9 ./src/main.o
 .debug_abbrev  0x00000546      0x20a ./src/src/Bootloader.o
 .debug_abbrev  0x00000750      0x182 ./src/src/Driver_GPIO.o
 .debug_abbrev  0x000008d2      0x24f ./src/src/Driver_USART.o
 .debug_abbrev  0x00000b21      0x158 ./src/src/FLASH.o
 .debug_abbrev  0x00000c79      0x1cf ./src/src/HAL_GPIO.o
 .debug_abbrev  0x00000e48      0x24a ./src/src/HAL_USART.o
 .debug_abbrev  0x00001092      0x169 ./src/src/Queue.o
 .debug_abbrev  0x000011fb      0x1dd ./src/src/app.o
 .debug_abbrev  0x000013d8       0xd2 ./src/src/clocks_and_modes.o
 .debug_abbrev  0x000014aa      0x17e ./src/src/srec.o

.debug_str      0x00000000    0x67da0
 .debug_str     0x00000000       0xac c:/nxp/s32ds.3.6.4/s32ds/build_tools/gcc_v11.4/gcc-11.4-arm32-eabi/bin/../lib/gcc/arm-none-eabi/11.4.0/../../../../arm-none-eabi/lib/thumb/v7e-m/nofp/rdimon-crt0.o
 .debug_str     0x000000ac    0x61b63 ./Project_Settings/Startup_Code/startup.o
                              0x61cf8 (size before relaxing)
 .debug_str     0x00061c0f       0x33 ./Project_Settings/Startup_Code/startup_S32K144.o
                                 0x86 (size before relaxing)
 .debug_str     0x00061c42      0x1ed ./Project_Settings/Startup_Code/system_S32K144.o
                              0x61b69 (size before relaxing)
 .debug_str     0x00061e2f     0x1c7e ./src/main.o
                              0x63788 (size before relaxing)
 .debug_str     0x00063aad      0x306 ./src/src/Bootloader.o
                              0x61e0d (size before relaxing)
 .debug_str     0x00063db3      0x15f ./src/src/Driver_GPIO.o
                              0x6214f (size before relaxing)
 .debug_str     0x00063f12      0x26e ./src/src/Driver_USART.o
                               0x57c5 (size before relaxing)
 .debug_str     0x00064180      0x1c2 ./src/src/FLASH.o
                              0x56b85 (size before relaxing)
 .debug_str     0x00064342       0xe7 ./src/src/HAL_GPIO.o
                              0x62107 (size before relaxing)
 .debug_str     0x00064429      0x137 ./src/src/HAL_USART.o
                              0x580be (size before relaxing)
 .debug_str     0x00064560     0x2716 ./src/src/Queue.o
                               0x68bf (size before relaxing)
 .debug_str     0x00066c76       0x97 ./src/src/app.o
                               0x55d2 (size before relaxing)
 .debug_str     0x00066d0d       0x1e ./src/src/clocks_and_modes.o
                              0x619f8 (size before relaxing)
 .debug_str     0x00066d2b     0x1075 ./src/src/srec.o
                               0x7866 (size before relaxing)

.debug_aranges  0x00000000      0x3d0
 .debug_aranges
                0x00000000       0x20 ./Project_Settings/Startup_Code/startup.o
 .debug_aranges
                0x00000020       0x20 ./Project_Settings/Startup_Code/startup_S32K144.o
 .debug_aranges
                0x00000040       0x30 ./Project_Settings/Startup_Code/system_S32K144.o
 .debug_aranges
                0x00000070       0x40 ./src/main.o
 .debug_aranges
                0x000000b0       0x40 ./src/src/Bootloader.o
 .debug_aranges
                0x000000f0       0x50 ./src/src/Driver_GPIO.o
 .debug_aranges
                0x00000140       0x88 ./src/src/Driver_USART.o
 .debug_aranges
                0x000001c8       0x50 ./src/src/FLASH.o
 .debug_aranges
                0x00000218       0x60 ./src/src/HAL_GPIO.o
 .debug_aranges
                0x00000278       0x78 ./src/src/HAL_USART.o
 .debug_aranges
                0x000002f0       0x48 ./src/src/Queue.o
 .debug_aranges
                0x00000338       0x28 ./src/src/app.o
 .debug_aranges
                0x00000360       0x30 ./src/src/clocks_and_modes.o
 .debug_aranges
                0x00000390       0x40 ./src/src/srec.o

.debug_rnglists
                0x00000000      0x293
 .debug_rnglists
                0x00000000       0x14 ./Project_Settings/Startup_Code/startup.o
 .debug_rnglists
                0x00000014       0x20 ./Project_Settings/Startup_Code/system_S32K144.o
 .debug_rnglists
                0x00000034       0x2c ./src/main.o
 .debug_rnglists
                0x00000060       0x2d ./src/src/Bootloader.o
 .debug_rnglists
                0x0000008d       0x37 ./src/src/Driver_GPIO.o
 .debug_rnglists
                0x000000c4       0x61 ./src/src/Driver_USART.o
 .debug_rnglists
                0x00000125       0x38 ./src/src/FLASH.o
 .debug_rnglists
                0x0000015d       0x43 ./src/src/HAL_GPIO.o
 .debug_rnglists
                0x000001a0       0x5b ./src/src/HAL_USART.o
 .debug_rnglists
                0x000001fb       0x33 ./src/src/Queue.o
 .debug_rnglists
                0x0000022e       0x19 ./src/src/app.o
 .debug_rnglists
                0x00000247       0x20 ./src/src/clocks_and_modes.o
 .debug_rnglists
                0x00000267       0x2c ./src/src/srec.o

.debug_macro    0x00000000    0x2a69d
 .debug_macro   0x00000000       0xb5 ./Project_Settings/Startup_Code/startup.o
 .debug_macro   0x000000b5      0xa90 ./Project_Settings/Startup_Code/startup.o
 .debug_macro   0x00000b45       0x22 ./Project_Settings/Startup_Code/startup.o
 .debug_macro   0x00000b67       0x8e ./Project_Settings/Startup_Code/startup.o
 .debug_macro   0x00000bf5       0x51 ./Project_Settings/Startup_Code/startup.o
 .debug_macro   0x00000c46      0x103 ./Project_Settings/Startup_Code/startup.o
 .debug_macro   0x00000d49       0x6a ./Project_Settings/Startup_Code/startup.o
 .debug_macro   0x00000db3      0x1df ./Project_Settings/Startup_Code/startup.o
 .debug_macro   0x00000f92       0x10 ./Project_Settings/Startup_Code/startup.o
 .debug_macro   0x00000fa2       0x78 ./Project_Settings/Startup_Code/startup.o
 .debug_macro   0x0000101a     0xc365 ./Project_Settings/Startup_Code/startup.o
 .debug_macro   0x0000d37f     0x1707 ./Project_Settings/Startup_Code/startup.o
 .debug_macro   0x0000ea86       0x22 ./Project_Settings/Startup_Code/startup.o
 .debug_macro   0x0000eaa8       0x40 ./Project_Settings/Startup_Code/startup.o
 .debug_macro   0x0000eae8       0xb4 ./Project_Settings/Startup_Code/system_S32K144.o
 .debug_macro   0x0000eb9c       0x16 ./Project_Settings/Startup_Code/system_S32K144.o
 .debug_macro   0x0000ebb2     0xc353 ./Project_Settings/Startup_Code/system_S32K144.o
 .debug_macro   0x0001af05       0x28 ./Project_Settings/Startup_Code/system_S32K144.o
 .debug_macro   0x0001af2d      0x14d ./src/main.o
 .debug_macro   0x0001b07a       0x22 ./src/main.o
 .debug_macro   0x0001b09c      0x174 ./src/main.o
 .debug_macro   0x0001b210       0x34 ./src/main.o
 .debug_macro   0x0001b244       0x1c ./src/main.o
 .debug_macro   0x0001b260      0x1f3 ./src/main.o
 .debug_macro   0x0001b453       0x16 ./src/main.o
 .debug_macro   0x0001b469       0x16 ./src/main.o
 .debug_macro   0x0001b47f       0x28 ./src/main.o
 .debug_macro   0x0001b4a7       0xe9 ./src/src/Bootloader.o
 .debug_macro   0x0001b590     0x171c ./src/src/Bootloader.o
 .debug_macro   0x0001ccac     0xc350 ./src/src/Bootloader.o
 .debug_macro   0x00028ffc       0xea ./src/src/Driver_GPIO.o
 .debug_macro   0x000290e6       0x10 ./src/src/Driver_GPIO.o
 .debug_macro   0x000290f6       0xa7 ./src/src/Driver_USART.o
 .debug_macro   0x0002919d      0x1ed ./src/src/Driver_USART.o
 .debug_macro   0x0002938a       0x87 ./src/src/FLASH.o
 .debug_macro   0x00029411       0x22 ./src/src/FLASH.o
 .debug_macro   0x00029433       0xe0 ./src/src/HAL_GPIO.o
 .debug_macro   0x00029513       0x22 ./src/src/HAL_GPIO.o
 .debug_macro   0x00029535       0xac ./src/src/HAL_USART.o
 .debug_macro   0x000295e1      0x131 ./src/src/Queue.o
 .debug_macro   0x00029712       0x10 ./src/src/Queue.o
 .debug_macro   0x00029722       0x58 ./src/src/Queue.o
 .debug_macro   0x0002977a       0x18 ./src/src/Queue.o
 .debug_macro   0x00029792       0x35 ./src/src/Queue.o
 .debug_macro   0x000297c7       0x34 ./src/src/Queue.o
 .debug_macro   0x000297fb       0x16 ./src/src/Queue.o
 .debug_macro   0x00029811       0x43 ./src/src/Queue.o
 .debug_macro   0x00029854       0x34 ./src/src/Queue.o
 .debug_macro   0x00029888       0x10 ./src/src/Queue.o
 .debug_macro   0x00029898       0x52 ./src/src/Queue.o
 .debug_macro   0x000298ea      0x182 ./src/src/Queue.o
 .debug_macro   0x00029a6c      0x333 ./src/src/Queue.o
 .debug_macro   0x00029d9f       0x10 ./src/src/Queue.o
 .debug_macro   0x00029daf       0x35 ./src/src/Queue.o
 .debug_macro   0x00029de4       0xc4 ./src/src/app.o
 .debug_macro   0x00029ea8       0xb5 ./src/src/clocks_and_modes.o
 .debug_macro   0x00029f5d      0x1c7 ./src/src/srec.o
 .debug_macro   0x0002a124       0x1c ./src/src/srec.o
 .debug_macro   0x0002a140       0x16 ./src/src/srec.o
 .debug_macro   0x0002a156       0x97 ./src/src/srec.o
 .debug_macro   0x0002a1ed       0xfd ./src/src/srec.o
 .debug_macro   0x0002a2ea       0x10 ./src/src/srec.o
 .debug_macro   0x0002a2fa       0x10 ./src/src/srec.o
 .debug_macro   0x0002a30a       0x1c ./src/src/srec.o
 .debug_macro   0x0002a326       0x52 ./src/src/srec.o
 .debug_macro   0x0002a378       0x22 ./src/src/srec.o
 .debug_macro   0x0002a39a       0x10 ./src/src/srec.o
 .debug_macro   0x0002a3aa       0x40 ./src/src/srec.o
 .debug_macro   0x0002a3ea       0xd5 ./src/src/srec.o
 .debug_macro   0x0002a4bf       0x1c ./src/src/srec.o
 .debug_macro   0x0002a4db       0x3d ./src/src/srec.o
 .debug_macro   0x0002a518       0x16 ./src/src/srec.o
 .debug_macro   0x0002a52e      0x16f ./src/src/srec.o

.debug_frame    0x00000000      0xc10
 .debug_frame   0x00000000       0x38 ./Project_Settings/Startup_Code/startup.o
 .debug_frame   0x00000038       0x80 ./Project_Settings/Startup_Code/system_S32K144.o
 .debug_frame   0x000000b8       0xa4 ./src/main.o
 .debug_frame   0x0000015c       0xc4 ./src/src/Bootloader.o
 .debug_frame   0x00000220      0x10c ./src/src/Driver_GPIO.o
 .debug_frame   0x0000032c      0x208 ./src/src/Driver_USART.o
 .debug_frame   0x00000534      0x10c ./src/src/FLASH.o
 .debug_frame   0x00000640      0x15c ./src/src/HAL_GPIO.o
 .debug_frame   0x0000079c      0x1ec ./src/src/HAL_USART.o
 .debug_frame   0x00000988       0xf4 ./src/src/Queue.o
 .debug_frame   0x00000a7c       0x50 ./src/src/app.o
 .debug_frame   0x00000acc       0x70 ./src/src/clocks_and_modes.o
 .debug_frame   0x00000b3c       0xd4 ./src/src/srec.o
